Archive member included to satisfy reference by file (symbol)

touchgfx//lib/core/cortex_m7/gcc\libtouchgfx.a(AbstractPartition.o)
                              build/ST/STM32F746G-DISCO/target/bsp/source/BoardConfiguration.o (touchgfx::AbstractPartition::getAllocationCount() const)
touchgfx//lib/core/cortex_m7/gcc\libtouchgfx.a(Container.o)
                              build/ST/STM32F746G-DISCO/generated/gui_generated/src/screen1_screen/Screen1ViewBase.o (touchgfx::Container::add(touchgfx::Drawable&))
touchgfx//lib/core/cortex_m7/gcc\libtouchgfx.a(ScrollableContainer.o)
                              build/ST/STM32F746G-DISCO/generated/gui_generated/src/screen1_screen/Screen1ViewBase.o (touchgfx::ScrollableContainer::ScrollableContainer())
touchgfx//lib/core/cortex_m7/gcc\libtouchgfx.a(HAL.o)
                              build/ST/STM32F746G-DISCO/target/bsp/source/platform/stm32f7xx/STM32F7HAL.o (touchgfx::HAL::flushFrameBuffer())
touchgfx//lib/core/cortex_m7/gcc\libtouchgfx.a(DMA.o)
                              build/ST/STM32F746G-DISCO/target/bsp/source/platform/stm32f7xx/STM32F7DMA.o (touchgfx::DMA_Interface::seedExecution())
touchgfx//lib/core/cortex_m7/gcc\libtouchgfx.a(ScalableImage.o)
                              build/ST/STM32F746G-DISCO/gui/src/screen1_screen/Screen1View.o (touchgfx::ScalableImage::~ScalableImage())
touchgfx//lib/core/cortex_m7/gcc\libtouchgfx.a(TextArea.o)
                              build/ST/STM32F746G-DISCO/generated/gui_generated/src/screen1_screen/Screen1ViewBase.o (touchgfx::TextArea::setTypedText(touchgfx::TypedText))
touchgfx//lib/core/cortex_m7/gcc\libtouchgfx.a(Box.o)
                              build/ST/STM32F746G-DISCO/generated/gui_generated/src/screen1_screen/Screen1ViewBase.o (vtable for touchgfx::Box)
touchgfx//lib/core/cortex_m7/gcc\libtouchgfx.a(ButtonWithIcon.o)
                              build/ST/STM32F746G-DISCO/generated/gui_generated/src/screen1_screen/Screen1ViewBase.o (touchgfx::ButtonWithIcon::ButtonWithIcon())
touchgfx//lib/core/cortex_m7/gcc\libtouchgfx.a(LCD.o)
                              touchgfx//lib/core/cortex_m7/gcc\libtouchgfx.a(TextArea.o) (touchgfx::LCD::drawString(touchgfx::Rect, touchgfx::Rect const&, touchgfx::LCD::StringVisuals&, unsigned short const*, ...))
touchgfx//lib/core/cortex_m7/gcc\libtouchgfx.a(TouchCalibration.o)
                              touchgfx//lib/core/cortex_m7/gcc\libtouchgfx.a(HAL.o) (touchgfx::TouchCalibration::translatePoint(touchgfx::Point&))
touchgfx//lib/core/cortex_m7/gcc\libtouchgfx.a(DisplayTransformation.o)
                              touchgfx//lib/core/cortex_m7/gcc\libtouchgfx.a(HAL.o) (touchgfx::DisplayTransformation::transformFrameBufferToDisplay(short&, short&))
touchgfx//lib/core/cortex_m7/gcc\libtouchgfx.a(Application.o)
                              build/ST/STM32F746G-DISCO/gui/src/common/FrontendApplication.o (touchgfx::Application::handleClickEvent(touchgfx::ClickEvent const&))
touchgfx//lib/core/cortex_m7/gcc\libtouchgfx.a(TypedText.o)
                              build/ST/STM32F746G-DISCO/generated/texts/src/Texts.o (touchgfx::TypedText::numberOfTypedTexts)
touchgfx//lib/core/cortex_m7/gcc\libtouchgfx.a(Font.o)
                              build/ST/STM32F746G-DISCO/generated/texts/src/Texts.o (touchgfx::Font::getStringWidthLTR(unsigned char, unsigned short const*, std::__va_list) const)
touchgfx//lib/core/cortex_m7/gcc\libtouchgfx.a(Drawable.o)
                              touchgfx//lib/core/cortex_m7/gcc\libtouchgfx.a(Container.o) (touchgfx::Drawable::invalidate() const)
touchgfx//lib/core/cortex_m7/gcc\libtouchgfx.a(Utils.o)
                              touchgfx//lib/core/cortex_m7/gcc\libtouchgfx.a(TouchCalibration.o) (touchgfx::memset(void*, unsigned char, unsigned long))
touchgfx//lib/core/cortex_m7/gcc\libtouchgfx.a(Screen.o)
                              build/ST/STM32F746G-DISCO/gui/src/screen1_screen/Screen1View.o (touchgfx::Screen::handleGestureEvent(touchgfx::GestureEvent const&))
touchgfx//lib/core/cortex_m7/gcc\libtouchgfx.a(EasingEquations.o)
                              touchgfx//lib/core/cortex_m7/gcc\libtouchgfx.a(ScrollableContainer.o) (touchgfx::EasingEquations::cubicEaseOut(unsigned short, short, short, unsigned short))
touchgfx//lib/core/cortex_m7/gcc\libtouchgfx.a(InternalFlashFont.o)
                              build/ST/STM32F746G-DISCO/generated/fonts/src/FontGetters.o (touchgfx::InternalFlashFont::InternalFlashFont(touchgfx::GlyphNode const*, unsigned short, unsigned short, unsigned char, unsigned char, unsigned char, unsigned char, unsigned char const*, touchgfx::KerningNode const*, unsigned short, unsigned short))
touchgfx//lib/core/cortex_m7/gcc\libtouchgfx.a(TextProvider.o)
                              touchgfx//lib/core/cortex_m7/gcc\libtouchgfx.a(Font.o) (touchgfx::TextProvider::getNextChar())
touchgfx//lib/core/cortex_m7/gcc\libtouchgfx.a(TextureMapTypes.o)
[...]
Memory Configuration

Name             Origin             Length             Attributes
CODE             0x08000000         0x00100000         xr
RAM              0x20000000         0x0004c000         rw
QUADSPI          0x90000000         0x01000000         r
*default*        0x00000000         0xffffffff

Linker script and memory map

LOAD build/ST/STM32F746G-DISCO/gui/src/screen1_screen/Screen1Presenter.o
LOAD build/ST/STM32F746G-DISCO/gui/src/screen1_screen/Screen1View.o
LOAD build/ST/STM32F746G-DISCO/gui/src/model/Model.o
LOAD build/ST/STM32F746G-DISCO/gui/src/common/FrontendApplication.o
LOAD build/ST/STM32F746G-DISCO/generated/gui_generated/src/screen1_screen/Screen1ViewBase.o
LOAD build/ST/STM32F746G-DISCO/generated/gui_generated/src/common/FrontendApplicationBase.o
LOAD build/ST/STM32F746G-DISCO/generated/fonts/src/Kerning_verdana_10_4bpp.o
LOAD build/ST/STM32F746G-DISCO/generated/fonts/src/Font_comic_20_4bpp.o
LOAD build/ST/STM32F746G-DISCO/generated/fonts/src/Font_verdana_40_4bpp.o
LOAD build/ST/STM32F746G-DISCO/generated/fonts/src/Kerning_comic_20_4bpp.o
LOAD build/ST/STM32F746G-DISCO/generated/fonts/src/FontGetters.o
LOAD build/ST/STM32F746G-DISCO/generated/fonts/src/Kerning_verdana_40_4bpp.o
LOAD build/ST/STM32F746G-DISCO/generated/fonts/src/Table_verdana_10_4bpp.o
LOAD build/ST/STM32F746G-DISCO/generated/fonts/src/Table_comic_20_4bpp.o
LOAD build/ST/STM32F746G-DISCO/generated/fonts/src/Font_verdana_10_4bpp.o
LOAD build/ST/STM32F746G-DISCO/generated/fonts/src/Table_verdana_40_4bpp.o
LOAD build/ST/STM32F746G-DISCO/generated/fonts/src/ApplicationFontProvider.o
LOAD build/ST/STM32F746G-DISCO/generated/images/src/__designer/blue_buttons_round_edge_icon_button_pressed.o
LOAD build/ST/STM32F746G-DISCO/generated/images/src/__designer/blue_buttons_round_edge_icon_button.o
LOAD build/ST/STM32F746G-DISCO/generated/images/src/BitmapDatabase.o
LOAD build/ST/STM32F746G-DISCO/generated/images/src/cow.o
LOAD build/ST/STM32F746G-DISCO/generated/texts/src/LanguageGb.o
LOAD build/ST/STM32F746G-DISCO/generated/texts/src/TypedTextDatabase.o
LOAD build/ST/STM32F746G-DISCO/generated/texts/src/Texts.o
LOAD build/ST/STM32F746G-DISCO/target/os/FreeRTOS8.2.0/OSWrappers.o
LOAD build/ST/STM32F746G-DISCO/target/gcc/gccstubs.o
LOAD build/ST/STM32F746G-DISCO/target/main.o
LOAD build/ST/STM32F746G-DISCO/target/bsp/source/bsp/STM32F7Instrumentation.o
LOAD build/ST/STM32F746G-DISCO/target/bsp/source/bsp/STM32F746GTouchController.o
LOAD build/ST/STM32F746G-DISCO/target/bsp/source/platform/stm32f7xx/STM32F7DMA.o
LOAD build/ST/STM32F746G-DISCO/target/bsp/source/platform/stm32f7xx/STM32F7HAL.o
LOAD build/ST/STM32F746G-DISCO/target/bsp/source/BoardConfiguration.o
LOAD build/ST/STM32F746G-DISCO/target/bsp/source/GPIO.o
LOAD build/ST/STM32F746G-DISCO/target/os/FreeRTOS8.2.0/Source/croutine.o
LOAD build/ST/STM32F746G-DISCO/target/os/FreeRTOS8.2.0/Source/list.o
LOAD build/ST/STM32F746G-DISCO/target/os/FreeRTOS8.2.0/Source/queue.o
LOAD build/ST/STM32F746G-DISCO/target/os/FreeRTOS8.2.0/Source/tasks.o
LOAD build/ST/STM32F746G-DISCO/target/os/FreeRTOS8.2.0/Source/timers.o
LOAD build/ST/STM32F746G-DISCO/target/os/FreeRTOS8.2.0/Source/portable/MemMang/heap_2.o
LOAD build/ST/STM32F746G-DISCO/target/os/FreeRTOS8.2.0/Source/portable/GCC/ARM_CM7/port.o
LOAD build/ST/STM32F746G-DISCO/target/gcc/isr.o
LOAD build/ST/STM32F746G-DISCO/target/bsp/source/vendor/STM32746G-Discovery/stm32746g_discovery.o
LOAD build/ST/STM32F746G-DISCO/target/bsp/source/vendor/STM32746G-Discovery/stm32746g_discovery_lcd.o
LOAD build/ST/STM32F746G-DISCO/target/bsp/source/vendor/STM32746G-Discovery/stm32746g_discovery_sd.o
LOAD build/ST/STM32F746G-DISCO/target/bsp/source/vendor/STM32746G-Discovery/stm32746g_discovery_sdram.o
LOAD build/ST/STM32F746G-DISCO/target/bsp/source/vendor/STM32746G-Discovery/stm32746g_discovery_ts.o
LOAD build/ST/STM32F746G-DISCO/target/bsp/source/vendor/STM32746G-Discovery/stm32746g_discovery_qspi.o
LOAD build/ST/STM32F746G-DISCO/target/bsp/source/vendor/Components/ft5336/ft5336.o
LOAD build/ST/STM32F746G-DISCO/target/bsp/source/platform/stm32f7xx/STM32F7xx_HAL_Driver/stm32f7xx_hal.o
LOAD build/ST/STM32F746G-DISCO/target/bsp/source/platform/stm32f7xx/STM32F7xx_HAL_Driver/stm32f7xx_hal_cortex.o
LOAD build/ST/STM32F746G-DISCO/target/bsp/source/platform/stm32f7xx/STM32F7xx_HAL_Driver/stm32f7xx_hal_dma.o
LOAD build/ST/STM32F746G-DISCO/target/bsp/source/platform/stm32f7xx/STM32F7xx_HAL_Driver/stm32f7xx_hal_dma2d.o
LOAD build/ST/STM32F746G-DISCO/target/bsp/source/platform/stm32f7xx/STM32F7xx_HAL_Driver/stm32f7xx_hal_dma_ex.o
LOAD build/ST/STM32F746G-DISCO/target/bsp/source/platform/stm32f7xx/STM32F7xx_HAL_Driver/stm32f7xx_hal_gpio.o
LOAD build/ST/STM32F746G-DISCO/target/bsp/source/platform/stm32f7xx/STM32F7xx_HAL_Driver/stm32f7xx_hal_i2c.o
LOAD build/ST/STM32F746G-DISCO/target/bsp/source/platform/stm32f7xx/STM32F7xx_HAL_Driver/stm32f7xx_hal_ltdc.o
LOAD build/ST/STM32F746G-DISCO/target/bsp/source/platform/stm32f7xx/STM32F7xx_HAL_Driver/stm32f7xx_hal_nor.o
LOAD build/ST/STM32F746G-DISCO/target/bsp/source/platform/stm32f7xx/STM32F7xx_HAL_Driver/stm32f7xx_hal_pwr_ex.o
LOAD build/ST/STM32F746G-DISCO/target/bsp/source/platform/stm32f7xx/STM32F7xx_HAL_Driver/stm32f7xx_hal_rcc.o
LOAD build/ST/STM32F746G-DISCO/target/bsp/source/platform/stm32f7xx/STM32F7xx_HAL_Driver/stm32f7xx_hal_rcc_ex.o
LOAD build/ST/STM32F746G-DISCO/target/bsp/source/platform/stm32f7xx/STM32F7xx_HAL_Driver/stm32f7xx_hal_sdram.o
LOAD build/ST/STM32F746G-DISCO/target/bsp/source/platform/stm32f7xx/STM32F7xx_HAL_Driver/stm32f7xx_hal_sd.o
LOAD build/ST/STM32F746G-DISCO/target/bsp/source/platform/stm32f7xx/STM32F7xx_HAL_Driver/stm32f7xx_hal_tim.o
LOAD build/ST/STM32F746G-DISCO/target/bsp/source/platform/stm32f7xx/STM32F7xx_HAL_Driver/stm32f7xx_hal_qspi.o
LOAD build/ST/STM32F746G-DISCO/target/bsp/source/platform/stm32f7xx/STM32F7xx_HAL_Driver/stm32f7xx_ll_fmc.o
LOAD build/ST/STM32F746G-DISCO/target/bsp/source/platform/stm32f7xx/STM32F7xx_HAL_Driver/stm32f7xx_ll_sdmmc.o
LOAD build/ST/STM32F746G-DISCO/target/bsp/source/platform/stm32f7xx/CMSIS/system_stm32f7xx.o
START GROUP
LOAD touchgfx//lib/core/cortex_m7/gcc\libtouchgfx.a
END GROUP
LOAD c:/touchgfx/4.9.3/env/mingw/msys/1.0/gnu-arm-gcc/bin/../lib/gcc/arm-none-eabi/6.3.1/../../../../arm-none-eabi/lib/thumb/v7e-m/fpv5-sp/softfp\libstdc++.a
LOAD c:/touchgfx/4.9.3/env/mingw/msys/1.0/gnu-arm-gcc/bin/../lib/gcc/arm-none-eabi/6.3.1/../../../../arm-none-eabi/lib/thumb/v7e-m/fpv5-sp/softfp\libm.a
START GROUP
LOAD c:/touchgfx/4.9.3/env/mingw/msys/1.0/gnu-arm-gcc/bin/../lib/gcc/arm-none-eabi/6.3.1/thumb/v7e-m/fpv5-sp/softfp\libgcc.a
LOAD c:/touchgfx/4.9.3/env/mingw/msys/1.0/gnu-arm-gcc/bin/../lib/gcc/arm-none-eabi/6.3.1/../../../../arm-none-eabi/lib/thumb/v7e-m/fpv5-sp/softfp\libg.a
LOAD c:/touchgfx/4.9.3/env/mingw/msys/1.0/gnu-arm-gcc/bin/../lib/gcc/arm-none-eabi/6.3.1/../../../../arm-none-eabi/lib/thumb/v7e-m/fpv5-sp/softfp\libc.a
END GROUP
                0x00000400                _STACKSIZE = 0x400
                0x00000200                _HEAPSIZE = 0x200

.text           0x08000000     0xedd4
 CREATE_OBJECT_SYMBOLS
 *(.isr_vectors)
 .isr_vectors   0x08000000      0x1ac build/ST/STM32F746G-DISCO/target/gcc/isr.o
                0x08000000                g_pfnVectors
 *(.text .text.*)
 .text._ZN16Screen1PresenterD2Ev
                0x080001ac        0x8 build/ST/STM32F746G-DISCO/gui/src/screen1_screen/Screen1Presenter.o
                0x080001ac                Screen1Presenter::~Screen1Presenter()
                0x080001ac                Screen1Presenter::~Screen1Presenter()
                0x080001ae                non-virtual thunk to Screen1Presenter::~Screen1Presenter()
 .text._ZN16Screen1Presenter10deactivateEv
                0x080001b4        0x2 build/ST/STM32F746G-DISCO/gui/src/screen1_screen/Screen1Presenter.o
                0x080001b4                Screen1Presenter::deactivate()
                0x080001b4                Screen1Presenter::activate()
 .text._ZN16Screen1PresenterD0Ev
                0x080001b6       0x14 build/ST/STM32F746G-DISCO/gui/src/screen1_screen/Screen1Presenter.o
                0x080001b6                Screen1Presenter::~Screen1Presenter()
                0x080001c4                non-virtual thunk to Screen1Presenter::~Screen1Presenter()
 *fill*         0x080001ca        0x2 00000000
 .text._ZN16Screen1PresenterC2ER11Screen1View
                0x080001cc       0x1c build/ST/STM32F746G-DISCO/gui/src/screen1_screen/Screen1Presenter.o
                0x080001cc                Screen1Presenter::Screen1Presenter(Screen1View&)
                0x080001cc                Screen1Presenter::Screen1Presenter(Screen1View&)
 .text._ZN8touchgfx6Screen11setupScreenEv
                0x080001e8        0x2 build/ST/STM32F746G-DISCO/gui/src/screen1_screen/Screen1View.o
                0x080001e8                touchgfx::Screen::setupScreen()
 .text._ZN8touchgfx6Screen15afterTransitionEv
                0x080001ea        0x2 build/ST/STM32F746G-DISCO/gui/src/screen1_screen/Screen1View.o
                0x080001ea                touchgfx::Screen::afterTransition()
 .text._ZN8touchgfx6Screen14tearDownScreenEv
                0x080001ec        0x2 build/ST/STM32F746G-DISCO/gui/src/screen1_screen/Screen1View.o
                0x080001ec                touchgfx::Screen::tearDownScreen()
 .text._ZN8touchgfx6Screen15handleTickEventEv
                0x080001ee        0x2 build/ST/STM32F746G-DISCO/gui/src/screen1_screen/Screen1View.o
                0x080001ee                touchgfx::Screen::handleTickEvent()
 .text._ZN8touchgfx6Screen14handleKeyEventEh
                0x080001f0        0x2 build/ST/STM32F746G-DISCO/gui/src/screen1_screen/Screen1View.o
                0x080001f0                touchgfx::Screen::handleKeyEvent(unsigned char)
 .text._ZN11Screen1View14tearDownScreenEv
                0x080001f2        0x2 build/ST/STM32F746G-DISCO/gui/src/screen1_screen/Screen1View.o
                0x080001f2                Screen1View::setupScreen()
                0x080001f2                Screen1View::tearDownScreen()
 .text._ZN11Screen1ViewC2Ev
                0x080001f4       0x14 build/ST/STM32F746G-DISCO/gui/src/screen1_screen/Screen1View.o
                0x080001f4                Screen1View::Screen1View()
                0x080001f4                Screen1View::Screen1View()
 .text._ZN15Screen1ViewBaseD2Ev
                0x08000208       0x18 build/ST/STM32F746G-DISCO/gui/src/screen1_screen/Screen1View.o
                0x08000208                Screen1ViewBase::~Screen1ViewBase()
                0x08000208                Screen1ViewBase::~Screen1ViewBase()
 .text._ZN15Screen1ViewBaseD0Ev
                0x08000220       0x16 build/ST/STM32F746G-DISCO/gui/src/screen1_screen/Screen1View.o
                0x08000220                Screen1ViewBase::~Screen1ViewBase()
 *fill*         0x08000236        0x2 00000000
 .text._ZN11Screen1ViewD2Ev
                0x08000238       0x14 build/ST/STM32F746G-DISCO/gui/src/screen1_screen/Screen1View.o
                0x08000238                Screen1View::~Screen1View()
                0x08000238                Screen1View::~Screen1View()
 .text._ZN11Screen1ViewD0Ev
                0x0800024c       0x16 build/ST/STM32F746G-DISCO/gui/src/screen1_screen/Screen1View.o
                0x0800024c                Screen1View::~Screen1View()
 .text._ZN5ModelC2Ev
                0x08000262        0x6 build/ST/STM32F746G-DISCO/gui/src/model/Model.o
                0x08000262                Model::Model()
                0x08000262                Model::Model()
 .text._ZN5Model4tickEv
                0x08000268        0x2 build/ST/STM32F746G-DISCO/gui/src/model/Model.o
                0x08000268                Model::tick()
 .text._ZN8touchgfx11Application15appSwitchScreenEh
                0x0800026a        0x2 build/ST/STM32F746G-DISCO/gui/src/common/FrontendApplication.o
                0x0800026a                touchgfx::Application::appSwitchScreen(unsigned char)
 .text._ZN19FrontendApplicationD2Ev
                0x0800026c        0x2 build/ST/STM32F746G-DISCO/gui/src/common/FrontendApplication.o
                0x0800026c                FrontendApplication::~FrontendApplication()
                0x0800026c                FrontendApplication::~FrontendApplication()
 .text._ZN19FrontendApplicationD0Ev
                0x0800026e       0x10 build/ST/STM32F746G-DISCO/gui/src/common/FrontendApplication.o
                0x0800026e                FrontendApplication::~FrontendApplication()
 .text._ZN19FrontendApplication15handleTickEventEv
                0x0800027e       0x16 build/ST/STM32F746G-DISCO/gui/src/common/FrontendApplication.o
                0x0800027e                FrontendApplication::handleTickEvent()
 .text._ZN8touchgfx14MVPApplication29handlePendingScreenTransitionEv
                0x08000294       0x24 build/ST/STM32F746G-DISCO/gui/src/common/FrontendApplication.o
                0x08000294                touchgfx::MVPApplication::handlePendingScreenTransition()
 .text._ZN19FrontendApplicationC2ER5ModelR12FrontendHeap
                0x080002b8       0x14 build/ST/STM32F746G-DISCO/gui/src/common/FrontendApplication.o
                0x080002b8                FrontendApplication::FrontendApplication(Model&, FrontendHeap&)
                0x080002b8                FrontendApplication::FrontendApplication(Model&, FrontendHeap&)
 .text._ZN8touchgfx8Drawable11setPositionEssss
                0x080002cc       0x28 build/ST/STM32F746G-DISCO/generated/gui_generated/src/screen1_screen/Screen1ViewBase.o
                0x080002cc                touchgfx::Drawable::setPosition(short, short, short, short)
 .text._ZN8touchgfx8Drawable4setXEs
                0x080002f4        0x4 build/ST/STM32F746G-DISCO/generated/gui_generated/src/screen1_screen/Screen1ViewBase.o
                0x080002f4                touchgfx::Drawable::setX(short)
 .text._ZN8touchgfx8Drawable4setYEs
                0x080002f8        0x4 build/ST/STM32F746G-DISCO/generated/gui_generated/src/screen1_screen/Screen1ViewBase.o
                0x080002f8                touchgfx::Drawable::setY(short)
 .text._ZN8touchgfx8Drawable5setXYEss
                0x080002fc       0x1a build/ST/STM32F746G-DISCO/generated/gui_generated/src/screen1_screen/Screen1ViewBase.o
                0x080002fc                touchgfx::Drawable::setXY(short, short)
 .text._ZN8touchgfx8Drawable8setWidthEs
                0x08000316        0x4 build/ST/STM32F746G-DISCO/generated/gui_generated/src/screen1_screen/Screen1ViewBase.o
                0x08000316                touchgfx::Drawable::setWidth(short)
 .text._ZN8touchgfx8Drawable9setHeightEs
                0x0800031a        0x4 build/ST/STM32F746G-DISCO/generated/gui_generated/src/screen1_screen/Screen1ViewBase.o
                0x0800031a                touchgfx::Drawable::setHeight(short)
 .text._ZN8touchgfx8Drawable20childGeometryChangedEv
                0x0800031e        0x2 build/ST/STM32F746G-DISCO/generated/gui_generated/src/screen1_screen/Screen1ViewBase.o
                0x0800031e                touchgfx::Drawable::childGeometryChanged()
 .text._ZN8touchgfx8Drawable16handleClickEventERKNS_10ClickEventE
                0x08000320        0x2 build/ST/STM32F746G-DISCO/generated/gui_generated/src/screen1_screen/Screen1ViewBase.o
                0x08000320                touchgfx::Drawable::handleClickEvent(touchgfx::ClickEvent const&)
 .text._ZN8touchgfx8Drawable18handleGestureEventERKNS_12GestureEventE
                0x08000322        0x2 build/ST/STM32F746G-DISCO/generated/gui_generated/src/screen1_screen/Screen1ViewBase.o
                0x08000322                touchgfx::Drawable::handleGestureEvent(touchgfx::GestureEvent const&)
 .text._ZN8touchgfx8Drawable15handleDragEventERKNS_9DragEventE
                0x08000324        0x2 build/ST/STM32F746G-DISCO/generated/gui_generated/src/screen1_screen/Screen1ViewBase.o
                0x08000324                touchgfx::Drawable::handleDragEvent(touchgfx::DragEvent const&)
 .text._ZN8touchgfx8Drawable15handleTickEventEv
                0x08000326        0x2 build/ST/STM32F746G-DISCO/generated/gui_generated/src/screen1_screen/Screen1ViewBase.o
                0x08000326                touchgfx::Drawable::handleTickEvent()
 .text._ZN8touchgfx8Drawable6moveToEss
                0x08000328       0x18 build/ST/STM32F746G-DISCO/generated/gui_generated/src/screen1_screen/Screen1ViewBase.o
                0x08000328                touchgfx::Drawable::moveTo(short, short)
 .text._ZN8touchgfx8Drawable14setupDrawChainERKNS_4RectEPPS0_
                0x08000340       0x12 build/ST/STM32F746G-DISCO/generated/gui_generated/src/screen1_screen/Screen1ViewBase.o
                0x08000340                touchgfx::Drawable::setupDrawChain(touchgfx::Rect const&, touchgfx::Drawable**)
 .text._ZN8touchgfx6Widget12getLastChildEssPPNS_8DrawableE
                0x08000352       0x10 build/ST/STM32F746G-DISCO/generated/gui_generated/src/screen1_screen/Screen1ViewBase.o
                0x08000352                touchgfx::Widget::getLastChild(short, short, touchgfx::Drawable**)
 .text._ZNK8touchgfx6Widget7getTypeEv
                0x08000362        0x4 build/ST/STM32F746G-DISCO/generated/gui_generated/src/screen1_screen/Screen1ViewBase.o
                0x08000362                touchgfx::Widget::getType() const
 *fill*         0x08000366        0x2 00000000
 .text._ZN8touchgfx8DrawableC2Ev
                0x08000368       0x2c build/ST/STM32F746G-DISCO/generated/gui_generated/src/screen1_screen/Screen1ViewBase.o
                0x08000368                touchgfx::Drawable::Drawable()
                0x08000368                touchgfx::Drawable::Drawable()
 .text._ZN8touchgfx3BoxC2Ev
                0x08000394       0x24 build/ST/STM32F746G-DISCO/generated/gui_generated/src/screen1_screen/Screen1ViewBase.o
                0x08000394                touchgfx::Box::Box()
                0x08000394                touchgfx::Box::Box()
 .text._ZN15Screen1ViewBaseC2Ev
                0x080003b8      0x30c build/ST/STM32F746G-DISCO/generated/gui_generated/src/screen1_screen/Screen1ViewBase.o
                0x080003b8                Screen1ViewBase::Screen1ViewBase()
                0x080003b8                Screen1ViewBase::Screen1ViewBase()
 .text._ZN8touchgfx10Transition8tearDownEv
                0x080006c4        0x2 build/ST/STM32F746G-DISCO/generated/gui_generated/src/common/FrontendApplicationBase.o
                0x080006c4                touchgfx::Transition::tearDown()
 .text._ZN8touchgfx10Transition4initEv
                0x080006c6        0x2 build/ST/STM32F746G-DISCO/generated/gui_generated/src/common/FrontendApplicationBase.o
                0x080006c6                touchgfx::Transition::init()
 .text._ZN8touchgfx10Transition18setScreenContainerERNS_9ContainerE
                0x080006c8        0x4 build/ST/STM32F746G-DISCO/generated/gui_generated/src/common/FrontendApplicationBase.o
                0x080006c8                touchgfx::Transition::setScreenContainer(touchgfx::Container&)
 .text._ZN23FrontendApplicationBaseD2Ev
                0x080006cc        0x2 build/ST/STM32F746G-DISCO/generated/gui_generated/src/common/FrontendApplicationBase.o
                0x080006cc                FrontendApplicationBase::~FrontendApplicationBase()
                0x080006cc                FrontendApplicationBase::~FrontendApplicationBase()
 .text._ZN8touchgfx12NoTransitionD2Ev
                0x080006ce        0x2 build/ST/STM32F746G-DISCO/generated/gui_generated/src/common/FrontendApplicationBase.o
                0x080006ce                touchgfx::NoTransition::~NoTransition()
                0x080006ce                touchgfx::NoTransition::~NoTransition()
 .text._ZN8touchgfx12NoTransition15handleTickEventEv
                0x080006d0        0x6 build/ST/STM32F746G-DISCO/generated/gui_generated/src/common/FrontendApplicationBase.o
                0x080006d0                touchgfx::NoTransition::handleTickEvent()
 .text._ZN8touchgfx8CallbackI23FrontendApplicationBasevvED2Ev
                0x080006d6        0x2 build/ST/STM32F746G-DISCO/generated/gui_generated/src/common/FrontendApplicationBase.o
                0x080006d6                touchgfx::Callback<FrontendApplicationBase, void, void>::~Callback()
                0x080006d6                touchgfx::Callback<FrontendApplicationBase, void, void>::~Callback()
 .text._ZN8touchgfx8CallbackI23FrontendApplicationBasevvE7executeEv
                0x080006d8       0x1a build/ST/STM32F746G-DISCO/generated/gui_generated/src/common/FrontendApplicationBase.o
                0x080006d8                touchgfx::Callback<FrontendApplicationBase, void, void>::execute()
 .text._ZNK8touchgfx8CallbackI23FrontendApplicationBasevvE7isValidEv
                0x080006f2       0x18 build/ST/STM32F746G-DISCO/generated/gui_generated/src/common/FrontendApplicationBase.o
                0x080006f2                touchgfx::Callback<FrontendApplicationBase, void, void>::isValid() const
 .text._ZN8touchgfx12NoTransitionD0Ev
                0x0800070a        0xe build/ST/STM32F746G-DISCO/generated/gui_generated/src/common/FrontendApplicationBase.o
                0x0800070a                touchgfx::NoTransition::~NoTransition()
 .text._ZN23FrontendApplicationBaseD0Ev
                0x08000718       0x10 build/ST/STM32F746G-DISCO/generated/gui_generated/src/common/FrontendApplicationBase.o
                0x08000718                FrontendApplicationBase::~FrontendApplicationBase()
 .text._ZN8touchgfx8CallbackI23FrontendApplicationBasevvED0Ev
                0x08000728        0xe build/ST/STM32F746G-DISCO/generated/gui_generated/src/common/FrontendApplicationBase.o
                0x08000728                touchgfx::Callback<FrontendApplicationBase, void, void>::~Callback()
 *fill*         0x08000736        0x2 00000000
 .text._ZN23FrontendApplicationBaseC2ER5ModelR12FrontendHeap
                0x08000738       0x4c build/ST/STM32F746G-DISCO/generated/gui_generated/src/common/FrontendApplicationBase.o
                0x08000738                FrontendApplicationBase::FrontendApplicationBase(Model&, FrontendHeap&)
                0x08000738                FrontendApplicationBase::FrontendApplicationBase(Model&, FrontendHeap&)
 .text._ZN23FrontendApplicationBase29gotoScreen1ScreenNoTransitionEv
                0x08000784       0x20 build/ST/STM32F746G-DISCO/generated/gui_generated/src/common/FrontendApplicationBase.o
                0x08000784                FrontendApplicationBase::gotoScreen1ScreenNoTransition()
 .text._ZN8touchgfx14makeTransitionI11Screen1View16Screen1PresenterNS_12NoTransitionE5ModelEEPT0_PPNS_6ScreenEPPNS_9PresenterERNS_7MVPHeapEPPNS_10TransitionEPT2_
                0x080007a4      0x140 build/ST/STM32F746G-DISCO/generated/gui_generated/src/common/FrontendApplicationBase.o
                0x080007a4                Screen1Presenter* touchgfx::makeTransition<Screen1View, Screen1Presenter, touchgfx::NoTransition, Model>(touchgfx::Screen**, touchgfx::Presenter**, touchgfx::MVPHeap&, touchgfx::Transition**, Model*)
 .text._ZN23FrontendApplicationBase33gotoScreen1ScreenNoTransitionImplEv
                0x080008e4       0x28 build/ST/STM32F746G-DISCO/generated/gui_generated/src/common/FrontendApplicationBase.o
                0x080008e4                FrontendApplicationBase::gotoScreen1ScreenNoTransitionImpl()
 .text._ZN8touchgfx17InternalFlashFontD2Ev
                0x0800090c        0x2 build/ST/STM32F746G-DISCO/generated/fonts/src/FontGetters.o
                0x0800090c                touchgfx::InternalFlashFont::~InternalFlashFont()
                0x0800090c                touchgfx::InternalFlashFont::~InternalFlashFont()
 *fill*         0x0800090e        0x2 00000000
 .text._Z21getFont_comic_20_4bppv
                0x08000910       0x74 build/ST/STM32F746G-DISCO/generated/fonts/src/FontGetters.o
                0x08000910                getFont_comic_20_4bpp()
 .text._Z23getFont_verdana_10_4bppv
                0x08000984       0x70 build/ST/STM32F746G-DISCO/generated/fonts/src/FontGetters.o
                0x08000984                getFont_verdana_10_4bpp()
 .text._Z23getFont_verdana_40_4bppv
                0x080009f4       0x70 build/ST/STM32F746G-DISCO/generated/fonts/src/FontGetters.o
                0x080009f4                getFont_verdana_40_4bpp()
 .text._ZN8touchgfx17InternalFlashFontD0Ev
                0x08000a64        0xe build/ST/STM32F746G-DISCO/generated/fonts/src/FontGetters.o
                0x08000a64                touchgfx::InternalFlashFont::~InternalFlashFont()
 .text._ZN23ApplicationFontProviderD2Ev
                0x08000a72        0x2 build/ST/STM32F746G-DISCO/generated/fonts/src/ApplicationFontProvider.o
                0x08000a72                ApplicationFontProvider::~ApplicationFontProvider()
                0x08000a72                ApplicationFontProvider::~ApplicationFontProvider()
 .text._ZN23ApplicationFontProvider7getFontEt
                0x08000a74       0x1a build/ST/STM32F746G-DISCO/generated/fonts/src/ApplicationFontProvider.o
                0x08000a74                ApplicationFontProvider::getFont(unsigned short)
 .text._ZN23ApplicationFontProviderD0Ev
                0x08000a8e        0xe build/ST/STM32F746G-DISCO/generated/fonts/src/ApplicationFontProvider.o
                0x08000a8e                ApplicationFontProvider::~ApplicationFontProvider()
 .text._ZN14BitmapDatabase11getInstanceEv
                0x08000a9c        0x8 build/ST/STM32F746G-DISCO/generated/images/src/BitmapDatabase.o
                0x08000a9c                BitmapDatabase::getInstance()
 .text._ZN14BitmapDatabase15getInstanceSizeEv
                0x08000aa4        0x4 build/ST/STM32F746G-DISCO/generated/images/src/BitmapDatabase.o
                0x08000aa4                BitmapDatabase::getInstanceSize()
 .text._ZN17TypedTextDatabase11getInstanceEt
                0x08000aa8        0x8 build/ST/STM32F746G-DISCO/generated/texts/src/TypedTextDatabase.o
                0x08000aa8                TypedTextDatabase::getInstance(unsigned short)
 .text._ZN17TypedTextDatabase15getInstanceSizeEv
                0x08000ab0        0x4 build/ST/STM32F746G-DISCO/generated/texts/src/TypedTextDatabase.o
                0x08000ab0                TypedTextDatabase::getInstanceSize()
 .text._ZN17TypedTextDatabase8getFontsEv
                0x08000ab4        0x8 build/ST/STM32F746G-DISCO/generated/texts/src/TypedTextDatabase.o
                0x08000ab4                TypedTextDatabase::getFonts()
 .text.startup._GLOBAL__sub_I__ZN17TypedTextDatabase11getInstanceEt
                0x08000abc       0x1c build/ST/STM32F746G-DISCO/generated/texts/src/TypedTextDatabase.o
 .text._ZN8touchgfx5Texts11setLanguageEt
                0x08000ad8       0x44 build/ST/STM32F746G-DISCO/generated/texts/src/Texts.o
                0x08000ad8                touchgfx::Texts::setLanguage(unsigned short)
 .text.startup._GLOBAL__sub_I__ZN8touchgfx4Font22getStringWidthFunctionE
                0x08000b1c       0x10 build/ST/STM32F746G-DISCO/generated/texts/src/Texts.o
 .text._ZL12IdleTaskHookPv
                0x08000b2c       0x18 build/ST/STM32F746G-DISCO/target/os/FreeRTOS8.2.0/OSWrappers.o
 .text._ZN8touchgfx10OSWrappers10initializeEv
                0x08000b44       0x34 build/ST/STM32F746G-DISCO/target/os/FreeRTOS8.2.0/OSWrappers.o
                0x08000b44                touchgfx::OSWrappers::initialize()
 .text._ZN8touchgfx10OSWrappers24takeFrameBufferSemaphoreEv
                0x08000b78       0x14 build/ST/STM32F746G-DISCO/target/os/FreeRTOS8.2.0/OSWrappers.o
                0x08000b78                touchgfx::OSWrappers::takeFrameBufferSemaphore()
 .text._ZN8touchgfx10OSWrappers24giveFrameBufferSemaphoreEv
                0x08000b8c       0x14 build/ST/STM32F746G-DISCO/target/os/FreeRTOS8.2.0/OSWrappers.o
                0x08000b8c                touchgfx::OSWrappers::giveFrameBufferSemaphore()
 .text._ZN8touchgfx10OSWrappers27tryTakeFrameBufferSemaphoreEv
                0x08000ba0       0x14 build/ST/STM32F746G-DISCO/target/os/FreeRTOS8.2.0/OSWrappers.o
                0x08000ba0                touchgfx::OSWrappers::tryTakeFrameBufferSemaphore()
 .text._ZN8touchgfx10OSWrappers31giveFrameBufferSemaphoreFromISREv
                0x08000bb4       0x34 build/ST/STM32F746G-DISCO/target/os/FreeRTOS8.2.0/OSWrappers.o
                0x08000bb4                touchgfx::OSWrappers::giveFrameBufferSemaphoreFromISR()
 .text._ZN8touchgfx10OSWrappers11signalVSyncEv
                0x08000be8       0x3c build/ST/STM32F746G-DISCO/target/os/FreeRTOS8.2.0/OSWrappers.o
                0x08000be8                touchgfx::OSWrappers::signalVSync()
 .text._ZN8touchgfx10OSWrappers12waitForVSyncEv
                0x08000c24       0x2c build/ST/STM32F746G-DISCO/target/os/FreeRTOS8.2.0/OSWrappers.o
                0x08000c24                touchgfx::OSWrappers::waitForVSync()
 .text.vApplicationStackOverflowHook
                0x08000c50        0x2 build/ST/STM32F746G-DISCO/target/os/FreeRTOS8.2.0/OSWrappers.o
                0x08000c50                vApplicationStackOverflowHook
 .text.vApplicationMallocFailedHook
                0x08000c52        0x2 build/ST/STM32F746G-DISCO/target/os/FreeRTOS8.2.0/OSWrappers.o
                0x08000c52                vApplicationMallocFailedHook
 .text.vApplicationIdleHook
                0x08000c54        0xc build/ST/STM32F746G-DISCO/target/os/FreeRTOS8.2.0/OSWrappers.o
                0x08000c54                vApplicationIdleHook
 .text.__cxa_atexit
                0x08000c60        0x2 build/ST/STM32F746G-DISCO/target/gcc/gccstubs.o
                0x08000c60                __cxa_atexit
 .text.__cxa_guard_acquire
                0x08000c62        0x2 build/ST/STM32F746G-DISCO/target/gcc/gccstubs.o
                0x08000c62                __cxa_guard_acquire
 .text.__cxa_guard_release
                0x08000c64        0x2 build/ST/STM32F746G-DISCO/target/gcc/gccstubs.o
                0x08000c64                __cxa_guard_release
 .text.__cxa_pure_virtual
                0x08000c66        0x2 build/ST/STM32F746G-DISCO/target/gcc/gccstubs.o
                0x08000c66                __cxa_pure_virtual
 .text._sbrk    0x08000c68       0x2c build/ST/STM32F746G-DISCO/target/gcc/gccstubs.o
                0x08000c68                _sbrk
 .text.__assert_func
                0x08000c94        0x2 build/ST/STM32F746G-DISCO/target/gcc/gccstubs.o
                0x08000c94                __assert_func
 *fill*         0x08000c96        0x2 00000000
 .text._ZL7GUITaskPv
                0x08000c98       0x10 build/ST/STM32F746G-DISCO/target/main.o
 .text.startup.main
                0x08000ca8       0x30 build/ST/STM32F746G-DISCO/target/main.o
                0x08000ca8                main
 .text._ZN8touchgfx18MCUInstrumentation13getCCConsumedEv
                0x08000cd8        0x4 build/ST/STM32F746G-DISCO/target/bsp/source/bsp/STM32F7Instrumentation.o
                0x08000cd8                touchgfx::MCUInstrumentation::getCCConsumed()
 .text._ZN8touchgfx18MCUInstrumentation13setCCConsumedEm
                0x08000cdc        0x4 build/ST/STM32F746G-DISCO/target/bsp/source/bsp/STM32F7Instrumentation.o
                0x08000cdc                touchgfx::MCUInstrumentation::setCCConsumed(unsigned long)
 .text._ZN8touchgfx22STM32F7Instrumentation12getElapsedUSEjjj
                0x08000ce0        0xc build/ST/STM32F746G-DISCO/target/bsp/source/bsp/STM32F7Instrumentation.o
                0x08000ce0                touchgfx::STM32F7Instrumentation::getElapsedUS(unsigned int, unsigned int, unsigned int)
 .text._ZN8touchgfx22STM32F7Instrumentation12getCPUCyclesEv
                0x08000cec       0x10 build/ST/STM32F746G-DISCO/target/bsp/source/bsp/STM32F7Instrumentation.o
                0x08000cec                touchgfx::STM32F7Instrumentation::getCPUCycles()
 .text._ZN8touchgfx22STM32F7InstrumentationD2Ev
                0x08000cfc        0x2 build/ST/STM32F746G-DISCO/target/bsp/source/bsp/STM32F7Instrumentation.o
                0x08000cfc                touchgfx::STM32F7Instrumentation::~STM32F7Instrumentation()
                0x08000cfc                touchgfx::STM32F7Instrumentation::~STM32F7Instrumentation()
 *fill*         0x08000cfe        0x2 00000000
 .text._ZN8touchgfx22STM32F7Instrumentation4initEv
                0x08000d00       0x48 build/ST/STM32F746G-DISCO/target/bsp/source/bsp/STM32F7Instrumentation.o
                0x08000d00                touchgfx::STM32F7Instrumentation::init()
 .text._ZN8touchgfx22STM32F7InstrumentationD0Ev
                0x08000d48        0xe build/ST/STM32F746G-DISCO/target/bsp/source/bsp/STM32F7Instrumentation.o
                0x08000d48                touchgfx::STM32F7Instrumentation::~STM32F7Instrumentation()
 .text._ZN8touchgfx22STM32F7Instrumentation12setMCUActiveEb
                0x08000d56       0x1e build/ST/STM32F746G-DISCO/target/bsp/source/bsp/STM32F7Instrumentation.o
                0x08000d56                touchgfx::STM32F7Instrumentation::setMCUActive(bool)
 .text._ZN8touchgfx25STM32F746GTouchControllerD2Ev
                0x08000d74        0x2 build/ST/STM32F746G-DISCO/target/bsp/source/bsp/STM32F746GTouchController.o
                0x08000d74                touchgfx::STM32F746GTouchController::~STM32F746GTouchController()
                0x08000d74                touchgfx::STM32F746GTouchController::~STM32F746GTouchController()
 .text._ZN8touchgfx25STM32F746GTouchController4initEv
                0x08000d76       0x1e build/ST/STM32F746G-DISCO/target/bsp/source/bsp/STM32F746GTouchController.o
                0x08000d76                touchgfx::STM32F746GTouchController::init()
 .text._ZN8touchgfx25STM32F746GTouchControllerD0Ev
                0x08000d94        0xe build/ST/STM32F746G-DISCO/target/bsp/source/bsp/STM32F746GTouchController.o
                0x08000d94                touchgfx::STM32F746GTouchController::~STM32F746GTouchController()
 .text._ZN8touchgfx25STM32F746GTouchController11sampleTouchERlS1_
                0x08000da2       0x2e build/ST/STM32F746G-DISCO/target/bsp/source/bsp/STM32F746GTouchController.o
                0x08000da2                touchgfx::STM32F746GTouchController::sampleTouch(long&, long&)
 .text._ZN8touchgfx13DMA_Interface5flushEv
                0x08000dd0        0x6 build/ST/STM32F746G-DISCO/target/bsp/source/platform/stm32f7xx/STM32F7DMA.o
                0x08000dd0                touchgfx::DMA_Interface::flush()
 .text._ZN10STM32F7DMA18signalDMAInterruptEv
                0x08000dd6        0x6 build/ST/STM32F746G-DISCO/target/bsp/source/platform/stm32f7xx/STM32F7DMA.o
                0x08000dd6                STM32F7DMA::signalDMAInterrupt()
 .text.SCB_CleanInvalidateDCache
                0x08000ddc       0x54 build/ST/STM32F746G-DISCO/target/bsp/source/platform/stm32f7xx/STM32F7DMA.o
 .text._ZN10STM32F7DMAD2Ev
                0x08000e30        0x2 build/ST/STM32F746G-DISCO/target/bsp/source/platform/stm32f7xx/STM32F7DMA.o
                0x08000e30                STM32F7DMA::~STM32F7DMA()
                0x08000e30                STM32F7DMA::~STM32F7DMA()
 *fill*         0x08000e32        0x2 00000000
 .text._ZN10STM32F7DMA10initializeEv
                0x08000e34       0x18 build/ST/STM32F746G-DISCO/target/bsp/source/platform/stm32f7xx/STM32F7DMA.o
                0x08000e34                STM32F7DMA::initialize()
 .text._ZN10STM32F7DMA11getBlitCapsEv
                0x08000e4c       0x14 build/ST/STM32F746G-DISCO/target/bsp/source/platform/stm32f7xx/STM32F7DMA.o
                0x08000e4c                STM32F7DMA::getBlitCaps()
 .text._ZN10STM32F7DMAD0Ev
                0x08000e60       0x10 build/ST/STM32F746G-DISCO/target/bsp/source/platform/stm32f7xx/STM32F7DMA.o
                0x08000e60                STM32F7DMA::~STM32F7DMA()
 .text._ZN10STM32F7DMA13setupDataCopyERKN8touchgfx6BlitOpE
                0x08000e70      0x1b8 build/ST/STM32F746G-DISCO/target/bsp/source/platform/stm32f7xx/STM32F7DMA.o
                0x08000e70                STM32F7DMA::setupDataCopy(touchgfx::BlitOp const&)
 .text._ZN10STM32F7DMA13setupDataFillERKN8touchgfx6BlitOpE
                0x08001028      0x100 build/ST/STM32F746G-DISCO/target/bsp/source/platform/stm32f7xx/STM32F7DMA.o
                0x08001028                STM32F7DMA::setupDataFill(touchgfx::BlitOp const&)
 .text._ZN10STM32F7DMA18setupFillWithAlphaERKN8touchgfx6BlitOpE
                0x08001128      0x120 build/ST/STM32F746G-DISCO/target/bsp/source/platform/stm32f7xx/STM32F7DMA.o
                0x08001128                STM32F7DMA::setupFillWithAlpha(touchgfx::BlitOp const&)
 .text._ZN10STM32F7DMAC2Ev
                0x08001248       0x4c build/ST/STM32F746G-DISCO/target/bsp/source/platform/stm32f7xx/STM32F7DMA.o
                0x08001248                STM32F7DMA::STM32F7DMA()
                0x08001248                STM32F7DMA::STM32F7DMA()
 .text._ZN8touchgfx3HAL21setDisplayOrientationENS_18DisplayOrientationE
                0x08001294        0xc build/ST/STM32F746G-DISCO/target/bsp/source/platform/stm32f7xx/STM32F7HAL.o
                0x08001294                touchgfx::HAL::setDisplayOrientation(touchgfx::DisplayOrientation)
 .text._ZN8touchgfx3HAL11getBlitCapsEv
                0x080012a0        0x8 build/ST/STM32F746G-DISCO/target/bsp/source/platform/stm32f7xx/STM32F7HAL.o
                0x080012a0                touchgfx::HAL::getBlitCaps()
 .text._ZN8touchgfx3HAL9sampleKeyERh
                0x080012a8        0x4 build/ST/STM32F746G-DISCO/target/bsp/source/platform/stm32f7xx/STM32F7HAL.o
                0x080012a8                touchgfx::HAL::sampleKey(unsigned char&)
 .text._ZN8touchgfx3HAL9taskDelayEt
                0x080012ac        0xa build/ST/STM32F746G-DISCO/target/bsp/source/platform/stm32f7xx/STM32F7HAL.o
                0x080012ac                touchgfx::HAL::taskDelay(unsigned short)
 *fill*         0x080012b6        0x2 00000000
 .text.SCB_CleanInvalidateDCache
                0x080012b8       0x54 build/ST/STM32F746G-DISCO/target/bsp/source/platform/stm32f7xx/STM32F7HAL.o
 .text._ZNK10STM32F7HAL17getTFTFrameBufferEv
                0x0800130c        0xc build/ST/STM32F746G-DISCO/target/bsp/source/platform/stm32f7xx/STM32F7HAL.o
                0x0800130c                STM32F7HAL::getTFTFrameBuffer() const
 .text._ZN10STM32F7HAL17setTFTFrameBufferEPt
                0x08001318       0x10 build/ST/STM32F746G-DISCO/target/bsp/source/platform/stm32f7xx/STM32F7HAL.o
                0x08001318                STM32F7HAL::setTFTFrameBuffer(unsigned short*)
 .text._ZN10STM32F7HAL17getTFTCurrentLineEv
                0x08001328       0x20 build/ST/STM32F746G-DISCO/target/bsp/source/platform/stm32f7xx/STM32F7HAL.o
                0x08001328                STM32F7HAL::getTFTCurrentLine()
 .text._ZN10STM32F7HAL19configureInterruptsEv
                0x08001348       0x14 build/ST/STM32F746G-DISCO/target/bsp/source/platform/stm32f7xx/STM32F7HAL.o
                0x08001348                STM32F7HAL::configureInterrupts()
 .text._ZN10STM32F7HAL28enableLCDControllerInterruptEv
                0x0800135c       0x30 build/ST/STM32F746G-DISCO/target/bsp/source/platform/stm32f7xx/STM32F7HAL.o
                0x0800135c                STM32F7HAL::enableLCDControllerInterrupt()
 .text._ZN10STM32F7HAL17disableInterruptsEv
                0x0800138c       0x18 build/ST/STM32F746G-DISCO/target/bsp/source/platform/stm32f7xx/STM32F7HAL.o
                0x0800138c                STM32F7HAL::disableInterrupts()
 .text._ZN10STM32F7HAL16enableInterruptsEv
                0x080013a4       0x14 build/ST/STM32F746G-DISCO/target/bsp/source/platform/stm32f7xx/STM32F7HAL.o
                0x080013a4                STM32F7HAL::enableInterrupts()
 .text._ZN10STM32F7HALD2Ev
                0x080013b8        0x2 build/ST/STM32F746G-DISCO/target/bsp/source/platform/stm32f7xx/STM32F7HAL.o
                0x080013b8                STM32F7HAL::~STM32F7HAL()
                0x080013b8                STM32F7HAL::~STM32F7HAL()
 .text._ZN10STM32F7HAL16flushFrameBufferERKN8touchgfx4RectE
                0x080013ba        0xe build/ST/STM32F746G-DISCO/target/bsp/source/platform/stm32f7xx/STM32F7HAL.o
                0x080013ba                STM32F7HAL::flushFrameBuffer(touchgfx::Rect const&)
 .text._ZN8touchgfx3HAL15backPorchExitedEv
                0x080013c8       0x14 build/ST/STM32F746G-DISCO/target/bsp/source/platform/stm32f7xx/STM32F7HAL.o
                0x080013c8                touchgfx::HAL::backPorchExited()
 .text._ZN8touchgfx3HAL28setFrameBufferStartAddressesEPvS1_S1_
                0x080013dc       0x44 build/ST/STM32F746G-DISCO/target/bsp/source/platform/stm32f7xx/STM32F7HAL.o
                0x080013dc                touchgfx::HAL::setFrameBufferStartAddresses(void*, void*, void*)
 .text._ZN8touchgfx3HAL26setFrameBufferStartAddressEPvtbb
                0x08001420       0x84 build/ST/STM32F746G-DISCO/target/bsp/source/platform/stm32f7xx/STM32F7HAL.o
                0x08001420                touchgfx::HAL::setFrameBufferStartAddress(void*, unsigned short, bool, bool)
 .text._ZN10STM32F7HAL16flushFrameBufferEv
                0x080014a4        0x4 build/ST/STM32F746G-DISCO/target/bsp/source/platform/stm32f7xx/STM32F7HAL.o
                0x080014a4                STM32F7HAL::flushFrameBuffer()
 .text._ZN10STM32F7HALD0Ev
                0x080014a8        0xe build/ST/STM32F746G-DISCO/target/bsp/source/platform/stm32f7xx/STM32F7HAL.o
                0x080014a8                STM32F7HAL::~STM32F7HAL()
 *fill*         0x080014b6        0x2 00000000
 .text._ZN8touchgfx3HAL31performDisplayOrientationChangeEv
                0x080014b8       0x60 build/ST/STM32F746G-DISCO/target/bsp/source/platform/stm32f7xx/STM32F7HAL.o
                0x080014b8                touchgfx::HAL::performDisplayOrientationChange()
 .text.LTDC_IRQHandler
                0x08001518       0x68 build/ST/STM32F746G-DISCO/target/bsp/source/platform/stm32f7xx/STM32F7HAL.o
                0x08001518                LTDC_IRQHandler
 .text.DMA2D_IRQHandler
                0x08001580       0x2c build/ST/STM32F746G-DISCO/target/bsp/source/platform/stm32f7xx/STM32F7HAL.o
                0x08001580                DMA2D_IRQHandler
 .text._ZN8touchgfx8LCD16bppD2Ev
                0x080015ac        0x2 build/ST/STM32F746G-DISCO/target/bsp/source/BoardConfiguration.o
                0x080015ac                touchgfx::LCD16bpp::~LCD16bpp()
                0x080015ac                touchgfx::LCD16bpp::~LCD16bpp()
 .text._ZNK8touchgfx9PartitionINS_4meta8TypeListINS_12NoTransitionENS2_INS1_3NilES4_EEEELt1EE8capacityEv
                0x080015ae        0x4 build/ST/STM32F746G-DISCO/target/bsp/source/BoardConfiguration.o
                0x080015ae                touchgfx::Partition<touchgfx::meta::TypeList<touchgfx::NoTransition, touchgfx::meta::TypeList<touchgfx::meta::Nil, touchgfx::meta::Nil> >, (unsigned short)1>::capacity() const
 .text._ZN8touchgfx9PartitionINS_4meta8TypeListINS_12NoTransitionENS2_INS1_3NilES4_EEEELt1EE12element_sizeEv
                0x080015b2        0x4 build/ST/STM32F746G-DISCO/target/bsp/source/BoardConfiguration.o
                0x080015b2                touchgfx::Partition<touchgfx::meta::TypeList<touchgfx::NoTransition, touchgfx::meta::TypeList<touchgfx::meta::Nil, touchgfx::meta::Nil> >, (unsigned short)1>::element_size()
 .text._ZN8touchgfx9PartitionINS_4meta8TypeListINS_12NoTransitionENS2_INS1_3NilES4_EEEELt1EE7elementEt
                0x080015b6        0xa build/ST/STM32F746G-DISCO/target/bsp/source/BoardConfiguration.o
                0x080015b6                touchgfx::Partition<touchgfx::meta::TypeList<touchgfx::NoTransition, touchgfx::meta::TypeList<touchgfx::meta::Nil, touchgfx::meta::Nil> >, (unsigned short)1>::element(unsigned short)
 .text._ZNK8touchgfx9PartitionINS_4meta8TypeListINS_12NoTransitionENS2_INS1_3NilES4_EEEELt1EE7elementEt
                0x080015c0        0xa build/ST/STM32F746G-DISCO/target/bsp/source/BoardConfiguration.o
                0x080015c0                touchgfx::Partition<touchgfx::meta::TypeList<touchgfx::NoTransition, touchgfx::meta::TypeList<touchgfx::meta::Nil, touchgfx::meta::Nil> >, (unsigned short)1>::element(unsigned short) const
 .text._ZNK8touchgfx9PartitionINS_4meta8TypeListI11Screen1ViewNS2_INS1_3NilES4_EEEELt1EE8capacityEv
                0x080015ca        0x4 build/ST/STM32F746G-DISCO/target/bsp/source/BoardConfiguration.o
                0x080015ca                touchgfx::Partition<touchgfx::meta::TypeList<Screen1View, touchgfx::meta::TypeList<touchgfx::meta::Nil, touchgfx::meta::Nil> >, (unsigned short)1>::capacity() const
 .text._ZN8touchgfx9PartitionINS_4meta8TypeListI11Screen1ViewNS2_INS1_3NilES4_EEEELt1EE12element_sizeEv
                0x080015ce        0x6 build/ST/STM32F746G-DISCO/target/bsp/source/BoardConfiguration.o
                0x080015ce                touchgfx::Partition<touchgfx::meta::TypeList<Screen1View, touchgfx::meta::TypeList<touchgfx::meta::Nil, touchgfx::meta::Nil> >, (unsigned short)1>::element_size()
 .text._ZN8touchgfx9PartitionINS_4meta8TypeListI11Screen1ViewNS2_INS1_3NilES4_EEEELt1EE7elementEt
                0x080015d4        0xc build/ST/STM32F746G-DISCO/target/bsp/source/BoardConfiguration.o
                0x080015d4                touchgfx::Partition<touchgfx::meta::TypeList<Screen1View, touchgfx::meta::TypeList<touchgfx::meta::Nil, touchgfx::meta::Nil> >, (unsigned short)1>::element(unsigned short)
 .text._ZNK8touchgfx9PartitionINS_4meta8TypeListI11Screen1ViewNS2_INS1_3NilES4_EEEELt1EE7elementEt
                0x080015e0        0xc build/ST/STM32F746G-DISCO/target/bsp/source/BoardConfiguration.o
                0x080015e0                touchgfx::Partition<touchgfx::meta::TypeList<Screen1View, touchgfx::meta::TypeList<touchgfx::meta::Nil, touchgfx::meta::Nil> >, (unsigned short)1>::element(unsigned short) const
 .text._ZNK8touchgfx9PartitionINS_4meta8TypeListI16Screen1PresenterNS2_INS1_3NilES4_EEEELt1EE8capacityEv
                0x080015ec        0x4 build/ST/STM32F746G-DISCO/target/bsp/source/BoardConfiguration.o
                0x080015ec                touchgfx::Partition<touchgfx::meta::TypeList<Screen1Presenter, touchgfx::meta::TypeList<touchgfx::meta::Nil, touchgfx::meta::Nil> >, (unsigned short)1>::capacity() const
 .text._ZN8touchgfx9PartitionINS_4meta8TypeListI16Screen1PresenterNS2_INS1_3NilES4_EEEELt1EE12element_sizeEv
                0x080015f0        0x4 build/ST/STM32F746G-DISCO/target/bsp/source/BoardConfiguration.o
                0x080015f0                touchgfx::Partition<touchgfx::meta::TypeList<Screen1Presenter, touchgfx::meta::TypeList<touchgfx::meta::Nil, touchgfx::meta::Nil> >, (unsigned short)1>::element_size()
 .text._ZN8touchgfx9PartitionINS_4meta8TypeListI16Screen1PresenterNS2_INS1_3NilES4_EEEELt1EE7elementEt
                0x080015f4        0x8 build/ST/STM32F746G-DISCO/target/bsp/source/BoardConfiguration.o
                0x080015f4                touchgfx::Partition<touchgfx::meta::TypeList<Screen1Presenter, touchgfx::meta::TypeList<touchgfx::meta::Nil, touchgfx::meta::Nil> >, (unsigned short)1>::element(unsigned short)
 .text._ZNK8touchgfx9PartitionINS_4meta8TypeListI16Screen1PresenterNS2_INS1_3NilES4_EEEELt1EE7elementEt
                0x080015fc        0x8 build/ST/STM32F746G-DISCO/target/bsp/source/BoardConfiguration.o
                0x080015fc                touchgfx::Partition<touchgfx::meta::TypeList<Screen1Presenter, touchgfx::meta::TypeList<touchgfx::meta::Nil, touchgfx::meta::Nil> >, (unsigned short)1>::element(unsigned short) const
 .text._ZN16FrontendHeapBase15gotoStartScreenER19FrontendApplication
                0x08001604        0x6 build/ST/STM32F746G-DISCO/target/bsp/source/BoardConfiguration.o
                0x08001604                FrontendHeapBase::gotoStartScreen(FrontendApplication&)
 *fill*         0x0800160a        0x2 00000000
 .text._ZN8touchgfx9PartitionINS_4meta8TypeListINS_12NoTransitionENS2_INS1_3NilES4_EEEELt1EED2Ev
                0x0800160c       0x14 build/ST/STM32F746G-DISCO/target/bsp/source/BoardConfiguration.o
                0x0800160c                touchgfx::Partition<touchgfx::meta::TypeList<touchgfx::NoTransition, touchgfx::meta::TypeList<touchgfx::meta::Nil, touchgfx::meta::Nil> >, (unsigned short)1>::~Partition()
                0x0800160c                touchgfx::Partition<touchgfx::meta::TypeList<touchgfx::NoTransition, touchgfx::meta::TypeList<touchgfx::meta::Nil, touchgfx::meta::Nil> >, (unsigned short)1>::~Partition()
 .text._ZN8touchgfx9PartitionINS_4meta8TypeListINS_12NoTransitionENS2_INS1_3NilES4_EEEELt1EED0Ev
                0x08001620       0x14 build/ST/STM32F746G-DISCO/target/bsp/source/BoardConfiguration.o
                0x08001620                touchgfx::Partition<touchgfx::meta::TypeList<touchgfx::NoTransition, touchgfx::meta::TypeList<touchgfx::meta::Nil, touchgfx::meta::Nil> >, (unsigned short)1>::~Partition()
 .text._ZN8touchgfx9PartitionINS_4meta8TypeListI11Screen1ViewNS2_INS1_3NilES4_EEEELt1EED2Ev
                0x08001634       0x14 build/ST/STM32F746G-DISCO/target/bsp/source/BoardConfiguration.o
                0x08001634                touchgfx::Partition<touchgfx::meta::TypeList<Screen1View, touchgfx::meta::TypeList<touchgfx::meta::Nil, touchgfx::meta::Nil> >, (unsigned short)1>::~Partition()
                0x08001634                touchgfx::Partition<touchgfx::meta::TypeList<Screen1View, touchgfx::meta::TypeList<touchgfx::meta::Nil, touchgfx::meta::Nil> >, (unsigned short)1>::~Partition()
 .text._ZN8touchgfx9PartitionINS_4meta8TypeListI11Screen1ViewNS2_INS1_3NilES4_EEEELt1EED0Ev
                0x08001648       0x16 build/ST/STM32F746G-DISCO/target/bsp/source/BoardConfiguration.o
                0x08001648                touchgfx::Partition<touchgfx::meta::TypeList<Screen1View, touchgfx::meta::TypeList<touchgfx::meta::Nil, touchgfx::meta::Nil> >, (unsigned short)1>::~Partition()
 *fill*         0x0800165e        0x2 00000000
 .text._ZN8touchgfx9PartitionINS_4meta8TypeListI16Screen1PresenterNS2_INS1_3NilES4_EEEELt1EED2Ev
                0x08001660       0x14 build/ST/STM32F746G-DISCO/target/bsp/source/BoardConfiguration.o
                0x08001660                touchgfx::Partition<touchgfx::meta::TypeList<Screen1Presenter, touchgfx::meta::TypeList<touchgfx::meta::Nil, touchgfx::meta::Nil> >, (unsigned short)1>::~Partition()
                0x08001660                touchgfx::Partition<touchgfx::meta::TypeList<Screen1Presenter, touchgfx::meta::TypeList<touchgfx::meta::Nil, touchgfx::meta::Nil> >, (unsigned short)1>::~Partition()
 .text._ZN8touchgfx9PartitionINS_4meta8TypeListI16Screen1PresenterNS2_INS1_3NilES4_EEEELt1EED0Ev
                0x08001674       0x14 build/ST/STM32F746G-DISCO/target/bsp/source/BoardConfiguration.o
                0x08001674                touchgfx::Partition<touchgfx::meta::TypeList<Screen1Presenter, touchgfx::meta::TypeList<touchgfx::meta::Nil, touchgfx::meta::Nil> >, (unsigned short)1>::~Partition()
 .text._ZN12FrontendHeapD2Ev
                0x08001688       0x28 build/ST/STM32F746G-DISCO/target/bsp/source/BoardConfiguration.o
                0x08001688                FrontendHeap::~FrontendHeap()
                0x08001688                FrontendHeap::~FrontendHeap()
 .text._ZN12FrontendHeapD0Ev
                0x080016b0       0x16 build/ST/STM32F746G-DISCO/target/bsp/source/BoardConfiguration.o
                0x080016b0                FrontendHeap::~FrontendHeap()
 .text._ZN8touchgfx8LCD16bppD0Ev
                0x080016c6        0xe build/ST/STM32F746G-DISCO/target/bsp/source/BoardConfiguration.o
                0x080016c6                touchgfx::LCD16bpp::~LCD16bpp()
 .text.SysTick_Handler
                0x080016d4       0x1c build/ST/STM32F746G-DISCO/target/bsp/source/BoardConfiguration.o
                0x080016d4                SysTick_Handler
 .text.SystemClock_Config
                0x080016f0       0x5e build/ST/STM32F746G-DISCO/target/bsp/source/BoardConfiguration.o
                0x080016f0                SystemClock_Config
 *fill*         0x0800174e        0x2 00000000
 .text._ZN8touchgfx7hw_initEv
                0x08001750      0x19c build/ST/STM32F746G-DISCO/target/bsp/source/BoardConfiguration.o
                0x08001750                touchgfx::hw_init()
 .text._ZN8touchgfx21touchgfx_generic_initI10STM32F7HALEERNS_3HALERNS_13DMA_InterfaceERNS_3LCDERNS_15TouchControllerEssPtmm
                0x080018ec      0x1e0 build/ST/STM32F746G-DISCO/target/bsp/source/BoardConfiguration.o
                0x080018ec                touchgfx::HAL& touchgfx::touchgfx_generic_init<STM32F7HAL>(touchgfx::DMA_Interface&, touchgfx::LCD&, touchgfx::TouchController&, short, short, unsigned short*, unsigned long, unsigned long)
 .text._ZN8touchgfx13touchgfx_initEv
                0x08001acc       0x70 build/ST/STM32F746G-DISCO/target/bsp/source/BoardConfiguration.o
                0x08001acc                touchgfx::touchgfx_init()
 .text.startup._GLOBAL__sub_I_os_inited
                0x08001b3c       0x88 build/ST/STM32F746G-DISCO/target/bsp/source/BoardConfiguration.o
 .text._ZN8touchgfx4GPIO4initEv
                0x08001bc4       0x1c build/ST/STM32F746G-DISCO/target/bsp/source/GPIO.o
                0x08001bc4                touchgfx::GPIO::init()
 .text._ZN8touchgfx4GPIO3setENS0_7GPIO_IDE
                0x08001be0       0x14 build/ST/STM32F746G-DISCO/target/bsp/source/GPIO.o
                0x08001be0                touchgfx::GPIO::set(touchgfx::GPIO::GPIO_ID)
 .text._ZN8touchgfx4GPIO5clearENS0_7GPIO_IDE
                0x08001bf4       0x14 build/ST/STM32F746G-DISCO/target/bsp/source/GPIO.o
                0x08001bf4                touchgfx::GPIO::clear(touchgfx::GPIO::GPIO_ID)
 .text._ZN8touchgfx4GPIO6toggleENS0_7GPIO_IDE
                0x08001c08        0xc build/ST/STM32F746G-DISCO/target/bsp/source/GPIO.o
                0x08001c08                touchgfx::GPIO::toggle(touchgfx::GPIO::GPIO_ID)
 .text.vListInitialise
                0x08001c14       0x16 build/ST/STM32F746G-DISCO/target/os/FreeRTOS8.2.0/Source/list.o
                0x08001c14                vListInitialise
 .text.vListInitialiseItem
                0x08001c2a        0x6 build/ST/STM32F746G-DISCO/target/os/FreeRTOS8.2.0/Source/list.o
                0x08001c2a                vListInitialiseItem
 .text.vListInsertEnd
                0x08001c30       0x18 build/ST/STM32F746G-DISCO/target/os/FreeRTOS8.2.0/Source/list.o
                0x08001c30                vListInsertEnd
 .text.vListInsert
                0x08001c48       0x2e build/ST/STM32F746G-DISCO/target/os/FreeRTOS8.2.0/Source/list.o
                0x08001c48                vListInsert
 .text.uxListRemove
                0x08001c76       0x24 build/ST/STM32F746G-DISCO/target/os/FreeRTOS8.2.0/Source/list.o
                0x08001c76                uxListRemove
 .text.unlikely.prvCopyDataToQueue
                0x08001c9a       0x6c build/ST/STM32F746G-DISCO/target/os/FreeRTOS8.2.0/Source/queue.o
 .text.unlikely.prvCopyDataFromQueue
                0x08001d06       0x2a build/ST/STM32F746G-DISCO/target/os/FreeRTOS8.2.0/Source/queue.o
 .text.prvUnlockQueue
                0x08001d30       0x6c build/ST/STM32F746G-DISCO/target/os/FreeRTOS8.2.0/Source/queue.o
 .text.unlikely.xQueueGenericCreate.part.1
                0x08001d9c       0x16 build/ST/STM32F746G-DISCO/target/os/FreeRTOS8.2.0/Source/queue.o
 *fill*         0x08001db2        0x2 00000000
 .text.xQueueGenericReset
                0x08001db4       0x70 build/ST/STM32F746G-DISCO/target/os/FreeRTOS8.2.0/Source/queue.o
                0x08001db4                xQueueGenericReset
 .text.xQueueGenericCreate
                0x08001e24       0x58 build/ST/STM32F746G-DISCO/target/os/FreeRTOS8.2.0/Source/queue.o
                0x08001e24                xQueueGenericCreate
 .text.xQueueGenericSend
                0x08001e7c      0x158 build/ST/STM32F746G-DISCO/target/os/FreeRTOS8.2.0/Source/queue.o
                0x08001e7c                xQueueGenericSend
 .text.xQueueGenericSendFromISR
                0x08001fd4       0xce build/ST/STM32F746G-DISCO/target/os/FreeRTOS8.2.0/Source/queue.o
                0x08001fd4                xQueueGenericSendFromISR
 .text.xQueueGiveFromISR
                0x080020a2       0x96 build/ST/STM32F746G-DISCO/target/os/FreeRTOS8.2.0/Source/queue.o
                0x080020a2                xQueueGiveFromISR
 .text.xQueueGenericReceive
                0x08002138      0x15c build/ST/STM32F746G-DISCO/target/os/FreeRTOS8.2.0/Source/queue.o
                0x08002138                xQueueGenericReceive
 .text.prvResetNextTaskUnblockTime
                0x08002294       0x24 build/ST/STM32F746G-DISCO/target/os/FreeRTOS8.2.0/Source/tasks.o
 .text.prvAddCurrentTaskToDelayedList
                0x080022b8       0x50 build/ST/STM32F746G-DISCO/target/os/FreeRTOS8.2.0/Source/tasks.o
 .text.xTaskGenericCreate.part.5
                0x08002308      0x1d8 build/ST/STM32F746G-DISCO/target/os/FreeRTOS8.2.0/Source/tasks.o
 .text.vTaskSetTimeOutState.part.7
                0x080024e0       0x16 build/ST/STM32F746G-DISCO/target/os/FreeRTOS8.2.0/Source/tasks.o
 .text.xTaskGenericCreate
                0x080024f6       0x44 build/ST/STM32F746G-DISCO/target/os/FreeRTOS8.2.0/Source/tasks.o
                0x080024f6                xTaskGenericCreate
 *fill*         0x0800253a        0x2 00000000
 .text.vTaskStartScheduler
                0x0800253c       0x6c build/ST/STM32F746G-DISCO/target/os/FreeRTOS8.2.0/Source/tasks.o
                0x0800253c                vTaskStartScheduler
 .text.vTaskSuspendAll
                0x080025a8       0x10 build/ST/STM32F746G-DISCO/target/os/FreeRTOS8.2.0/Source/tasks.o
                0x080025a8                vTaskSuspendAll
 .text.xTaskIncrementTick
                0x080025b8      0x12c build/ST/STM32F746G-DISCO/target/os/FreeRTOS8.2.0/Source/tasks.o
                0x080025b8                xTaskIncrementTick
 .text.xTaskResumeAll
                0x080026e4       0xf4 build/ST/STM32F746G-DISCO/target/os/FreeRTOS8.2.0/Source/tasks.o
                0x080026e4                xTaskResumeAll
 .text.prvIdleTask
                0x080027d8       0x78 build/ST/STM32F746G-DISCO/target/os/FreeRTOS8.2.0/Source/tasks.o
 .text.vTaskSetApplicationTaskTag
                0x08002850       0x20 build/ST/STM32F746G-DISCO/target/os/FreeRTOS8.2.0/Source/tasks.o
                0x08002850                vTaskSetApplicationTaskTag
 .text.xTaskCallApplicationTaskHook
                0x08002870       0x18 build/ST/STM32F746G-DISCO/target/os/FreeRTOS8.2.0/Source/tasks.o
                0x08002870                xTaskCallApplicationTaskHook
 .text.vTaskSwitchContext
                0x08002888       0xbc build/ST/STM32F746G-DISCO/target/os/FreeRTOS8.2.0/Source/tasks.o
                0x08002888                vTaskSwitchContext
 .text.vTaskPlaceOnEventList
                0x08002944       0x74 build/ST/STM32F746G-DISCO/target/os/FreeRTOS8.2.0/Source/tasks.o
                0x08002944                vTaskPlaceOnEventList
 .text.xTaskRemoveFromEventList
                0x080029b8       0x88 build/ST/STM32F746G-DISCO/target/os/FreeRTOS8.2.0/Source/tasks.o
                0x080029b8                xTaskRemoveFromEventList
 .text.vTaskSetTimeOutState
                0x08002a40       0x20 build/ST/STM32F746G-DISCO/target/os/FreeRTOS8.2.0/Source/tasks.o
                0x08002a40                vTaskSetTimeOutState
 .text.xTaskCheckForTimeOut
                0x08002a60       0x7c build/ST/STM32F746G-DISCO/target/os/FreeRTOS8.2.0/Source/tasks.o
                0x08002a60                xTaskCheckForTimeOut
 .text.vTaskMissedYield
                0x08002adc        0xc build/ST/STM32F746G-DISCO/target/os/FreeRTOS8.2.0/Source/tasks.o
                0x08002adc                vTaskMissedYield
 .text.vTaskPriorityInherit
                0x08002ae8       0x8c build/ST/STM32F746G-DISCO/target/os/FreeRTOS8.2.0/Source/tasks.o
                0x08002ae8                vTaskPriorityInherit
 .text.xTaskPriorityDisinherit
                0x08002b74       0x88 build/ST/STM32F746G-DISCO/target/os/FreeRTOS8.2.0/Source/tasks.o
                0x08002b74                xTaskPriorityDisinherit
 .text.pvTaskIncrementMutexHeldCount
                0x08002bfc       0x18 build/ST/STM32F746G-DISCO/target/os/FreeRTOS8.2.0/Source/tasks.o
                0x08002bfc                pvTaskIncrementMutexHeldCount
 .text.pvPortMalloc
                0x08002c14       0xbc build/ST/STM32F746G-DISCO/target/os/FreeRTOS8.2.0/Source/portable/MemMang/heap_2.o
                0x08002c14                pvPortMalloc
 .text.vPortFree
                0x08002cd0       0x44 build/ST/STM32F746G-DISCO/target/os/FreeRTOS8.2.0/Source/portable/MemMang/heap_2.o
                0x08002cd0                vPortFree
 .text.prvTaskExitError
                0x08002d14       0x38 build/ST/STM32F746G-DISCO/target/os/FreeRTOS8.2.0/Source/portable/GCC/ARM_CM7/port.o
 .text.prvPortStartFirstTask
                0x08002d4c       0x20 build/ST/STM32F746G-DISCO/target/os/FreeRTOS8.2.0/Source/portable/GCC/ARM_CM7/port.o
 .text.vPortEnableVFP
                0x08002d6c       0x14 build/ST/STM32F746G-DISCO/target/os/FreeRTOS8.2.0/Source/portable/GCC/ARM_CM7/port.o
 .text.pxPortInitialiseStack
                0x08002d80       0x20 build/ST/STM32F746G-DISCO/target/os/FreeRTOS8.2.0/Source/portable/GCC/ARM_CM7/port.o
                0x08002d80                pxPortInitialiseStack
 .text.SVC_Handler
                0x08002da0       0x20 build/ST/STM32F746G-DISCO/target/os/FreeRTOS8.2.0/Source/portable/GCC/ARM_CM7/port.o
                0x08002da0                SVC_Handler
 .text.vPortEnterCritical
                0x08002dc0       0x4c build/ST/STM32F746G-DISCO/target/os/FreeRTOS8.2.0/Source/portable/GCC/ARM_CM7/port.o
                0x08002dc0                vPortEnterCritical
 .text.vPortExitCritical
                0x08002e0c       0x2c build/ST/STM32F746G-DISCO/target/os/FreeRTOS8.2.0/Source/portable/GCC/ARM_CM7/port.o
                0x08002e0c                vPortExitCritical
 .text.PendSV_Handler
                0x08002e38       0x64 build/ST/STM32F746G-DISCO/target/os/FreeRTOS8.2.0/Source/portable/GCC/ARM_CM7/port.o
                0x08002e38                PendSV_Handler
 .text.OS_SysTick
                0x08002e9c       0x34 build/ST/STM32F746G-DISCO/target/os/FreeRTOS8.2.0/Source/portable/GCC/ARM_CM7/port.o
                0x08002e9c                OS_SysTick
 .text.vPortSetupTimerInterrupt
                0x08002ed0       0x28 build/ST/STM32F746G-DISCO/target/os/FreeRTOS8.2.0/Source/portable/GCC/ARM_CM7/port.o
                0x08002ed0                vPortSetupTimerInterrupt
 .text.xPortStartScheduler
                0x08002ef8       0xa8 build/ST/STM32F746G-DISCO/target/os/FreeRTOS8.2.0/Source/portable/GCC/ARM_CM7/port.o
                0x08002ef8                xPortStartScheduler
 .text.vPortValidateInterruptPriority
                0x08002fa0       0x64 build/ST/STM32F746G-DISCO/target/os/FreeRTOS8.2.0/Source/portable/GCC/ARM_CM7/port.o
                0x08002fa0                vPortValidateInterruptPriority
 .text.NMI_Handler
                0x08003004        0xa build/ST/STM32F746G-DISCO/target/gcc/isr.o
                0x08003004                NMI_Handler
 .text.HardFault_Handler
                0x0800300e        0xa build/ST/STM32F746G-DISCO/target/gcc/isr.o
                0x0800300e                HardFault_Handler
 .text.MemManage_Handler
                0x08003018        0xa build/ST/STM32F746G-DISCO/target/gcc/isr.o
                0x08003018                MemManage_Handler
 .text.BusFault_Handler
                0x08003022        0xa build/ST/STM32F746G-DISCO/target/gcc/isr.o
                0x08003022                BusFault_Handler
 .text.UsageFault_Handler
                0x0800302c        0xa build/ST/STM32F746G-DISCO/target/gcc/isr.o
                0x0800302c                UsageFault_Handler
 .text.DebugMon_Handler
                0x08003036        0xa build/ST/STM32F746G-DISCO/target/gcc/isr.o
                0x08003036                DebugMon_Handler
 .text.DMA1_Stream7_IRQHandler
                0x08003040       0x12 build/ST/STM32F746G-DISCO/target/gcc/isr.o
                0x08003040                DMA1_Stream7_IRQHandler
 .text.LTDC_ER_IRQHandler
                0x08003052       0x12 build/ST/STM32F746G-DISCO/target/gcc/isr.o
                0x08003052                LTDC_ER_IRQHandler
 .text.SAI1_IRQHandler
                0x08003064       0x12 build/ST/STM32F746G-DISCO/target/gcc/isr.o
                0x08003064                SAI1_IRQHandler
 .text.SPI6_IRQHandler
                0x08003076       0x12 build/ST/STM32F746G-DISCO/target/gcc/isr.o
                0x08003076                SPI6_IRQHandler
 .text.SPI5_IRQHandler
                0x08003088       0x12 build/ST/STM32F746G-DISCO/target/gcc/isr.o
                0x08003088                SPI5_IRQHandler
 .text.SPI4_IRQHandler
                0x0800309a       0x12 build/ST/STM32F746G-DISCO/target/gcc/isr.o
                0x0800309a                SPI4_IRQHandler
 .text.UART8_IRQHandler
                0x080030ac       0x12 build/ST/STM32F746G-DISCO/target/gcc/isr.o
                0x080030ac                UART8_IRQHandler
 .text.UART7_IRQHandler
                0x080030be       0x12 build/ST/STM32F746G-DISCO/target/gcc/isr.o
                0x080030be                UART7_IRQHandler
 .text.FPU_IRQHandler
                0x080030d0       0x12 build/ST/STM32F746G-DISCO/target/gcc/isr.o
                0x080030d0                FPU_IRQHandler
 .text.HASH_RNG_IRQHandler
                0x080030e2       0x12 build/ST/STM32F746G-DISCO/target/gcc/isr.o
                0x080030e2                HASH_RNG_IRQHandler
 .text.CRYP_IRQHandler
                0x080030f4       0x12 build/ST/STM32F746G-DISCO/target/gcc/isr.o
                0x080030f4                CRYP_IRQHandler
 .text.DCMI_IRQHandler
                0x08003106       0x12 build/ST/STM32F746G-DISCO/target/gcc/isr.o
                0x08003106                DCMI_IRQHandler
 .text.OTG_HS_IRQHandler
                0x08003118       0x12 build/ST/STM32F746G-DISCO/target/gcc/isr.o
                0x08003118                OTG_HS_IRQHandler
 .text.OTG_HS_WKUP_IRQHandler
                0x0800312a       0x12 build/ST/STM32F746G-DISCO/target/gcc/isr.o
                0x0800312a                OTG_HS_WKUP_IRQHandler
 .text.OTG_HS_EP1_IN_IRQHandler
                0x0800313c       0x12 build/ST/STM32F746G-DISCO/target/gcc/isr.o
                0x0800313c                OTG_HS_EP1_IN_IRQHandler
 .text.OTG_HS_EP1_OUT_IRQHandler
                0x0800314e       0x12 build/ST/STM32F746G-DISCO/target/gcc/isr.o
                0x0800314e                OTG_HS_EP1_OUT_IRQHandler
 .text.I2C3_ER_IRQHandler
                0x08003160       0x12 build/ST/STM32F746G-DISCO/target/gcc/isr.o
                0x08003160                I2C3_ER_IRQHandler
 .text.I2C3_EV_IRQHandler
                0x08003172       0x12 build/ST/STM32F746G-DISCO/target/gcc/isr.o
                0x08003172                I2C3_EV_IRQHandler
 .text.USART6_IRQHandler
                0x08003184       0x12 build/ST/STM32F746G-DISCO/target/gcc/isr.o
                0x08003184                USART6_IRQHandler
 .text.DMA2_Stream7_IRQHandler
                0x08003196       0x12 build/ST/STM32F746G-DISCO/target/gcc/isr.o
                0x08003196                DMA2_Stream7_IRQHandler
 .text.DMA2_Stream6_IRQHandler
                0x080031a8       0x12 build/ST/STM32F746G-DISCO/target/gcc/isr.o
                0x080031a8                DMA2_Stream6_IRQHandler
 .text.DMA2_Stream5_IRQHandler
                0x080031ba       0x12 build/ST/STM32F746G-DISCO/target/gcc/isr.o
                0x080031ba                DMA2_Stream5_IRQHandler
 .text.OTG_FS_IRQHandler
                0x080031cc       0x12 build/ST/STM32F746G-DISCO/target/gcc/isr.o
                0x080031cc                OTG_FS_IRQHandler
 .text.CAN2_SCE_IRQHandler
                0x080031de       0x12 build/ST/STM32F746G-DISCO/target/gcc/isr.o
                0x080031de                CAN2_SCE_IRQHandler
 .text.CAN2_RX1_IRQHandler
                0x080031f0       0x12 build/ST/STM32F746G-DISCO/target/gcc/isr.o
                0x080031f0                CAN2_RX1_IRQHandler
 .text.CAN2_RX0_IRQHandler
                0x08003202       0x12 build/ST/STM32F746G-DISCO/target/gcc/isr.o
                0x08003202                CAN2_RX0_IRQHandler
 .text.CAN2_TX_IRQHandler
                0x08003214       0x12 build/ST/STM32F746G-DISCO/target/gcc/isr.o
                0x08003214                CAN2_TX_IRQHandler
 .text.ETH_WKUP_IRQHandler
                0x08003226       0x12 build/ST/STM32F746G-DISCO/target/gcc/isr.o
                0x08003226                ETH_WKUP_IRQHandler
 .text.ETH_IRQHandler
                0x08003238       0x12 build/ST/STM32F746G-DISCO/target/gcc/isr.o
                0x08003238                ETH_IRQHandler
 .text.DMA2_Stream4_IRQHandler
                0x0800324a       0x12 build/ST/STM32F746G-DISCO/target/gcc/isr.o
                0x0800324a                DMA2_Stream4_IRQHandler
 .text.DMA2_Stream3_IRQHandler
                0x0800325c       0x12 build/ST/STM32F746G-DISCO/target/gcc/isr.o
                0x0800325c                DMA2_Stream3_IRQHandler
 .text.DMA2_Stream2_IRQHandler
                0x0800326e       0x12 build/ST/STM32F746G-DISCO/target/gcc/isr.o
                0x0800326e                DMA2_Stream2_IRQHandler
 .text.DMA2_Stream1_IRQHandler
                0x08003280       0x12 build/ST/STM32F746G-DISCO/target/gcc/isr.o
                0x08003280                DMA2_Stream1_IRQHandler
 .text.DMA2_Stream0_IRQHandler
                0x08003292       0x12 build/ST/STM32F746G-DISCO/target/gcc/isr.o
                0x08003292                DMA2_Stream0_IRQHandler
 .text.TIM7_IRQHandler
                0x080032a4       0x12 build/ST/STM32F746G-DISCO/target/gcc/isr.o
                0x080032a4                TIM7_IRQHandler
 .text.TIM6_DAC_IRQHandler
                0x080032b6       0x12 build/ST/STM32F746G-DISCO/target/gcc/isr.o
                0x080032b6                TIM6_DAC_IRQHandler
 .text.UART5_IRQHandler
                0x080032c8       0x12 build/ST/STM32F746G-DISCO/target/gcc/isr.o
                0x080032c8                UART5_IRQHandler
 .text.UART4_IRQHandler
                0x080032da       0x12 build/ST/STM32F746G-DISCO/target/gcc/isr.o
                0x080032da                UART4_IRQHandler
 .text.SPI3_IRQHandler
                0x080032ec       0x12 build/ST/STM32F746G-DISCO/target/gcc/isr.o
                0x080032ec                SPI3_IRQHandler
 .text.TIM5_IRQHandler
                0x080032fe       0x12 build/ST/STM32F746G-DISCO/target/gcc/isr.o
                0x080032fe                TIM5_IRQHandler
 .text.SDIO_IRQHandler
                0x08003310       0x12 build/ST/STM32F746G-DISCO/target/gcc/isr.o
                0x08003310                SDIO_IRQHandler
 .text.FMC_IRQHandler
                0x08003322       0x12 build/ST/STM32F746G-DISCO/target/gcc/isr.o
                0x08003322                FMC_IRQHandler
 .text.TIM8_CC_IRQHandler
                0x08003334       0x12 build/ST/STM32F746G-DISCO/target/gcc/isr.o
                0x08003334                TIM8_CC_IRQHandler
 .text.TIM8_TRG_COM_TIM14_IRQHandler
                0x08003346       0x12 build/ST/STM32F746G-DISCO/target/gcc/isr.o
                0x08003346                TIM8_TRG_COM_TIM14_IRQHandler
 .text.TIM8_UP_TIM13_IRQHandler
                0x08003358       0x12 build/ST/STM32F746G-DISCO/target/gcc/isr.o
                0x08003358                TIM8_UP_TIM13_IRQHandler
 .text.TIM8_BRK_TIM12_IRQHandler
                0x0800336a       0x12 build/ST/STM32F746G-DISCO/target/gcc/isr.o
                0x0800336a                TIM8_BRK_TIM12_IRQHandler
 .text.OTG_FS_WKUP_IRQHandler
                0x0800337c       0x12 build/ST/STM32F746G-DISCO/target/gcc/isr.o
                0x0800337c                OTG_FS_WKUP_IRQHandler
 .text.RTC_Alarm_IRQHandler
                0x0800338e       0x12 build/ST/STM32F746G-DISCO/target/gcc/isr.o
                0x0800338e                RTC_Alarm_IRQHandler
 .text.EXTI15_10_IRQHandler
                0x080033a0       0x12 build/ST/STM32F746G-DISCO/target/gcc/isr.o
                0x080033a0                EXTI15_10_IRQHandler
 .text.USART3_IRQHandler
                0x080033b2       0x12 build/ST/STM32F746G-DISCO/target/gcc/isr.o
                0x080033b2                USART3_IRQHandler
 .text.USART2_IRQHandler
                0x080033c4       0x12 build/ST/STM32F746G-DISCO/target/gcc/isr.o
                0x080033c4                USART2_IRQHandler
 .text.USART1_IRQHandler
                0x080033d6       0x12 build/ST/STM32F746G-DISCO/target/gcc/isr.o
                0x080033d6                USART1_IRQHandler
 .text.SPI2_IRQHandler
                0x080033e8       0x12 build/ST/STM32F746G-DISCO/target/gcc/isr.o
                0x080033e8                SPI2_IRQHandler
 .text.SPI1_IRQHandler
                0x080033fa       0x12 build/ST/STM32F746G-DISCO/target/gcc/isr.o
                0x080033fa                SPI1_IRQHandler
 .text.I2C2_ER_IRQHandler
                0x0800340c       0x12 build/ST/STM32F746G-DISCO/target/gcc/isr.o
                0x0800340c                I2C2_ER_IRQHandler
 .text.I2C2_EV_IRQHandler
                0x0800341e       0x12 build/ST/STM32F746G-DISCO/target/gcc/isr.o
                0x0800341e                I2C2_EV_IRQHandler
 .text.I2C1_ER_IRQHandler
                0x08003430       0x12 build/ST/STM32F746G-DISCO/target/gcc/isr.o
                0x08003430                I2C1_ER_IRQHandler
 .text.I2C1_EV_IRQHandler
                0x08003442       0x12 build/ST/STM32F746G-DISCO/target/gcc/isr.o
                0x08003442                I2C1_EV_IRQHandler
 .text.TIM4_IRQHandler
                0x08003454       0x12 build/ST/STM32F746G-DISCO/target/gcc/isr.o
                0x08003454                TIM4_IRQHandler
 .text.TIM3_IRQHandler
                0x08003466       0x12 build/ST/STM32F746G-DISCO/target/gcc/isr.o
                0x08003466                TIM3_IRQHandler
 .text.TIM2_IRQHandler
                0x08003478       0x12 build/ST/STM32F746G-DISCO/target/gcc/isr.o
                0x08003478                TIM2_IRQHandler
 .text.TIM1_CC_IRQHandler
                0x0800348a       0x12 build/ST/STM32F746G-DISCO/target/gcc/isr.o
                0x0800348a                TIM1_CC_IRQHandler
 .text.TIM1_TRG_COM_TIM11_IRQHandler
                0x0800349c       0x12 build/ST/STM32F746G-DISCO/target/gcc/isr.o
                0x0800349c                TIM1_TRG_COM_TIM11_IRQHandler
 .text.TIM1_UP_TIM10_IRQHandler
                0x080034ae       0x12 build/ST/STM32F746G-DISCO/target/gcc/isr.o
                0x080034ae                TIM1_UP_TIM10_IRQHandler
 .text.TIM1_BRK_TIM9_IRQHandler
                0x080034c0       0x12 build/ST/STM32F746G-DISCO/target/gcc/isr.o
                0x080034c0                TIM1_BRK_TIM9_IRQHandler
 .text.EXTI9_5_IRQHandler
                0x080034d2       0x12 build/ST/STM32F746G-DISCO/target/gcc/isr.o
                0x080034d2                EXTI9_5_IRQHandler
 .text.CAN1_SCE_IRQHandler
                0x080034e4       0x12 build/ST/STM32F746G-DISCO/target/gcc/isr.o
                0x080034e4                CAN1_SCE_IRQHandler
 .text.CAN1_RX1_IRQHandler
                0x080034f6       0x12 build/ST/STM32F746G-DISCO/target/gcc/isr.o
                0x080034f6                CAN1_RX1_IRQHandler
 .text.CAN1_RX0_IRQHandler
                0x08003508       0x12 build/ST/STM32F746G-DISCO/target/gcc/isr.o
                0x08003508                CAN1_RX0_IRQHandler
 .text.CAN1_TX_IRQHandler
                0x0800351a       0x12 build/ST/STM32F746G-DISCO/target/gcc/isr.o
                0x0800351a                CAN1_TX_IRQHandler
 .text.ADC_IRQHandler
                0x0800352c       0x12 build/ST/STM32F746G-DISCO/target/gcc/isr.o
                0x0800352c                ADC_IRQHandler
 .text.EXTI4_IRQHandler
                0x0800353e       0x12 build/ST/STM32F746G-DISCO/target/gcc/isr.o
                0x0800353e                EXTI4_IRQHandler
 .text.EXTI3_IRQHandler
                0x08003550       0x12 build/ST/STM32F746G-DISCO/target/gcc/isr.o
                0x08003550                EXTI3_IRQHandler
 .text.EXTI2_IRQHandler
                0x08003562       0x12 build/ST/STM32F746G-DISCO/target/gcc/isr.o
                0x08003562                EXTI2_IRQHandler
 .text.EXTI1_IRQHandler
                0x08003574       0x12 build/ST/STM32F746G-DISCO/target/gcc/isr.o
                0x08003574                EXTI1_IRQHandler
 .text.EXTI0_IRQHandler
                0x08003586       0x12 build/ST/STM32F746G-DISCO/target/gcc/isr.o
                0x08003586                EXTI0_IRQHandler
 .text.RCC_IRQHandler
                0x08003598       0x12 build/ST/STM32F746G-DISCO/target/gcc/isr.o
                0x08003598                RCC_IRQHandler
 .text.FLASH_IRQHandler
                0x080035aa       0x12 build/ST/STM32F746G-DISCO/target/gcc/isr.o
                0x080035aa                FLASH_IRQHandler
 .text.RTC_WKUP_IRQHandler
                0x080035bc       0x12 build/ST/STM32F746G-DISCO/target/gcc/isr.o
                0x080035bc                RTC_WKUP_IRQHandler
 .text.TAMP_STAMP_IRQHandler
                0x080035ce       0x12 build/ST/STM32F746G-DISCO/target/gcc/isr.o
                0x080035ce                TAMP_STAMP_IRQHandler
 .text.PVD_IRQHandler
                0x080035e0       0x12 build/ST/STM32F746G-DISCO/target/gcc/isr.o
                0x080035e0                PVD_IRQHandler
 .text.WWDG_IRQHandler
                0x080035f2       0x12 build/ST/STM32F746G-DISCO/target/gcc/isr.o
                0x080035f2                WWDG_IRQHandler
 .text.ResetISR
                0x08003604       0x74 build/ST/STM32F746G-DISCO/target/gcc/isr.o
                0x08003604                ResetISR
 .text.DMA1_Stream6_IRQHandler
                0x08003678       0x16 build/ST/STM32F746G-DISCO/target/gcc/isr.o
                0x08003678                DMA1_Stream6_IRQHandler
 .text.DMA1_Stream5_IRQHandler
                0x0800368e       0x16 build/ST/STM32F746G-DISCO/target/gcc/isr.o
                0x0800368e                DMA1_Stream5_IRQHandler
 .text.DMA1_Stream4_IRQHandler
                0x080036a4       0x16 build/ST/STM32F746G-DISCO/target/gcc/isr.o
                0x080036a4                DMA1_Stream4_IRQHandler
 .text.DMA1_Stream3_IRQHandler
                0x080036ba       0x16 build/ST/STM32F746G-DISCO/target/gcc/isr.o
                0x080036ba                DMA1_Stream3_IRQHandler
 .text.DMA1_Stream2_IRQHandler
                0x080036d0       0x16 build/ST/STM32F746G-DISCO/target/gcc/isr.o
                0x080036d0                DMA1_Stream2_IRQHandler
 .text.DMA1_Stream1_IRQHandler
                0x080036e6       0x16 build/ST/STM32F746G-DISCO/target/gcc/isr.o
                0x080036e6                DMA1_Stream1_IRQHandler
 .text.DMA1_Stream0_IRQHandler
                0x080036fc       0x16 build/ST/STM32F746G-DISCO/target/gcc/isr.o
                0x080036fc                DMA1_Stream0_IRQHandler
 *fill*         0x08003712        0x2 00000000
 .text.I2Cx_Init
                0x08003714      0x154 build/ST/STM32F746G-DISCO/target/bsp/source/vendor/STM32746G-Discovery/stm32746g_discovery.o
 .text.I2Cx_ReadMultiple
                0x08003868       0x30 build/ST/STM32F746G-DISCO/target/bsp/source/vendor/STM32746G-Discovery/stm32746g_discovery.o
 .text.I2Cx_WriteMultiple
                0x08003898       0x30 build/ST/STM32F746G-DISCO/target/bsp/source/vendor/STM32746G-Discovery/stm32746g_discovery.o
 .text.BSP_LED_Init
                0x080038c8       0x48 build/ST/STM32F746G-DISCO/target/bsp/source/vendor/STM32746G-Discovery/stm32746g_discovery.o
                0x080038c8                BSP_LED_Init
 .text.BSP_LED_On
                0x08003910       0x14 build/ST/STM32F746G-DISCO/target/bsp/source/vendor/STM32746G-Discovery/stm32746g_discovery.o
                0x08003910                BSP_LED_On
 .text.BSP_LED_Off
                0x08003924       0x14 build/ST/STM32F746G-DISCO/target/bsp/source/vendor/STM32746G-Discovery/stm32746g_discovery.o
                0x08003924                BSP_LED_Off
 .text.BSP_LED_Toggle
                0x08003938       0x10 build/ST/STM32F746G-DISCO/target/bsp/source/vendor/STM32746G-Discovery/stm32746g_discovery.o
                0x08003938                BSP_LED_Toggle
 .text.TS_IO_Init
                0x08003948        0xc build/ST/STM32F746G-DISCO/target/bsp/source/vendor/STM32746G-Discovery/stm32746g_discovery.o
                0x08003948                TS_IO_Init
 .text.TS_IO_Write
                0x08003954       0x20 build/ST/STM32F746G-DISCO/target/bsp/source/vendor/STM32746G-Discovery/stm32746g_discovery.o
                0x08003954                TS_IO_Write
 .text.TS_IO_Read
                0x08003974       0x28 build/ST/STM32F746G-DISCO/target/bsp/source/vendor/STM32746G-Discovery/stm32746g_discovery.o
                0x08003974                TS_IO_Read
 .text.TS_IO_Delay
                0x0800399c        0x4 build/ST/STM32F746G-DISCO/target/bsp/source/vendor/STM32746G-Discovery/stm32746g_discovery.o
                0x0800399c                TS_IO_Delay
 .text.BSP_LCD_GetXSize
                0x080039a0       0x18 build/ST/STM32F746G-DISCO/target/bsp/source/vendor/STM32746G-Discovery/stm32746g_discovery_lcd.o
                0x080039a0                BSP_LCD_GetXSize
 .text.BSP_LCD_GetYSize
                0x080039b8       0x18 build/ST/STM32F746G-DISCO/target/bsp/source/vendor/STM32746G-Discovery/stm32746g_discovery_lcd.o
                0x080039b8                BSP_LCD_GetYSize
 .text.BSP_LCD_DisplayOn
                0x080039d0       0x34 build/ST/STM32F746G-DISCO/target/bsp/source/vendor/STM32746G-Discovery/stm32746g_discovery_lcd.o
                0x080039d0                BSP_LCD_DisplayOn
 .text.BSP_LCD_MspInit
                0x08003a04      0x148 build/ST/STM32F746G-DISCO/target/bsp/source/vendor/STM32746G-Discovery/stm32746g_discovery_lcd.o
                0x08003a04                BSP_LCD_MspInit
 .text.BSP_LCD_ClockConfig
                0x08003b4c       0x1c build/ST/STM32F746G-DISCO/target/bsp/source/vendor/STM32746G-Discovery/stm32746g_discovery_lcd.o
                0x08003b4c                BSP_LCD_ClockConfig
 .text.BSP_LCD_Init
                0x08003b68       0xa0 build/ST/STM32F746G-DISCO/target/bsp/source/vendor/STM32746G-Discovery/stm32746g_discovery_lcd.o
                0x08003b68                BSP_LCD_Init
 .text.BSP_SDRAM_Initialization_sequence
                0x08003c08       0x98 build/ST/STM32F746G-DISCO/target/bsp/source/vendor/STM32746G-Discovery/stm32746g_discovery_sdram.o
                0x08003c08                BSP_SDRAM_Initialization_sequence
 .text.BSP_SDRAM_MspInit
                0x08003ca0      0x17c build/ST/STM32F746G-DISCO/target/bsp/source/vendor/STM32746G-Discovery/stm32746g_discovery_sdram.o
                0x08003ca0                BSP_SDRAM_MspInit
 .text.BSP_SDRAM_Init
                0x08003e1c       0x7c build/ST/STM32F746G-DISCO/target/bsp/source/vendor/STM32746G-Discovery/stm32746g_discovery_sdram.o
                0x08003e1c                BSP_SDRAM_Init
 .text.BSP_TS_Init
                0x08003e98       0x50 build/ST/STM32F746G-DISCO/target/bsp/source/vendor/STM32746G-Discovery/stm32746g_discovery_ts.o
                0x08003e98                BSP_TS_Init
 .text.BSP_TS_Get_GestureId
                0x08003ee8       0x60 build/ST/STM32F746G-DISCO/target/bsp/source/vendor/STM32746G-Discovery/stm32746g_discovery_ts.o
                0x08003ee8                BSP_TS_Get_GestureId
 .text.BSP_TS_GetState
                0x08003f48      0x170 build/ST/STM32F746G-DISCO/target/bsp/source/vendor/STM32746G-Discovery/stm32746g_discovery_ts.o
                0x08003f48                BSP_TS_GetState
 .text.QSPI_AutoPollingMemReady.constprop.1
                0x080040b8       0x54 build/ST/STM32F746G-DISCO/target/bsp/source/vendor/STM32746G-Discovery/stm32746g_discovery_qspi.o
 .text.QSPI_WriteEnable.constprop.3
                0x0800410c       0x70 build/ST/STM32F746G-DISCO/target/bsp/source/vendor/STM32746G-Discovery/stm32746g_discovery_qspi.o
 .text.BSP_QSPI_EnableMemoryMappedMode
                0x0800417c       0x50 build/ST/STM32F746G-DISCO/target/bsp/source/vendor/STM32746G-Discovery/stm32746g_discovery_qspi.o
                0x0800417c                BSP_QSPI_EnableMemoryMappedMode
 .text.BSP_QSPI_MspInit
                0x080041cc      0x124 build/ST/STM32F746G-DISCO/target/bsp/source/vendor/STM32746G-Discovery/stm32746g_discovery_qspi.o
                0x080041cc                BSP_QSPI_MspInit
 .text.BSP_QSPI_Init
                0x080042f0      0x134 build/ST/STM32F746G-DISCO/target/bsp/source/vendor/STM32746G-Discovery/stm32746g_discovery_qspi.o
                0x080042f0                BSP_QSPI_Init
 .text.ft5336_TS_ITStatus
                0x08004424        0x4 build/ST/STM32F746G-DISCO/target/bsp/source/vendor/Components/ft5336/ft5336.o
                0x08004424                ft5336_TS_ITStatus
 .text.ft5336_TS_ClearIT
                0x08004428        0x2 build/ST/STM32F746G-DISCO/target/bsp/source/vendor/Components/ft5336/ft5336.o
                0x08004428                ft5336_TS_ClearIT
 *fill*         0x0800442a        0x2 00000000
 .text.ft5336_ReadID
                0x0800442c       0x48 build/ST/STM32F746G-DISCO/target/bsp/source/vendor/Components/ft5336/ft5336.o
                0x0800442c                ft5336_ReadID
 .text.ft5336_TS_DetectTouch
                0x08004474       0x44 build/ST/STM32F746G-DISCO/target/bsp/source/vendor/Components/ft5336/ft5336.o
                0x08004474                ft5336_TS_DetectTouch
 .text.ft5336_TS_GetXY
                0x080044b8       0xc4 build/ST/STM32F746G-DISCO/target/bsp/source/vendor/Components/ft5336/ft5336.o
                0x080044b8                ft5336_TS_GetXY
 .text.ft5336_TS_EnableIT
                0x0800457c        0xa build/ST/STM32F746G-DISCO/target/bsp/source/vendor/Components/ft5336/ft5336.o
                0x0800457c                ft5336_TS_EnableIT
 .text.ft5336_TS_DisableIT
                0x08004586        0xa build/ST/STM32F746G-DISCO/target/bsp/source/vendor/Components/ft5336/ft5336.o
                0x08004586                ft5336_TS_DisableIT
 .text.ft5336_TS_Start
                0x08004590        0x4 build/ST/STM32F746G-DISCO/target/bsp/source/vendor/Components/ft5336/ft5336.o
                0x08004590                ft5336_TS_Start
 .text.ft5336_Reset
                0x08004594        0x2 build/ST/STM32F746G-DISCO/target/bsp/source/vendor/Components/ft5336/ft5336.o
                0x08004594                ft5336_Reset
 *fill*         0x08004596        0x2 00000000
 .text.ft5336_Init
                0x08004598       0x1c build/ST/STM32F746G-DISCO/target/bsp/source/vendor/Components/ft5336/ft5336.o
                0x08004598                ft5336_Init
 .text.ft5336_TS_GetGestureID
                0x080045b4       0x20 build/ST/STM32F746G-DISCO/target/bsp/source/vendor/Components/ft5336/ft5336.o
                0x080045b4                ft5336_TS_GetGestureID
 .text.ft5336_TS_GetTouchInfo
                0x080045d4       0x88 build/ST/STM32F746G-DISCO/target/bsp/source/vendor/Components/ft5336/ft5336.o
                0x080045d4                ft5336_TS_GetTouchInfo
 .text.HAL_MspInit
                0x0800465c        0x2 build/ST/STM32F746G-DISCO/target/bsp/source/platform/stm32f7xx/STM32F7xx_HAL_Driver/stm32f7xx_hal.o
                0x0800465c                HAL_MspInit
 *fill*         0x0800465e        0x2 00000000
 .text.HAL_InitTick
                0x08004660       0x28 build/ST/STM32F746G-DISCO/target/bsp/source/platform/stm32f7xx/STM32F7xx_HAL_Driver/stm32f7xx_hal.o
                0x08004660                HAL_InitTick
 .text.HAL_Init
                0x08004688       0x24 build/ST/STM32F746G-DISCO/target/bsp/source/platform/stm32f7xx/STM32F7xx_HAL_Driver/stm32f7xx_hal.o
                0x08004688                HAL_Init
 .text.HAL_IncTick
                0x080046ac       0x10 build/ST/STM32F746G-DISCO/target/bsp/source/platform/stm32f7xx/STM32F7xx_HAL_Driver/stm32f7xx_hal.o
                0x080046ac                HAL_IncTick
 .text.HAL_GetTick
                0x080046bc        0xc build/ST/STM32F746G-DISCO/target/bsp/source/platform/stm32f7xx/STM32F7xx_HAL_Driver/stm32f7xx_hal.o
                0x080046bc                HAL_GetTick
 .text.HAL_Delay
                0x080046c8       0x1a build/ST/STM32F746G-DISCO/target/bsp/source/platform/stm32f7xx/STM32F7xx_HAL_Driver/stm32f7xx_hal.o
                0x080046c8                HAL_Delay
 *fill*         0x080046e2        0x2 00000000
 .text.HAL_NVIC_SetPriorityGrouping
                0x080046e4       0x24 build/ST/STM32F746G-DISCO/target/bsp/source/platform/stm32f7xx/STM32F7xx_HAL_Driver/stm32f7xx_hal_cortex.o
                0x080046e4                HAL_NVIC_SetPriorityGrouping
 .text.HAL_NVIC_SetPriority
                0x08004708       0x70 build/ST/STM32F746G-DISCO/target/bsp/source/platform/stm32f7xx/STM32F7xx_HAL_Driver/stm32f7xx_hal_cortex.o
                0x08004708                HAL_NVIC_SetPriority
 .text.HAL_NVIC_EnableIRQ
                0x08004778       0x18 build/ST/STM32F746G-DISCO/target/bsp/source/platform/stm32f7xx/STM32F7xx_HAL_Driver/stm32f7xx_hal_cortex.o
                0x08004778                HAL_NVIC_EnableIRQ
 .text.HAL_NVIC_DisableIRQ
                0x08004790       0x1c build/ST/STM32F746G-DISCO/target/bsp/source/platform/stm32f7xx/STM32F7xx_HAL_Driver/stm32f7xx_hal_cortex.o
                0x08004790                HAL_NVIC_DisableIRQ
 .text.HAL_SYSTICK_Config
                0x080047ac       0x2c build/ST/STM32F746G-DISCO/target/bsp/source/platform/stm32f7xx/STM32F7xx_HAL_Driver/stm32f7xx_hal_cortex.o
                0x080047ac                HAL_SYSTICK_Config
 .text.HAL_MPU_ConfigRegion
                0x080047d8       0x4c build/ST/STM32F746G-DISCO/target/bsp/source/platform/stm32f7xx/STM32F7xx_HAL_Driver/stm32f7xx_hal_cortex.o
                0x080047d8                HAL_MPU_ConfigRegion
 .text.DMA_CalcBaseAndBitshift
                0x08004824       0x2c build/ST/STM32F746G-DISCO/target/bsp/source/platform/stm32f7xx/STM32F7xx_HAL_Driver/stm32f7xx_hal_dma.o
 .text.HAL_DMA_Init
                0x08004850      0x100 build/ST/STM32F746G-DISCO/target/bsp/source/platform/stm32f7xx/STM32F7xx_HAL_Driver/stm32f7xx_hal_dma.o
                0x08004850                HAL_DMA_Init
 .text.HAL_DMA_DeInit
                0x08004950       0x54 build/ST/STM32F746G-DISCO/target/bsp/source/platform/stm32f7xx/STM32F7xx_HAL_Driver/stm32f7xx_hal_dma.o
                0x08004950                HAL_DMA_DeInit
 .text.HAL_DMA_Abort
                0x080049a4       0x8c build/ST/STM32F746G-DISCO/target/bsp/source/platform/stm32f7xx/STM32F7xx_HAL_Driver/stm32f7xx_hal_dma.o
                0x080049a4                HAL_DMA_Abort
 .text.DMA2D_SetConfig
                0x08004a30       0x98 build/ST/STM32F746G-DISCO/target/bsp/source/platform/stm32f7xx/STM32F7xx_HAL_Driver/stm32f7xx_hal_dma2d.o
 .text.HAL_DMA2D_MspInit
                0x08004ac8        0x2 build/ST/STM32F746G-DISCO/target/bsp/source/platform/stm32f7xx/STM32F7xx_HAL_Driver/stm32f7xx_hal_dma2d.o
                0x08004ac8                HAL_DMA2D_MspInit
 .text.HAL_DMA2D_Init
                0x08004aca       0x5c build/ST/STM32F746G-DISCO/target/bsp/source/platform/stm32f7xx/STM32F7xx_HAL_Driver/stm32f7xx_hal_dma2d.o
                0x08004aca                HAL_DMA2D_Init
 .text.HAL_DMA2D_MspDeInit
                0x08004b26        0x2 build/ST/STM32F746G-DISCO/target/bsp/source/platform/stm32f7xx/STM32F7xx_HAL_Driver/stm32f7xx_hal_dma2d.o
                0x08004b26                HAL_DMA2D_MspDeInit
 .text.HAL_DMA2D_Start_IT
                0x08004b28       0x3e build/ST/STM32F746G-DISCO/target/bsp/source/platform/stm32f7xx/STM32F7xx_HAL_Driver/stm32f7xx_hal_dma2d.o
                0x08004b28                HAL_DMA2D_Start_IT
 .text.HAL_DMA2D_BlendingStart_IT
                0x08004b66       0x48 build/ST/STM32F746G-DISCO/target/bsp/source/platform/stm32f7xx/STM32F7xx_HAL_Driver/stm32f7xx_hal_dma2d.o
                0x08004b66                HAL_DMA2D_BlendingStart_IT
 .text.HAL_DMA2D_Abort
                0x08004bae       0x58 build/ST/STM32F746G-DISCO/target/bsp/source/platform/stm32f7xx/STM32F7xx_HAL_Driver/stm32f7xx_hal_dma2d.o
                0x08004bae                HAL_DMA2D_Abort
 .text.HAL_DMA2D_CLUTLoading_Abort
                0x08004c06       0x60 build/ST/STM32F746G-DISCO/target/bsp/source/platform/stm32f7xx/STM32F7xx_HAL_Driver/stm32f7xx_hal_dma2d.o
                0x08004c06                HAL_DMA2D_CLUTLoading_Abort
 *fill*         0x08004c66        0x2 00000000
 .text.HAL_DMA2D_DeInit
                0x08004c68       0x6c build/ST/STM32F746G-DISCO/target/bsp/source/platform/stm32f7xx/STM32F7xx_HAL_Driver/stm32f7xx_hal_dma2d.o
                0x08004c68                HAL_DMA2D_DeInit
 .text.HAL_DMA2D_ConfigLayer
                0x08004cd4       0xac build/ST/STM32F746G-DISCO/target/bsp/source/platform/stm32f7xx/STM32F7xx_HAL_Driver/stm32f7xx_hal_dma2d.o
                0x08004cd4                HAL_DMA2D_ConfigLayer
 .text.HAL_GPIO_Init
                0x08004d80      0x1d8 build/ST/STM32F746G-DISCO/target/bsp/source/platform/stm32f7xx/STM32F7xx_HAL_Driver/stm32f7xx_hal_gpio.o
                0x08004d80                HAL_GPIO_Init
 .text.HAL_GPIO_WritePin
                0x08004f58        0xa build/ST/STM32F746G-DISCO/target/bsp/source/platform/stm32f7xx/STM32F7xx_HAL_Driver/stm32f7xx_hal_gpio.o
                0x08004f58                HAL_GPIO_WritePin
 .text.HAL_GPIO_TogglePin
                0x08004f62        0x8 build/ST/STM32F746G-DISCO/target/bsp/source/platform/stm32f7xx/STM32F7xx_HAL_Driver/stm32f7xx_hal_gpio.o
                0x08004f62                HAL_GPIO_TogglePin
 .text.I2C_Flush_TXDR
                0x08004f6a       0x1e build/ST/STM32F746G-DISCO/target/bsp/source/platform/stm32f7xx/STM32F7xx_HAL_Driver/stm32f7xx_hal_i2c.o
 .text.I2C_TransferConfig
                0x08004f88       0x2a build/ST/STM32F746G-DISCO/target/bsp/source/platform/stm32f7xx/STM32F7xx_HAL_Driver/stm32f7xx_hal_i2c.o
 .text.I2C_WaitOnFlagUntilTimeout
                0x08004fb2       0x4e build/ST/STM32F746G-DISCO/target/bsp/source/platform/stm32f7xx/STM32F7xx_HAL_Driver/stm32f7xx_hal_i2c.o