Component: ARM Compiler 5.06 update 1 (build 61) Tool: armlink [4d35a8]

==============================================================================

Section Cross References

    gui_singlethread.o(i.CPU_CACHE_Enable) refers to gui_singlethread.o(i.SCB_EnableICache) for SCB_EnableICache
    gui_singlethread.o(i.CPU_CACHE_Enable) refers to gui_singlethread.o(i.SCB_EnableDCache) for SCB_EnableDCache
    gui_singlethread.o(i.GUIThread) refers to _printf_pad.o(.text) for _printf_pre_padding
    gui_singlethread.o(i.GUIThread) refers to _printf_percent.o(.ARM.Collect$$_printf_percent$$00000000) for _printf_percent
    gui_singlethread.o(i.GUIThread) refers to _printf_d.o(.ARM.Collect$$_printf_percent$$00000009) for _printf_d
    gui_singlethread.o(i.GUIThread) refers to _printf_dec.o(.text) for _printf_int_dec
    gui_singlethread.o(i.GUIThread) refers to gui_singlethread.o(i.MPU_Config) for MPU_Config
    gui_singlethread.o(i.GUIThread) refers to gui_singlethread.o(i.CPU_CACHE_Enable) for CPU_CACHE_Enable
    gui_singlethread.o(i.GUIThread) refers to stm32f7xx_hal.o(i.HAL_Init) for HAL_Init
    gui_singlethread.o(i.GUIThread) refers to stm32746g_discovery_sdram.o(i.BSP_SDRAM_Init) for BSP_SDRAM_Init
    gui_singlethread.o(i.GUIThread) refers to gui_singlethread.o(i.SystemClock_Config) for SystemClock_Config
    gui_singlethread.o(i.GUIThread) refers to gui_core.o(i.GUI_Init) for GUI_Init
    gui_singlethread.o(i.GUIThread) refers to touch_746g_discovery.o(i.Touch_Initialize) for Touch_Initialize
    gui_singlethread.o(i.GUIThread) refers to gui_setcolor.o(i.GUI_SetBkColor) for GUI_SetBkColor
    gui_singlethread.o(i.GUIThread) refers to gui_core.o(i.GUI_Clear) for GUI_Clear
    gui_singlethread.o(i.GUIThread) refers to gui_singlethread.o(i.makeUI) for makeUI
    gui_singlethread.o(i.GUIThread) refers to gui_x_touch.o(i.GUI_TOUCH_GetxPhys) for GUI_TOUCH_GetxPhys
    gui_singlethread.o(i.GUIThread) refers to gui_x_touch.o(i.GUI_TOUCH_GetyPhys) for GUI_TOUCH_GetyPhys
    gui_singlethread.o(i.GUIThread) refers to gui_setfont.o(i.GUI_SetFont) for GUI_SetFont
    gui_singlethread.o(i.GUIThread) refers to noretval__2sprintf.o(.text) for __2sprintf
    gui_singlethread.o(i.GUIThread) refers to gui_dispstringat.o(i.GUI_DispStringAt) for GUI_DispStringAt
    gui_singlethread.o(i.GUIThread) refers to gui_singlethread.o(i.doScan) for doScan
    gui_singlethread.o(i.GUIThread) refers to gui_exec.o(i.GUI_Exec) for GUI_Exec
    gui_singlethread.o(i.GUIThread) refers to f10_1.o(.constdata) for GUI_Font10_1
    gui_singlethread.o(i.GUIThread) refers to gui_singlethread.o(.bss) for texte
    gui_singlethread.o(i.HAL_GetTick) refers to rt_time.o(.data) for os_time
    gui_singlethread.o(i.Init_GUIThread) refers to rt_cmsis.o(i.osThreadCreate) for osThreadCreate
    gui_singlethread.o(i.Init_GUIThread) refers to gui_singlethread.o(.constdata) for os_thread_def_GUIThread
    gui_singlethread.o(i.Init_GUIThread) refers to gui_singlethread.o(.data) for tid_GUIThread
    gui_singlethread.o(i.MPU_Config) refers to stm32f7xx_hal_cortex.o(i.HAL_MPU_Disable) for HAL_MPU_Disable
    gui_singlethread.o(i.MPU_Config) refers to stm32f7xx_hal_cortex.o(i.HAL_MPU_ConfigRegion) for HAL_MPU_ConfigRegion
    gui_singlethread.o(i.MPU_Config) refers to stm32f7xx_hal_cortex.o(i.HAL_MPU_Enable) for HAL_MPU_Enable
    gui_singlethread.o(i.SystemClock_Config) refers to stm32f7xx_hal_rcc.o(i.HAL_RCC_OscConfig) for HAL_RCC_OscConfig
    gui_singlethread.o(i.SystemClock_Config) refers to stm32f7xx_hal_pwr_ex.o(i.HAL_PWREx_EnableOverDrive) for HAL_PWREx_EnableOverDrive
    gui_singlethread.o(i.SystemClock_Config) refers to stm32f7xx_hal_rcc.o(i.HAL_RCC_ClockConfig) for HAL_RCC_ClockConfig
    gui_singlethread.o(i.clearUI) refers to gui_setfont.o(i.GUI_SetFont) for GUI_SetFont
    gui_singlethread.o(i.clearUI) refers to noretval__2sprintf.o(.text) for __2sprintf
    gui_singlethread.o(i.clearUI) refers to gui_dispstringat.o(i.GUI_DispStringAt) for GUI_DispStringAt
    gui_singlethread.o(i.clearUI) refers to gui_singlethread.o(i.makeUI) for makeUI
    gui_singlethread.o(i.clearUI) refers to gui_singlethread.o(.data) for isWritten
    gui_singlethread.o(i.clearUI) refers to f20_1.o(.constdata) for GUI_Font20_1
    gui_singlethread.o(i.clearUI) refers to gui_singlethread.o(.bss) for texte
    gui_singlethread.o(i.doScan) refers to gui_singlethread.o(i.clearUI) for clearUI
    gui_singlethread.o(i.doScan) refers to gui_setfont.o(i.GUI_SetFont) for GUI_SetFont
    gui_singlethread.o(i.doScan) refers to noretval__2sprintf.o(.text) for __2sprintf
    gui_singlethread.o(i.doScan) refers to gui_dispstringat.o(i.GUI_DispStringAt) for GUI_DispStringAt
    gui_singlethread.o(i.doScan) refers to gui_singlethread.o(.data) for ListPrev
    gui_singlethread.o(i.doScan) refers to f20_1.o(.constdata) for GUI_Font20_1
    gui_singlethread.o(i.doScan) refers to gui_singlethread.o(.bss) for texte
[...]
    0x0800cc34   0x00000020   Code   RO         4596    i._Index2Color_88666I  GUI_CM4F_L.lib(guicc_88666i.o)
    0x0800cc54   0x00000030   Code   RO         4614    i._Index2Color_M1555I  GUI_CM4F_L.lib(guicc_m1555i.o)
    0x0800cc84   0x00000030   Code   RO         4634    i._Index2Color_M4444I  GUI_CM4F_L.lib(guicc_m4444i.o)
    0x0800ccb4   0x00000018   Code   RO         5302    i._Init             GUI_CM4F_L.lib(guidrv_lin_24.o)
    0x0800cccc   0x00000070   Code   RO         4801    i._InitContext      GUI_CM4F_L.lib(gui_core.o)
    0x0800cd3c   0x00000094   Code   RO         4740    i._InitOnce         GUI_CM4F_L.lib(gui_alloc.o)
    0x0800cdd0   0x00000024   Code   RO         5303    i._InitOnce         GUI_CM4F_L.lib(guidrv_lin_24.o)
    0x0800cdf4   0x00000080   Code   RO         6622    i._Invalidate1Abs   GUI_CM4F_L.lib(wm.o)
    0x0800ce74   0x00000014   Code   RO         3532    i._InvertAlpha      lcdconf.o
    0x0800ce88   0x0000002c   Code   RO         3533    i._InvertAlpha_SwapRB  lcdconf.o
    0x0800ceb4   0x00000060   Code   RO         3534    i._LCD_CopyBuffer   lcdconf.o
    0x0800cf14   0x0000009c   Code   RO         3535    i._LCD_CopyRect     lcdconf.o
    0x0800cfb0   0x0000001c   Code   RO         3536    i._LCD_DisplayOff   lcdconf.o
    0x0800cfcc   0x0000001c   Code   RO         3537    i._LCD_DisplayOn    lcdconf.o
    0x0800cfe8   0x00000084   Code   RO         3538    i._LCD_DrawBitmap16bpp  lcdconf.o
    0x0800d06c   0x00000084   Code   RO         3539    i._LCD_DrawBitmap8bpp  lcdconf.o
    0x0800d0f0   0x000000a8   Code   RO         3540    i._LCD_FillRect     lcdconf.o
    0x0800d198   0x00000070   Code   RO         3541    i._LCD_GetpPalConvTable  lcdconf.o
    0x0800d208   0x000001cc   Code   RO         3542    i._LCD_InitController  lcdconf.o
    0x0800d3d4   0x00000084   Code   RO         3543    i._LCD_MixColorsBulk  lcdconf.o
    0x0800d458   0x0000002c   Code   RO         3544    i._LCD_SetChroma    lcdconf.o
    0x0800d484   0x00000020   Code   RO         3545    i._LCD_SetChromaMode  lcdconf.o
    0x0800d4a4   0x00000034   Code   RO         3546    i._LCD_SetLUTEntry  lcdconf.o
    0x0800d4d8   0x00000018   Code   RO         3547    i._LCD_SetLayerAlpha  lcdconf.o
    0x0800d4f0   0x0000001c   Code   RO         3548    i._LCD_SetLayerPos  lcdconf.o
    0x0800d50c   0x0000001c   Code   RO         3549    i._LCD_SetLayerSize  lcdconf.o
    0x0800d528   0x00000044   Code   RO         3550    i._LCD_SetOrg       lcdconf.o
    0x0800d56c   0x0000004c   Code   RO         3551    i._LCD_SetVis       lcdconf.o
    0x0800d5b8   0x00000002   Code   RO         6782    i._Log2VisBuffered  GUI_CM4F_L.lib(gui_charline.o)
    0x0800d5ba   0x00000008   Code   RO         7025    i._Min              GUI_CM4F_L.lib(guidev_banding.o)
    0x0800d5c2   0x0000006e   Code   RO         7936    i._MoveDescendents  GUI_CM4F_L.lib(wm_move.o)
    0x0800d630   0x0000000a   Code   RO         5304    i._Off              GUI_CM4F_L.lib(guidrv_lin_24.o)
    0x0800d63a   0x0000000a   Code   RO         5305    i._On               GUI_CM4F_L.lib(guidrv_lin_24.o)
    0x0800d644   0x00000028   Code   RO         4677    i._OnExit           GUI_CM4F_L.lib(gui__alpha.o)
    0x0800d66c   0x0000002c   Code   RO         4802    i._OnExit           GUI_CM4F_L.lib(gui_core.o)
    0x0800d698   0x00000014   Code   RO         5121    i._OnExit           GUI_CM4F_L.lib(lcd_color.o)
    0x0800d6ac   0x00000014   Code   RO         6196    i._OnExit           GUI_CM4F_L.lib(gui_task.o)
    0x0800d6c0   0x00000084   Code   RO         6623    i._OnExit           GUI_CM4F_L.lib(wm.o)
    0x0800d744   0x00000014   Code   RO         6886    i._OnExit           GUI_CM4F_L.lib(gui_pid.o)
    0x0800d758   0x00000024   Code   RO         6624    i._Paint1           GUI_CM4F_L.lib(wm.o)
    0x0800d77c   0x0000008c   Code   RO         6625    i._Paint1Trans      GUI_CM4F_L.lib(wm.o)
    0x0800d808   0x0000009a   Code   RO         6626    i._PaintTransChildren  GUI_CM4F_L.lib(wm.o)
    0x0800d8a2   0x00000002   PAD
    0x0800d8a4   0x00000040   Code   RO         4741    i._PopFreeBlock     GUI_CM4F_L.lib(gui_alloc.o)
    0x0800d8e4   0x00000028   Code   RO         4742    i._PushFreeBlock    GUI_CM4F_L.lib(gui_alloc.o)
    0x0800d90c   0x0000001c   Code   RO         7764    i._ReleaseBuffer    GUI_CM4F_L.lib(gui_sprite.o)
    0x0800d928   0x00000034   Code   RO         4743    i._RemoveFreeBlock  GUI_CM4F_L.lib(gui_alloc.o)
    0x0800d95c   0x0000005c   Code   RO         7404    i._RemoveFromLinList  GUI_CM4F_L.lib(gui_timer.o)
    0x0800d9b8   0x000000a0   Code   RO         4744    i._RemoveHoles      GUI_CM4F_L.lib(gui_alloc.o)
    0x0800da58   0x0000005a   Code   RO         7678    i._Screen2hWin      GUI_CM4F_L.lib(wm_screen2win.o)
    0x0800dab2   0x00000002   PAD
    0x0800dab4   0x00000024   Code   RO         7679    i._Screen2hWinStop  GUI_CM4F_L.lib(wm_screen2win.o)
    0x0800dad8   0x00000026   Code   RO         5306    i._SetAlpha         GUI_CM4F_L.lib(guidrv_lin_24.o)
    0x0800dafe   0x00000010   Code   RO         5307    i._SetAlphaMode     GUI_CM4F_L.lib(guidrv_lin_24.o)
    0x0800db0e   0x00000002   PAD
    0x0800db10   0x00000020   Code   RO         5086    i._SetBkColor       GUI_CM4F_L.lib(lcd.o)
    0x0800db30   0x0000004a   Code   RO         7767    i._SetBkIndexBuffered  GUI_CM4F_L.lib(gui_sprite.o)
    0x0800db7a   0x00000012   Code   RO         5308    i._SetChroma        GUI_CM4F_L.lib(guidrv_lin_24.o)
    0x0800db8c   0x00000010   Code   RO         5309    i._SetChromaMode    GUI_CM4F_L.lib(guidrv_lin_24.o)
    0x0800db9c   0x0000004c   Code   RO         6627    i._SetClipRectUserIntersect  GUI_CM4F_L.lib(wm.o)
    0x0800dbe8   0x00000020   Code   RO         5087    i._SetColor         GUI_CM4F_L.lib(lcd.o)
    0x0800dc08   0x00000044   Code   RO         5310    i._SetDevFunc       GUI_CM4F_L.lib(guidrv_lin_24.o)
    0x0800dc4c   0x0000002c   Code   RO         5088    i._SetDrawMode      GUI_CM4F_L.lib(lcd.o)
    0x0800dc78   0x00000078   Code   RO         4881    i._SetLineColor     GUI_CM4F_L.lib(gui_drawline.o)
    0x0800dcf0   0x000000a4   Code   RO         5311    i._SetOrg           GUI_CM4F_L.lib(guidrv_lin_24.o)
    0x0800dd94   0x00000008   Code   RO         6545    i._SetOrg           GUI_CM4F_L.lib(guidev_32.o)
    0x0800dd9c   0x00000082   Code   RO         5312    i._SetPixelIndex    GUI_CM4F_L.lib(guidrv_lin_24.o)
    0x0800de1e   0x00000002   PAD
    0x0800de20   0x00000048   Code   RO         6546    i._SetPixelIndex    GUI_CM4F_L.lib(guidev_32.o)
    0x0800de68   0x000000f6   Code   RO         5313    i._SetPos           GUI_CM4F_L.lib(guidrv_lin_24.o)
    0x0800df5e   0x00000002   PAD
    0x0800df60   0x0000045c   Code   RO         7770    i._SetPosition      GUI_CM4F_L.lib(gui_sprite.o)
    0x0800e3bc   0x00000044   Code   RO         5314    i._SetSize          GUI_CM4F_L.lib(guidrv_lin_24.o)
    0x0800e400   0x00000028   Code   RO         5315    i._SetVRAMAddr      GUI_CM4F_L.lib(guidrv_lin_24.o)
    0x0800e428   0x0000002a   Code   RO         5316    i._SetVSize         GUI_CM4F_L.lib(guidrv_lin_24.o)
    0x0800e452   0x00000026   Code   RO         5317    i._SetVis           GUI_CM4F_L.lib(guidrv_lin_24.o)
    0x0800e478   0x00000024   Code   RO         5318    i._ShowBuffer       GUI_CM4F_L.lib(guidrv_lin_24.o)
    0x0800e49c   0x00000068   Code   RO         6887    i._StoreState       GUI_CM4F_L.lib(gui_pid.o)
    0x0800e504   0x000000ea   Code   RO         4745    i._TestRAM          GUI_CM4F_L.lib(gui_alloc.o)
    0x0800e5ee   0x00000002   PAD
    0x0800e5f0   0x00000050   Code   RO         7405    i._Unlink           GUI_CM4F_L.lib(gui_timer.o)
    0x0800e640   0x0000000e   Code   RO         4746    i._WriteTagData     GUI_CM4F_L.lib(gui_alloc.o)
    0x0800e64e   0x00000002   PAD
    0x0800e650   0x00000180   Code   RO         7078    i._WriteToActiveAlpha  GUI_CM4F_L.lib(guidev_writetoactivealpha.o)
    0x0800e7d0   0x00000340   Code   RO         7560    i._WriteToActiveOpaque_8  GUI_CM4F_L.lib(guidev_writetoactiveopaque.o)
    0x0800eb10   0x00000344   Code   RO         7561    i._WriteToActiveOpaque_HT  GUI_CM4F_L.lib(guidev_writetoactiveopaque.o)
    0x0800ee54   0x0000003c   Code   RO         6547    i._XY2PTR           GUI_CM4F_L.lib(guidev_32.o)
    0x0800ee90   0x00000028   Code   RO         5319    i._XorPixel         GUI_CM4F_L.lib(guidrv_lin_24.o)
    0x0800eeb8   0x00000058   Code   RO         6548    i._XorPixel         GUI_CM4F_L.lib(guidev_32.o)
    0x0800ef10   0x00000010   Code   RO         1079    i.__NVIC_GetPriorityGrouping  stm32f7xx_hal_cortex.o
    0x0800ef20   0x00000028   Code   RO         1080    i.__NVIC_SetPriority  stm32f7xx_hal_cortex.o
    0x0800ef48   0x00000084   Code   RO         4882    i._atan2            GUI_CM4F_L.lib(gui_drawline.o)
    0x0800efcc   0x00000050   Code   RO         6628    i._cbBackWin        GUI_CM4F_L.lib(wm.o)
    0x0800f01c   0x00000044   Code   RO         6629    i._cbPaintMemDev    GUI_CM4F_L.lib(wm.o)
    0x0800f060   0x00000046   Code   RO         5905    i._init_box         RTX_CM4.lib(rt_membox.o)
    0x0800f0a6   0x0000000e   Code   RO         7975    i._is_digit         c_w.l(__printf_wp.o)
    0x0800f0b4   0x00000020   Code   RO          836    i._mutex_acquire    rtx_conf_cm.o
    0x0800f0d4   0x0000001c   Code   RO          838    i._mutex_release    rtx_conf_cm.o
    0x0800f0f0   0x00000070   Code   RO           12    i.clearUI           gui_singlethread.o
    0x0800f160   0x00000030   Code   RO         5958    i.dbg_init          RTX_CM4.lib(hal_cm.o)
    0x0800f190   0x00000020   Code   RO         5959    i.dbg_task_notify   RTX_CM4.lib(hal_cm.o)
    0x0800f1b0   0x00000010   Code   RO         5960    i.dbg_task_switch   RTX_CM4.lib(hal_cm.o)
    0x0800f1c0   0x000003a4   Code   RO           13    i.doScan            gui_singlethread.o
    0x0800f564   0x0000002a   Code   RO           14    i.drawElements      gui_singlethread.o
    0x0800f58e   0x00000002   PAD
    0x0800f590   0x00000094   Code   RO           15    i.drawItems         gui_singlethread.o
    0x0800f624   0x0000002e   Code   RO           16    i.drawZone          gui_singlethread.o
    0x0800f652   0x00000002   PAD
    0x0800f654   0x0000000c   Code   RO          270    i.ft5336_Get_I2C_InitializedStatus  ft5336.o
    0x0800f660   0x00000018   Code   RO          271    i.ft5336_I2C_InitializeIfRequired  ft5336.o
    0x0800f678   0x00000010   Code   RO          272    i.ft5336_Init       ft5336.o
    0x0800f688   0x0000003a   Code   RO          273    i.ft5336_ReadID     ft5336.o
    0x0800f6c2   0x00000002   Code   RO          274    i.ft5336_Reset      ft5336.o
    0x0800f6c4   0x00000002   Code   RO          275    i.ft5336_TS_ClearIT  ft5336.o
    0x0800f6c6   0x00000006   Code   RO          276    i.ft5336_TS_Configure  ft5336.o
    0x0800f6cc   0x00000040   Code   RO          277    i.ft5336_TS_DetectTouch  ft5336.o
    0x0800f70c   0x00000014   Code   RO          278    i.ft5336_TS_DisableIT  ft5336.o
    0x0800f720   0x00000014   Code   RO          279    i.ft5336_TS_EnableIT  ft5336.o
    0x0800f734   0x0000001c   Code   RO          280    i.ft5336_TS_GetGestureID  ft5336.o
    0x0800f750   0x00000108   Code   RO          281    i.ft5336_TS_GetTouchInfo  ft5336.o
    0x0800f858   0x00000164   Code   RO          282    i.ft5336_TS_GetXY   ft5336.o
    0x0800f9bc   0x00000006   Code   RO          283    i.ft5336_TS_ITStatus  ft5336.o
    0x0800f9c2   0x00000016   Code   RO          284    i.ft5336_TS_Start   ft5336.o
    0x0800f9d8   0x0000002a   Code   RO         3791    i.isrMessageGet     RTX_CM4.lib(rt_cmsis.o)
    0x0800fa02   0x0000002c   Code   RO         3792    i.isrMessagePut     RTX_CM4.lib(rt_cmsis.o)
    0x0800fa2e   0x00000002   PAD
    0x0800fa30   0x00000056   Code   RO         5793    i.isr_mbx_receive   RTX_CM4.lib(rt_mailbox.o)
    0x0800fa86   0x0000000e   Code   RO         5794    i.isr_mbx_send      RTX_CM4.lib(rt_mailbox.o)
    0x0800fa94   0x0000001a   Code   RO           17    i.main              gui_singlethread.o
    0x0800faae   0x0000000c   Code   RO           18    i.makeUI            gui_singlethread.o
    0x0800faba   0x00000002   PAD
    0x0800fabc   0x00000018   Code   RO         3795    i.osDelay           RTX_CM4.lib(rt_cmsis.o)
    0x0800fad4   0x00000024   Code   RO         3796    i.osKernelInitialize  RTX_CM4.lib(rt_cmsis.o)
    0x0800faf8   0x0000006c   Code   RO         3798    i.osKernelStart     RTX_CM4.lib(rt_cmsis.o)
    0x0800fb64   0x00000018   Code   RO         3807    i.osMessageGet      RTX_CM4.lib(rt_cmsis.o)
    0x0800fb7c   0x0000002c   Code   RO         3809    i.osMutexCreate     RTX_CM4.lib(rt_cmsis.o)
    0x0800fba8   0x00000018   Code   RO         3811    i.osMutexRelease    RTX_CM4.lib(rt_cmsis.o)
    0x0800fbc0   0x00000018   Code   RO         3812    i.osMutexWait       RTX_CM4.lib(rt_cmsis.o)
    0x0800fbd8   0x0000002c   Code   RO         3824    i.osThreadCreate    RTX_CM4.lib(rt_cmsis.o)
    0x0800fc04   0x00000018   Code   RO         3825    i.osThreadExit      RTX_CM4.lib(rt_cmsis.o)
    0x0800fc1c   0x00000018   Code   RO         3826    i.osThreadGetId     RTX_CM4.lib(rt_cmsis.o)
    0x0800fc34   0x0000000c   Code   RO         3831    i.osTimerCall       RTX_CM4.lib(rt_cmsis.o)
    0x0800fc40   0x0000002c   Code   RO         3832    i.osTimerCreate     RTX_CM4.lib(rt_cmsis.o)
    0x0800fc6c   0x00000018   Code   RO         3834    i.osTimerStart      RTX_CM4.lib(rt_cmsis.o)
    0x0800fc84   0x0000002c   Code   RO         3836    i.osTimerThread     RTX_CM4.lib(rt_cmsis.o)
    0x0800fcb0   0x000000bc   Code   RO          839    i.os_error          rtx_conf_cm.o
    0x0800fd6c   0x00000004   Code   RO          840    i.os_idle_demon     rtx_conf_cm.o
    0x0800fd70   0x00000028   Code   RO         5585    i.os_tick_init      RTX_CM4.lib(rt_system.o)
    0x0800fd98   0x00000002   Code   RO         5586    i.os_tick_irqack    RTX_CM4.lib(rt_system.o)
    0x0800fd9a   0x0000001a   Code   RO         5906    i.rt_alloc_box      RTX_CM4.lib(rt_membox.o)
    0x0800fdb4   0x0000003e   Code   RO         5934    i.rt_alloc_mem      RTX_CM4.lib(rt_memory.o)
    0x0800fdf2   0x00000002   PAD
    0x0800fdf4   0x00000038   Code   RO         4410    i.rt_block          RTX_CM4.lib(rt_task.o)
    0x0800fe2c   0x00000048   Code   RO         5883    i.rt_chk_robin      RTX_CM4.lib(rt_robin.o)
    0x0800fe74   0x00000070   Code   RO         5717    i.rt_dec_dly        RTX_CM4.lib(rt_list.o)
    0x0800fee4   0x00000044   Code   RO         4411    i.rt_dispatch       RTX_CM4.lib(rt_task.o)
    0x0800ff28   0x00000006   Code   RO         4494    i.rt_dly_wait       RTX_CM4.lib(rt_time.o)
    0x0800ff2e   0x00000002   PAD
    0x0800ff30   0x00000050   Code   RO         5678    i.rt_evt_psh        RTX_CM4.lib(rt_event.o)
    0x0800ff80   0x0000002c   Code   RO         5907    i.rt_free_box       RTX_CM4.lib(rt_membox.o)
    0x0800ffac   0x00000028   Code   RO         5935    i.rt_free_mem       RTX_CM4.lib(rt_memory.o)
    0x0800ffd4   0x00000028   Code   RO         5718    i.rt_get_first      RTX_CM4.lib(rt_list.o)
    0x0800fffc   0x00000008   Code   RO         3841    i.rt_id2obj         RTX_CM4.lib(rt_cmsis.o)
    0x08010004   0x00000048   Code   RO         4412    i.rt_init_context   RTX_CM4.lib(rt_task.o)
    0x0801004c   0x0000001a   Code   RO         5936    i.rt_init_mem       RTX_CM4.lib(rt_memory.o)
    0x08010066   0x00000002   PAD
    0x08010068   0x00000018   Code   RO         5884    i.rt_init_robin     RTX_CM4.lib(rt_robin.o)
    0x08010080   0x00000080   Code   RO         5961    i.rt_init_stack     RTX_CM4.lib(hal_cm.o)
    0x08010100   0x00000008   Code   RO         5795    i.rt_mbx_check      RTX_CM4.lib(rt_mailbox.o)
    0x08010108   0x0000001a   Code   RO         5796    i.rt_mbx_init       RTX_CM4.lib(rt_mailbox.o)
    0x08010122   0x00000002   PAD
    0x08010124   0x000000f0   Code   RO         5797    i.rt_mbx_psh        RTX_CM4.lib(rt_mailbox.o)
    0x08010214   0x000000b4   Code   RO         5799    i.rt_mbx_wait       RTX_CM4.lib(rt_mailbox.o)
    0x080102c8   0x00000044   Code   RO         3842    i.rt_ms2tick        RTX_CM4.lib(rt_cmsis.o)
    0x0801030c   0x00000010   Code   RO         4528    i.rt_mut_init       RTX_CM4.lib(rt_mutex.o)
    0x0801031c   0x000000d8   Code   RO         4529    i.rt_mut_release    RTX_CM4.lib(rt_mutex.o)
    0x080103f4   0x00000078   Code   RO         4530    i.rt_mut_wait       RTX_CM4.lib(rt_mutex.o)
    0x0801046c   0x0000007c   Code   RO         5589    i.rt_pop_req        RTX_CM4.lib(rt_system.o)
    0x080104e8   0x00000020   Code   RO         5590    i.rt_psh_req        RTX_CM4.lib(rt_system.o)
    0x08010508   0x0000005c   Code   RO         5720    i.rt_psq_enq        RTX_CM4.lib(rt_list.o)
    0x08010564   0x00000048   Code   RO         5721    i.rt_put_dly        RTX_CM4.lib(rt_list.o)
    0x080105ac   0x00000036   Code   RO         5722    i.rt_put_prio       RTX_CM4.lib(rt_list.o)
    0x080105e2   0x00000002   PAD
    0x080105e4   0x00000014   Code   RO         5723    i.rt_put_rdy_first  RTX_CM4.lib(rt_list.o)
    0x080105f8   0x00000034   Code   RO         5724    i.rt_resort_prio    RTX_CM4.lib(rt_list.o)
    0x0801062c   0x00000010   Code   RO         5962    i.rt_ret_regs       RTX_CM4.lib(hal_cm.o)
    0x0801063c   0x0000000c   Code   RO         5963    i.rt_ret_val        RTX_CM4.lib(hal_cm.o)
    0x08010648   0x00000010   Code   RO         5964    i.rt_ret_val2       RTX_CM4.lib(hal_cm.o)
    0x08010658   0x00000028   Code   RO         5725    i.rt_rmv_dly        RTX_CM4.lib(rt_list.o)
    0x08010680   0x00000030   Code   RO         5726    i.rt_rmv_list       RTX_CM4.lib(rt_list.o)
    0x080106b0   0x00000034   Code   RO         5844    i.rt_sem_psh        RTX_CM4.lib(rt_semaphore.o)
    0x080106e4   0x00000024   Code   RO         5592    i.rt_stk_check      RTX_CM4.lib(rt_system.o)
    0x08010708   0x00000028   Code   RO         4413    i.rt_switch_req     RTX_CM4.lib(rt_task.o)
    0x08010730   0x000000cc   Code   RO         4414    i.rt_sys_init       RTX_CM4.lib(rt_task.o)
    0x080107fc   0x00000078   Code   RO         4415    i.rt_sys_start      RTX_CM4.lib(rt_task.o)
    0x08010874   0x00000040   Code   RO         5594    i.rt_systick        RTX_CM4.lib(rt_system.o)
    0x080108b4   0x00000012   Code   RO         3843    i.rt_tid2ptcb       RTX_CM4.lib(rt_cmsis.o)
    0x080108c6   0x00000002   PAD
    0x080108c8   0x00000034   Code   RO         3844    i.rt_timer_insert   RTX_CM4.lib(rt_cmsis.o)
    0x080108fc   0x0000003c   Code   RO         3845    i.rt_timer_remove   RTX_CM4.lib(rt_cmsis.o)
    0x08010938   0x00000088   Code   RO         4416    i.rt_tsk_create     RTX_CM4.lib(rt_task.o)
    0x080109c0   0x0000017c   Code   RO         4417    i.rt_tsk_delete     RTX_CM4.lib(rt_task.o)
    0x08010b3c   0x0000007c   Code   RO         4419    i.rt_tsk_prio       RTX_CM4.lib(rt_task.o)
    0x08010bb8   0x00000010   Code   RO         4420    i.rt_tsk_self       RTX_CM4.lib(rt_task.o)
    0x08010bc8   0x00000012   Code   RO         3846    i.svcDelay          RTX_CM4.lib(rt_cmsis.o)
    0x08010bda   0x00000002   PAD
    0x08010bdc   0x00000070   Code   RO         3847    i.svcKernelInitialize  RTX_CM4.lib(rt_cmsis.o)
    0x08010c4c   0x00000048   Code   RO         3849    i.svcKernelStart    RTX_CM4.lib(rt_cmsis.o)
    0x08010c94   0x00000024   Code   RO         3852    i.svcMessageCreate  RTX_CM4.lib(rt_cmsis.o)
    0x08010cb8   0x0000003a   Code   RO         3853    i.svcMessageGet     RTX_CM4.lib(rt_cmsis.o)
    0x08010cf2   0x0000001c   Code   RO         3855    i.svcMutexCreate    RTX_CM4.lib(rt_cmsis.o)
    0x08010d0e   0x00000022   Code   RO         3857    i.svcMutexRelease   RTX_CM4.lib(rt_cmsis.o)
    0x08010d30   0x0000003a   Code   RO         3858    i.svcMutexWait      RTX_CM4.lib(rt_cmsis.o)
    0x08010d6a   0x00000002   PAD
    0x08010d6c   0x0000006c   Code   RO         3867    i.svcThreadCreate   RTX_CM4.lib(rt_cmsis.o)
    0x08010dd8   0x0000001c   Code   RO         3868    i.svcThreadGetId    RTX_CM4.lib(rt_cmsis.o)
    0x08010df4   0x00000038   Code   RO         3871    i.svcThreadTerminate  RTX_CM4.lib(rt_cmsis.o)
    0x08010e2c   0x00000018   Code   RO         3873    i.svcTimerCall      RTX_CM4.lib(rt_cmsis.o)
    0x08010e44   0x00000038   Code   RO         3874    i.svcTimerCreate    RTX_CM4.lib(rt_cmsis.o)
    0x08010e7c   0x00000064   Code   RO         3876    i.svcTimerStart     RTX_CM4.lib(rt_cmsis.o)
    0x08010ee0   0x0000005c   Code   RO         3882    i.sysTimerTick      RTX_CM4.lib(rt_cmsis.o)
    0x08010f3c   0x0000000a   Code   RO         8141    x$fpl$fpinit        fz_wm.l(fpinit.o)
    0x08010f46   0x00000002   PAD
    0x08010f48   0x00005fd4   Data   RO           20    .constdata          gui_singlethread.o
    0x08016f1c   0x00000068   Data   RO          842    .constdata          rtx_conf_cm.o
    0x08016f84   0x00000008   Data   RO         1216    .constdata          stm32f7xx_hal_dma.o
    0x08016f8c   0x00000018   Data   RO         3302    .constdata          system_stm32f7xx.o
    0x08016fa4   0x00000014   Data   RO         3351    .constdata          gui_x_rte.o
    0x08016fb8   0x00000008   Data   RO         3555    .constdata          lcdconf.o
    0x08016fc0   0x00000018   Data   RO         4566    .constdata          GUI_CM4F_L.lib(guicc_1616i.o)
    0x08016fd8   0x00000018   Data   RO         4581    .constdata          GUI_CM4F_L.lib(guicc_8666.o)
    0x08016ff0   0x00000018   Data   RO         4597    .constdata          GUI_CM4F_L.lib(guicc_88666i.o)
    0x08017008   0x00000018   Data   RO         4615    .constdata          GUI_CM4F_L.lib(guicc_m1555i.o)
    0x08017020   0x00000018   Data   RO         4635    .constdata          GUI_CM4F_L.lib(guicc_m4444i.o)
    0x08017038   0x00000018   Data   RO         4654    .constdata          GUI_CM4F_L.lib(guicc_m8888i.o)
    0x08017050   0x00000008   Data   RO         4804    .constdata          GUI_CM4F_L.lib(gui_core.o)
    0x08017058   0x00000044   Data   RO         4883    .constdata          GUI_CM4F_L.lib(gui_drawline.o)
    0x0801709c   0x00000018   Data   RO         5039    .constdata          GUI_CM4F_L.lib(guicc_m565.o)
    0x080170b4   0x00000018   Data   RO         5058    .constdata          GUI_CM4F_L.lib(guicc_m888.o)
    0x080170cc   0x0000000c   Data   RO         5089    .constdata          GUI_CM4F_L.lib(lcd.o)
    0x080170d8   0x00000034   Data   RO         5320    .constdata          GUI_CM4F_L.lib(guidrv_lin_24.o)
    0x0801710c   0x00000518   Data   RO         5362    .constdata          GUI_CM4F_L.lib(f6x8.o)
    0x08017624   0x000001c0   Data   RO         5363    .constdata          GUI_CM4F_L.lib(f6x8.o)
    0x080177e4   0x00000008   Data   RO         5364    .constdata          GUI_CM4F_L.lib(f6x8.o)
    0x080177ec   0x00000014   Data   RO         5365    .constdata          GUI_CM4F_L.lib(f6x8.o)
    0x08017800   0x00000024   Data   RO         5366    .constdata          GUI_CM4F_L.lib(f6x8.o)
    0x08017824   0x0000000a   Data   RO         5374    .constdata          GUI_CM4F_L.lib(f10_1.o)
    0x0801782e   0x0000000a   Data   RO         5375    .constdata          GUI_CM4F_L.lib(f10_1.o)
    0x08017838   0x0000000a   Data   RO         5376    .constdata          GUI_CM4F_L.lib(f10_1.o)
    0x08017842   0x0000000a   Data   RO         5377    .constdata          GUI_CM4F_L.lib(f10_1.o)
    0x0801784c   0x0000000a   Data   RO         5378    .constdata          GUI_CM4F_L.lib(f10_1.o)
    0x08017856   0x0000000a   Data   RO         5379    .constdata          GUI_CM4F_L.lib(f10_1.o)
    0x08017860   0x0000000a   Data   RO         5380    .constdata          GUI_CM4F_L.lib(f10_1.o)
    0x0801786a   0x0000000a   Data   RO         5381    .constdata          GUI_CM4F_L.lib(f10_1.o)
    0x08017874   0x0000000a   Data   RO         5382    .constdata          GUI_CM4F_L.lib(f10_1.o)
    0x0801787e   0x0000000a   Data   RO         5383    .constdata          GUI_CM4F_L.lib(f10_1.o)
    0x08017888   0x0000000a   Data   RO         5384    .constdata          GUI_CM4F_L.lib(f10_1.o)
    0x08017892   0x0000000a   Data   RO         5385    .constdata          GUI_CM4F_L.lib(f10_1.o)
    0x0801789c   0x0000000a   Data   RO         5386    .constdata          GUI_CM4F_L.lib(f10_1.o)
    0x080178a6   0x0000000a   Data   RO         5387    .constdata          GUI_CM4F_L.lib(f10_1.o)
    0x080178b0   0x0000000a   Data   RO         5388    .constdata          GUI_CM4F_L.lib(f10_1.o)
    0x080178ba   0x0000000a   Data   RO         5389    .constdata          GUI_CM4F_L.lib(f10_1.o)
    0x080178c4   0x0000000a   Data   RO         5390    .constdata          GUI_CM4F_L.lib(f10_1.o)
    0x080178ce   0x0000000a   Data   RO         5391    .constdata          GUI_CM4F_L.lib(f10_1.o)
    0x080178d8   0x0000000a   Data   RO         5392    .constdata          GUI_CM4F_L.lib(f10_1.o)
    0x080178e2   0x0000000a   Data   RO         5393    .constdata          GUI_CM4F_L.lib(f10_1.o)
    0x080178ec   0x0000000a   Data   RO         5394    .constdata          GUI_CM4F_L.lib(f10_1.o)
    0x080178f6   0x0000000a   Data   RO         5395    .constdata          GUI_CM4F_L.lib(f10_1.o)
    0x08017900   0x0000000a   Data   RO         5396    .constdata          GUI_CM4F_L.lib(f10_1.o)
    0x0801790a   0x0000000a   Data   RO         5397    .constdata          GUI_CM4F_L.lib(f10_1.o)
    0x08017914   0x0000000a   Data   RO         5398    .constdata          GUI_CM4F_L.lib(f10_1.o)
    0x0801791e   0x0000000a   Data   RO         5399    .constdata          GUI_CM4F_L.lib(f10_1.o)
    0x08017928   0x0000000a   Data   RO         5400    .constdata          GUI_CM4F_L.lib(f10_1.o)
    0x08017932   0x0000000a   Data   RO         5401    .constdata          GUI_CM4F_L.lib(f10_1.o)
    0x0801793c   0x00000014   Data   RO         5402    .constdata          GUI_CM4F_L.lib(f10_1.o)
    0x08017950   0x00000014   Data   RO         5403    .constdata          GUI_CM4F_L.lib(f10_1.o)
    0x08017964   0x00000014   Data   RO         5404    .constdata          GUI_CM4F_L.lib(f10_1.o)
    0x08017978   0x0000000a   Data   RO         5405    .constdata          GUI_CM4F_L.lib(f10_1.o)
    0x08017982   0x0000000a   Data   RO         5406    .constdata          GUI_CM4F_L.lib(f10_1.o)
    0x0801798c   0x0000000a   Data   RO         5407    .constdata          GUI_CM4F_L.lib(f10_1.o)
    0x08017996   0x0000000a   Data   RO         5408    .constdata          GUI_CM4F_L.lib(f10_1.o)
    0x080179a0   0x0000000a   Data   RO         5409    .constdata          GUI_CM4F_L.lib(f10_1.o)
    0x080179aa   0x0000000a   Data   RO         5410    .constdata          GUI_CM4F_L.lib(f10_1.o)
    0x080179b4   0x0000000a   Data   RO         5411    .constdata          GUI_CM4F_L.lib(f10_1.o)
    0x080179be   0x00000014   Data   RO         5412    .constdata          GUI_CM4F_L.lib(f10_1.o)
    0x080179d2   0x0000000a   Data   RO         5413    .constdata          GUI_CM4F_L.lib(f10_1.o)
    0x080179dc   0x0000000a   Data   RO         5414    .constdata          GUI_CM4F_L.lib(f10_1.o)
    0x080179e6   0x0000000a   Data   RO         5415    .constdata          GUI_CM4F_L.lib(f10_1.o)
    0x080179f0   0x0000000a   Data   RO         5416    .constdata          GUI_CM4F_L.lib(f10_1.o)
    0x080179fa   0x0000000a   Data   RO         5417    .constdata          GUI_CM4F_L.lib(f10_1.o)
    0x08017a04   0x0000000a   Data   RO         5418    .constdata          GUI_CM4F_L.lib(f10_1.o)
    0x08017a0e   0x0000000a   Data   RO         5419    .constdata          GUI_CM4F_L.lib(f10_1.o)
    0x08017a18   0x0000000a   Data   RO         5420    .constdata          GUI_CM4F_L.lib(f10_1.o)
    0x08017a22   0x0000000a   Data   RO         5421    .constdata          GUI_CM4F_L.lib(f10_1.o)
    0x08017a2c   0x0000000a   Data   RO         5422    .constdata          GUI_CM4F_L.lib(f10_1.o)
    0x08017a36   0x0000000a   Data   RO         5423    .constdata          GUI_CM4F_L.lib(f10_1.o)
    0x08017a40   0x0000000a   Data   RO         5424    .constdata          GUI_CM4F_L.lib(f10_1.o)
    0x08017a4a   0x0000000a   Data   RO         5425    .constdata          GUI_CM4F_L.lib(f10_1.o)
    0x08017a54   0x0000000a   Data   RO         5426    .constdata          GUI_CM4F_L.lib(f10_1.o)
    0x08017a5e   0x0000000a   Data   RO         5427    .constdata          GUI_CM4F_L.lib(f10_1.o)
    0x08017a68   0x0000000a   Data   RO         5428    .constdata          GUI_CM4F_L.lib(f10_1.o)
    0x08017a72   0x0000000a   Data   RO         5429    .constdata          GUI_CM4F_L.lib(f10_1.o)
    0x08017a7c   0x0000000a   Data   RO         5430    .constdata          GUI_CM4F_L.lib(f10_1.o)
    0x08017a86   0x0000000a   Data   RO         5431    .constdata          GUI_CM4F_L.lib(f10_1.o)
    0x08017a90   0x0000000a   Data   RO         5432    .constdata          GUI_CM4F_L.lib(f10_1.o)
    0x08017a9a   0x0000000a   Data   RO         5433    .constdata          GUI_CM4F_L.lib(f10_1.o)
    0x08017aa4   0x0000000a   Data   RO         5434    .constdata          GUI_CM4F_L.lib(f10_1.o)
    0x08017aae   0x0000000a   Data   RO         5435    .constdata          GUI_CM4F_L.lib(f10_1.o)
    0x08017ab8   0x0000000a   Data   RO         5436    .constdata          GUI_CM4F_L.lib(f10_1.o)
    0x08017ac2   0x0000000a   Data   RO         5437    .constdata          GUI_CM4F_L.lib(f10_1.o)
    0x08017acc   0x0000000a   Data   RO         5438    .constdata          GUI_CM4F_L.lib(f10_1.o)
    0x08017ad6   0x0000000a   Data   RO         5439    .constdata          GUI_CM4F_L.lib(f10_1.o)
    0x08017ae0   0x0000000a   Data   RO         5440    .constdata          GUI_CM4F_L.lib(f10_1.o)
    0x08017aea   0x0000000a   Data   RO         5441    .constdata          GUI_CM4F_L.lib(f10_1.o)
    0x08017af4   0x0000000a   Data   RO         5442    .constdata          GUI_CM4F_L.lib(f10_1.o)
    0x08017afe   0x0000000a   Data   RO         5443    .constdata          GUI_CM4F_L.lib(f10_1.o)
    0x08017b08   0x00000014   Data   RO         5444    .constdata          GUI_CM4F_L.lib(f10_1.o)
    0x08017b1c   0x0000000a   Data   RO         5445    .constdata          GUI_CM4F_L.lib(f10_1.o)
    0x08017b26   0x0000000a   Data   RO         5446    .constdata          GUI_CM4F_L.lib(f10_1.o)
    0x08017b30   0x0000000a   Data   RO         5447    .constdata          GUI_CM4F_L.lib(f10_1.o)
    0x08017b3a   0x0000000a   Data   RO         5448    .constdata          GUI_CM4F_L.lib(f10_1.o)
    0x08017b44   0x0000000a   Data   RO         5449    .constdata          GUI_CM4F_L.lib(f10_1.o)
    0x08017b4e   0x0000000a   Data   RO         5450    .constdata          GUI_CM4F_L.lib(f10_1.o)
    0x08017b58   0x0000000a   Data   RO         5451    .constdata          GUI_CM4F_L.lib(f10_1.o)
    0x08017b62   0x0000000a   Data   RO         5452    .constdata          GUI_CM4F_L.lib(f10_1.o)
    0x08017b6c   0x0000000a   Data   RO         5453    .constdata          GUI_CM4F_L.lib(f10_1.o)
    0x08017b76   0x0000000a   Data   RO         5454    .constdata          GUI_CM4F_L.lib(f10_1.o)
    0x08017b80   0x0000000a   Data   RO         5455    .constdata          GUI_CM4F_L.lib(f10_1.o)
    0x08017b8a   0x0000000a   Data   RO         5456    .constdata          GUI_CM4F_L.lib(f10_1.o)
    0x08017b94   0x0000000a   Data   RO         5457    .constdata          GUI_CM4F_L.lib(f10_1.o)
    0x08017b9e   0x0000000a   Data   RO         5458    .constdata          GUI_CM4F_L.lib(f10_1.o)
    0x08017ba8   0x0000000a   Data   RO         5459    .constdata          GUI_CM4F_L.lib(f10_1.o)
    0x08017bb2   0x0000000a   Data   RO         5460    .constdata          GUI_CM4F_L.lib(f10_1.o)
    0x08017bbc   0x0000000a   Data   RO         5461    .constdata          GUI_CM4F_L.lib(f10_1.o)
    0x08017bc6   0x0000000a   Data   RO         5462    .constdata          GUI_CM4F_L.lib(f10_1.o)
    0x08017bd0   0x0000000a   Data   RO         5463    .constdata          GUI_CM4F_L.lib(f10_1.o)
    0x08017bda   0x0000000a   Data   RO         5464    .constdata          GUI_CM4F_L.lib(f10_1.o)
    0x08017be4   0x0000000a   Data   RO         5465    .constdata          GUI_CM4F_L.lib(f10_1.o)
    0x08017bee   0x0000000a   Data   RO         5466    .constdata          GUI_CM4F_L.lib(f10_1.o)
    0x08017bf8   0x0000000a   Data   RO         5467    .constdata          GUI_CM4F_L.lib(f10_1.o)
    0x08017c02   0x0000000a   Data   RO         5468    .constdata          GUI_CM4F_L.lib(f10_1.o)
    0x08017c0c   0x0000000a   Data   RO         5469    .constdata          GUI_CM4F_L.lib(f10_1.o)
    0x08017c16   0x00000002   PAD
    0x08017c18   0x00000300   Data   RO         5470    .constdata          GUI_CM4F_L.lib(f10_1.o)
    0x08017f18   0x0000000c   Data   RO         5471    .constdata          GUI_CM4F_L.lib(f10_1.o)
    0x08017f24   0x00000024   Data   RO         5472    .constdata          GUI_CM4F_L.lib(f10_1.o)
    0x08017f48   0x00000014   Data   RO         5479    .constdata          GUI_CM4F_L.lib(f20_1.o)
    0x08017f5c   0x00000014   Data   RO         5480    .constdata          GUI_CM4F_L.lib(f20_1.o)
    0x08017f70   0x00000028   Data   RO         5481    .constdata          GUI_CM4F_L.lib(f20_1.o)
    0x08017f98   0x00000028   Data   RO         5482    .constdata          GUI_CM4F_L.lib(f20_1.o)
    0x08017fc0   0x00000028   Data   RO         5483    .constdata          GUI_CM4F_L.lib(f20_1.o)
    0x08017fe8   0x00000028   Data   RO         5484    .constdata          GUI_CM4F_L.lib(f20_1.o)
    0x08018010   0x00000014   Data   RO         5485    .constdata          GUI_CM4F_L.lib(f20_1.o)
    0x08018024   0x00000028   Data   RO         5486    .constdata          GUI_CM4F_L.lib(f20_1.o)
    0x0801804c   0x00000014   Data   RO         5487    .constdata          GUI_CM4F_L.lib(f20_1.o)
    0x08018060   0x00000028   Data   RO         5488    .constdata          GUI_CM4F_L.lib(f20_1.o)
    0x08018088   0x00000014   Data   RO         5489    .constdata          GUI_CM4F_L.lib(f20_1.o)
    0x0801809c   0x00000028   Data   RO         5490    .constdata          GUI_CM4F_L.lib(f20_1.o)
    0x080180c4   0x00000028   Data   RO         5491    .constdata          GUI_CM4F_L.lib(f20_1.o)
    0x080180ec   0x00000014   Data   RO         5492    .constdata          GUI_CM4F_L.lib(f20_1.o)
    0x08018100   0x00000028   Data   RO         5493    .constdata          GUI_CM4F_L.lib(f20_1.o)
    0x08018128   0x00000028   Data   RO         5494    .constdata          GUI_CM4F_L.lib(f20_1.o)
    0x08018150   0x00000014   Data   RO         5495    .constdata          GUI_CM4F_L.lib(f20_1.o)
    0x08018164   0x00000028   Data   RO         5496    .constdata          GUI_CM4F_L.lib(f20_1.o)
    0x0801818c   0x00000014   Data   RO         5497    .constdata          GUI_CM4F_L.lib(f20_1.o)
    0x080181a0   0x00000014   Data   RO         5498    .constdata          GUI_CM4F_L.lib(f20_1.o)
    0x080181b4   0x00000014   Data   RO         5499    .constdata          GUI_CM4F_L.lib(f20_1.o)
    0x080181c8   0x00000028   Data   RO         5500    .constdata          GUI_CM4F_L.lib(f20_1.o)
    0x080181f0   0x00000028   Data   RO         5501    .constdata          GUI_CM4F_L.lib(f20_1.o)
    0x08018218   0x00000014   Data   RO         5502    .constdata          GUI_CM4F_L.lib(f20_1.o)
    0x0801822c   0x00000014   Data   RO         5503    .constdata          GUI_CM4F_L.lib(f20_1.o)
    0x08018240   0x00000014   Data   RO         5504    .constdata          GUI_CM4F_L.lib(f20_1.o)
    0x08018254   0x00000014   Data   RO         5505    .constdata          GUI_CM4F_L.lib(f20_1.o)
    0x08018268   0x00000028   Data   RO         5506    .constdata          GUI_CM4F_L.lib(f20_1.o)
    0x08018290   0x00000028   Data   RO         5507    .constdata          GUI_CM4F_L.lib(f20_1.o)
    0x080182b8   0x00000028   Data   RO         5508    .constdata          GUI_CM4F_L.lib(f20_1.o)
    0x080182e0   0x00000028   Data   RO         5509    .constdata          GUI_CM4F_L.lib(f20_1.o)
    0x08018308   0x00000028   Data   RO         5510    .constdata          GUI_CM4F_L.lib(f20_1.o)
    0x08018330   0x00000028   Data   RO         5511    .constdata          GUI_CM4F_L.lib(f20_1.o)
    0x08018358   0x00000028   Data   RO         5512    .constdata          GUI_CM4F_L.lib(f20_1.o)
    0x08018380   0x00000028   Data   RO         5513    .constdata          GUI_CM4F_L.lib(f20_1.o)
    0x080183a8   0x00000028   Data   RO         5514    .constdata          GUI_CM4F_L.lib(f20_1.o)
    0x080183d0   0x00000028   Data   RO         5515    .constdata          GUI_CM4F_L.lib(f20_1.o)
    0x080183f8   0x00000028   Data   RO         5516    .constdata          GUI_CM4F_L.lib(f20_1.o)
    0x08018420   0x0000003c   Data   RO         5517    .constdata          GUI_CM4F_L.lib(f20_1.o)
    0x0801845c   0x00000028   Data   RO         5518    .constdata          GUI_CM4F_L.lib(f20_1.o)
    0x08018484   0x00000028   Data   RO         5519    .constdata          GUI_CM4F_L.lib(f20_1.o)
    0x080184ac   0x00000028   Data   RO         5520    .constdata          GUI_CM4F_L.lib(f20_1.o)
    0x080184d4   0x00000028   Data   RO         5521    .constdata          GUI_CM4F_L.lib(f20_1.o)
    0x080184fc   0x00000028   Data   RO         5522    .constdata          GUI_CM4F_L.lib(f20_1.o)
    0x08018524   0x00000014   Data   RO         5523    .constdata          GUI_CM4F_L.lib(f20_1.o)
    0x08018538   0x00000014   Data   RO         5524    .constdata          GUI_CM4F_L.lib(f20_1.o)
    0x0801854c   0x00000014   Data   RO         5525    .constdata          GUI_CM4F_L.lib(f20_1.o)
    0x08018560   0x00000014   Data   RO         5526    .constdata          GUI_CM4F_L.lib(f20_1.o)
    0x08018574   0x00000028   Data   RO         5527    .constdata          GUI_CM4F_L.lib(f20_1.o)
    0x0801859c   0x00000028   Data   RO         5528    .constdata          GUI_CM4F_L.lib(f20_1.o)
    0x080185c4   0x00000028   Data   RO         5529    .constdata          GUI_CM4F_L.lib(f20_1.o)
    0x080185ec   0x00000028   Data   RO         5530    .constdata          GUI_CM4F_L.lib(f20_1.o)
    0x08018614   0x00000028   Data   RO         5531    .constdata          GUI_CM4F_L.lib(f20_1.o)
    0x0801863c   0x00000028   Data   RO         5532    .constdata          GUI_CM4F_L.lib(f20_1.o)
    0x08018664   0x00000028   Data   RO         5533    .constdata          GUI_CM4F_L.lib(f20_1.o)
    0x0801868c   0x00000028   Data   RO         5534    .constdata          GUI_CM4F_L.lib(f20_1.o)
    0x080186b4   0x00000028   Data   RO         5535    .constdata          GUI_CM4F_L.lib(f20_1.o)
    0x080186dc   0x00000028   Data   RO         5536    .constdata          GUI_CM4F_L.lib(f20_1.o)
    0x08018704   0x00000028   Data   RO         5537    .constdata          GUI_CM4F_L.lib(f20_1.o)
    0x0801872c   0x00000028   Data   RO         5538    .constdata          GUI_CM4F_L.lib(f20_1.o)
    0x08018754   0x00000028   Data   RO         5539    .constdata          GUI_CM4F_L.lib(f20_1.o)
    0x0801877c   0x00000028   Data   RO         5540    .constdata          GUI_CM4F_L.lib(f20_1.o)
    0x080187a4   0x00000028   Data   RO         5541    .constdata          GUI_CM4F_L.lib(f20_1.o)
    0x080187cc   0x00000028   Data   RO         5542    .constdata          GUI_CM4F_L.lib(f20_1.o)
    0x080187f4   0x00000028   Data   RO         5543    .constdata          GUI_CM4F_L.lib(f20_1.o)
    0x0801881c   0x00000028   Data   RO         5544    .constdata          GUI_CM4F_L.lib(f20_1.o)
    0x08018844   0x00000028   Data   RO         5545    .constdata          GUI_CM4F_L.lib(f20_1.o)
    0x0801886c   0x00000028   Data   RO         5546    .constdata          GUI_CM4F_L.lib(f20_1.o)
    0x08018894   0x00000028   Data   RO         5547    .constdata          GUI_CM4F_L.lib(f20_1.o)
    0x080188bc   0x00000028   Data   RO         5548    .constdata          GUI_CM4F_L.lib(f20_1.o)
    0x080188e4   0x00000028   Data   RO         5549    .constdata          GUI_CM4F_L.lib(f20_1.o)
    0x0801890c   0x00000028   Data   RO         5550    .constdata          GUI_CM4F_L.lib(f20_1.o)
    0x08018934   0x00000028   Data   RO         5551    .constdata          GUI_CM4F_L.lib(f20_1.o)
    0x0801895c   0x00000028   Data   RO         5552    .constdata          GUI_CM4F_L.lib(f20_1.o)
    0x08018984   0x00000028   Data   RO         5553    .constdata          GUI_CM4F_L.lib(f20_1.o)
    0x080189ac   0x00000028   Data   RO         5554    .constdata          GUI_CM4F_L.lib(f20_1.o)
    0x080189d4   0x00000014   Data   RO         5555    .constdata          GUI_CM4F_L.lib(f20_1.o)
    0x080189e8   0x00000014   Data   RO         5556    .constdata          GUI_CM4F_L.lib(f20_1.o)
    0x080189fc   0x00000014   Data   RO         5557    .constdata          GUI_CM4F_L.lib(f20_1.o)
    0x08018a10   0x00000014   Data   RO         5558    .constdata          GUI_CM4F_L.lib(f20_1.o)
    0x08018a24   0x00000028   Data   RO         5559    .constdata          GUI_CM4F_L.lib(f20_1.o)
    0x08018a4c   0x00000028   Data   RO         5560    .constdata          GUI_CM4F_L.lib(f20_1.o)
    0x08018a74   0x00000028   Data   RO         5561    .constdata          GUI_CM4F_L.lib(f20_1.o)
    0x08018a9c   0x00000028   Data   RO         5562    .constdata          GUI_CM4F_L.lib(f20_1.o)
    0x08018ac4   0x00000028   Data   RO         5563    .constdata          GUI_CM4F_L.lib(f20_1.o)
    0x08018aec   0x00000028   Data   RO         5564    .constdata          GUI_CM4F_L.lib(f20_1.o)
    0x08018b14   0x00000028   Data   RO         5565    .constdata          GUI_CM4F_L.lib(f20_1.o)
    0x08018b3c   0x00000028   Data   RO         5566    .constdata          GUI_CM4F_L.lib(f20_1.o)
    0x08018b64   0x00000028   Data   RO         5567    .constdata          GUI_CM4F_L.lib(f20_1.o)
    0x08018b8c   0x00000028   Data   RO         5568    .constdata          GUI_CM4F_L.lib(f20_1.o)
    0x08018bb4   0x00000028   Data   RO         5569    .constdata          GUI_CM4F_L.lib(f20_1.o)
    0x08018bdc   0x00000028   Data   RO         5570    .constdata          GUI_CM4F_L.lib(f20_1.o)
    0x08018c04   0x00000028   Data   RO         5571    .constdata          GUI_CM4F_L.lib(f20_1.o)
    0x08018c2c   0x00000028   Data   RO         5572    .constdata          GUI_CM4F_L.lib(f20_1.o)
    0x08018c54   0x00000028   Data   RO         5573    .constdata          GUI_CM4F_L.lib(f20_1.o)
    0x08018c7c   0x00000028   Data   RO         5574    .constdata          GUI_CM4F_L.lib(f20_1.o)
    0x08018ca4   0x00000300   Data   RO         5575    .constdata          GUI_CM4F_L.lib(f20_1.o)
    0x08018fa4   0x0000000c   Data   RO         5576    .constdata          GUI_CM4F_L.lib(f20_1.o)
    0x08018fb0   0x00000024   Data   RO         5577    .constdata          GUI_CM4F_L.lib(f20_1.o)
    0x08018fd4   0x00000018   Data   RO         6024    .constdata          GUI_CM4F_L.lib(guicc_16.o)
    0x08018fec   0x00000010   Data   RO         6034    .constdata          GUI_CM4F_L.lib(gui__divtbl_15_255.o)
    0x08018ffc   0x00000100   Data   RO         6041    .constdata          GUI_CM4F_L.lib(gui__divtbl_255_15.o)
    0x080190fc   0x00000100   Data   RO         6048    .constdata          GUI_CM4F_L.lib(gui__divtbl_255_31.o)
    0x080191fc   0x00000100   Data   RO         6055    .constdata          GUI_CM4F_L.lib(gui__divtbl_255_63.o)
    0x080192fc   0x00000020   Data   RO         6062    .constdata          GUI_CM4F_L.lib(gui__divtbl_31_255.o)
    0x0801931c   0x00000040   Data   RO         6069    .constdata          GUI_CM4F_L.lib(gui__divtbl_63_255.o)
    0x0801935c   0x00000010   Data   RO         6232    .constdata          GUI_CM4F_L.lib(gui_uc_encodenone.o)
    0x0801936c   0x00000018   Data   RO         6249    .constdata          GUI_CM4F_L.lib(guicc_0.o)
    0x08019384   0x00000100   Data   RO         6301    .constdata          GUI_CM4F_L.lib(lcd_mirror.o)
    0x08019484   0x0000000a   Data   RO         6324    .constdata          GUI_CM4F_L.lib(f10_ascii.o)
    0x0801948e   0x0000000a   Data   RO         6325    .constdata          GUI_CM4F_L.lib(f10_ascii.o)
    0x08019498   0x0000000a   Data   RO         6326    .constdata          GUI_CM4F_L.lib(f10_ascii.o)
    0x080194a2   0x0000000a   Data   RO         6327    .constdata          GUI_CM4F_L.lib(f10_ascii.o)
    0x080194ac   0x0000000a   Data   RO         6328    .constdata          GUI_CM4F_L.lib(f10_ascii.o)
    0x080194b6   0x00000014   Data   RO         6329    .constdata          GUI_CM4F_L.lib(f10_ascii.o)
    0x080194ca   0x0000000a   Data   RO         6330    .constdata          GUI_CM4F_L.lib(f10_ascii.o)
    0x080194d4   0x0000000a   Data   RO         6331    .constdata          GUI_CM4F_L.lib(f10_ascii.o)
    0x080194de   0x0000000a   Data   RO         6332    .constdata          GUI_CM4F_L.lib(f10_ascii.o)
    0x080194e8   0x0000000a   Data   RO         6333    .constdata          GUI_CM4F_L.lib(f10_ascii.o)
    0x080194f2   0x0000000a   Data   RO         6334    .constdata          GUI_CM4F_L.lib(f10_ascii.o)
    0x080194fc   0x0000000a   Data   RO         6335    .constdata          GUI_CM4F_L.lib(f10_ascii.o)
    0x08019506   0x0000000a   Data   RO         6336    .constdata          GUI_CM4F_L.lib(f10_ascii.o)
    0x08019510   0x0000000a   Data   RO         6337    .constdata          GUI_CM4F_L.lib(f10_ascii.o)
    0x0801951a   0x0000000a   Data   RO         6338    .constdata          GUI_CM4F_L.lib(f10_ascii.o)
    0x08019524   0x0000000a   Data   RO         6339    .constdata          GUI_CM4F_L.lib(f10_ascii.o)
    0x0801952e   0x0000000a   Data   RO         6340    .constdata          GUI_CM4F_L.lib(f10_ascii.o)
    0x08019538   0x0000000a   Data   RO         6341    .constdata          GUI_CM4F_L.lib(f10_ascii.o)
    0x08019542   0x0000000a   Data   RO         6342    .constdata          GUI_CM4F_L.lib(f10_ascii.o)
    0x0801954c   0x0000000a   Data   RO         6343    .constdata          GUI_CM4F_L.lib(f10_ascii.o)
    0x08019556   0x0000000a   Data   RO         6344    .constdata          GUI_CM4F_L.lib(f10_ascii.o)
    0x08019560   0x0000000a   Data   RO         6345    .constdata          GUI_CM4F_L.lib(f10_ascii.o)
    0x0801956a   0x0000000a   Data   RO         6346    .constdata          GUI_CM4F_L.lib(f10_ascii.o)
    0x08019574   0x0000000a   Data   RO         6347    .constdata          GUI_CM4F_L.lib(f10_ascii.o)
    0x0801957e   0x0000000a   Data   RO         6348    .constdata          GUI_CM4F_L.lib(f10_ascii.o)
    0x08019588   0x0000000a   Data   RO         6349    .constdata          GUI_CM4F_L.lib(f10_ascii.o)
    0x08019592   0x0000000a   Data   RO         6350    .constdata          GUI_CM4F_L.lib(f10_ascii.o)
    0x0801959c   0x0000000a   Data   RO         6351    .constdata          GUI_CM4F_L.lib(f10_ascii.o)
    0x080195a6   0x0000000a   Data   RO         6352    .constdata          GUI_CM4F_L.lib(f10_ascii.o)
    0x080195b0   0x0000000a   Data   RO         6353    .constdata          GUI_CM4F_L.lib(f10_ascii.o)
    0x080195ba   0x0000000a   Data   RO         6354    .constdata          GUI_CM4F_L.lib(f10_ascii.o)
    0x080195c4   0x0000000a   Data   RO         6355    .constdata          GUI_CM4F_L.lib(f10_ascii.o)
    0x080195ce   0x00000014   Data   RO         6356    .constdata          GUI_CM4F_L.lib(f10_ascii.o)
    0x080195e2   0x0000000a   Data   RO         6357    .constdata          GUI_CM4F_L.lib(f10_ascii.o)
    0x080195ec   0x0000000a   Data   RO         6358    .constdata          GUI_CM4F_L.lib(f10_ascii.o)
    0x080195f6   0x0000000a   Data   RO         6359    .constdata          GUI_CM4F_L.lib(f10_ascii.o)
    0x08019600   0x0000000a   Data   RO         6360    .constdata          GUI_CM4F_L.lib(f10_ascii.o)
    0x0801960a   0x0000000a   Data   RO         6361    .constdata          GUI_CM4F_L.lib(f10_ascii.o)
    0x08019614   0x0000000a   Data   RO         6362    .constdata          GUI_CM4F_L.lib(f10_ascii.o)
    0x0801961e   0x0000000a   Data   RO         6363    .constdata          GUI_CM4F_L.lib(f10_ascii.o)
    0x08019628   0x0000000a   Data   RO         6364    .constdata          GUI_CM4F_L.lib(f10_ascii.o)
    0x08019632   0x0000000a   Data   RO         6365    .constdata          GUI_CM4F_L.lib(f10_ascii.o)
    0x0801963c   0x0000000a   Data   RO         6366    .constdata          GUI_CM4F_L.lib(f10_ascii.o)
    0x08019646   0x0000000a   Data   RO         6367    .constdata          GUI_CM4F_L.lib(f10_ascii.o)
    0x08019650   0x0000000a   Data   RO         6368    .constdata          GUI_CM4F_L.lib(f10_ascii.o)
    0x0801965a   0x0000000a   Data   RO         6369    .constdata          GUI_CM4F_L.lib(f10_ascii.o)
    0x08019664   0x0000000a   Data   RO         6370    .constdata          GUI_CM4F_L.lib(f10_ascii.o)
    0x0801966e   0x0000000a   Data   RO         6371    .constdata          GUI_CM4F_L.lib(f10_ascii.o)
    0x08019678   0x0000000a   Data   RO         6372    .constdata          GUI_CM4F_L.lib(f10_ascii.o)
    0x08019682   0x0000000a   Data   RO         6373    .constdata          GUI_CM4F_L.lib(f10_ascii.o)
    0x0801968c   0x0000000a   Data   RO         6374    .constdata          GUI_CM4F_L.lib(f10_ascii.o)
    0x08019696   0x0000000a   Data   RO         6375    .constdata          GUI_CM4F_L.lib(f10_ascii.o)
    0x080196a0   0x0000000a   Data   RO         6376    .constdata          GUI_CM4F_L.lib(f10_ascii.o)
    0x080196aa   0x0000000a   Data   RO         6377    .constdata          GUI_CM4F_L.lib(f10_ascii.o)
    0x080196b4   0x0000000a   Data   RO         6378    .constdata          GUI_CM4F_L.lib(f10_ascii.o)
    0x080196be   0x00000014   Data   RO         6379    .constdata          GUI_CM4F_L.lib(f10_ascii.o)
    0x080196d2   0x0000000a   Data   RO         6380    .constdata          GUI_CM4F_L.lib(f10_ascii.o)
    0x080196dc   0x0000000a   Data   RO         6381    .constdata          GUI_CM4F_L.lib(f10_ascii.o)
    0x080196e6   0x0000000a   Data   RO         6382    .constdata          GUI_CM4F_L.lib(f10_ascii.o)
    0x080196f0   0x0000000a   Data   RO         6383    .constdata          GUI_CM4F_L.lib(f10_ascii.o)
    0x080196fa   0x0000000a   Data   RO         6384    .constdata          GUI_CM4F_L.lib(f10_ascii.o)
    0x08019704   0x0000000a   Data   RO         6385    .constdata          GUI_CM4F_L.lib(f10_ascii.o)
    0x0801970e   0x0000000a   Data   RO         6386    .constdata          GUI_CM4F_L.lib(f10_ascii.o)
    0x08019718   0x0000000a   Data   RO         6387    .constdata          GUI_CM4F_L.lib(f10_ascii.o)
    0x08019722   0x0000000a   Data   RO         6388    .constdata          GUI_CM4F_L.lib(f10_ascii.o)
    0x0801972c   0x0000000a   Data   RO         6389    .constdata          GUI_CM4F_L.lib(f10_ascii.o)
    0x08019736   0x0000000a   Data   RO         6390    .constdata          GUI_CM4F_L.lib(f10_ascii.o)
    0x08019740   0x0000000a   Data   RO         6391    .constdata          GUI_CM4F_L.lib(f10_ascii.o)
    0x0801974a   0x0000000a   Data   RO         6392    .constdata          GUI_CM4F_L.lib(f10_ascii.o)
    0x08019754   0x0000000a   Data   RO         6393    .constdata          GUI_CM4F_L.lib(f10_ascii.o)
    0x0801975e   0x0000000a   Data   RO         6394    .constdata          GUI_CM4F_L.lib(f10_ascii.o)
    0x08019768   0x0000000a   Data   RO         6395    .constdata          GUI_CM4F_L.lib(f10_ascii.o)
    0x08019772   0x0000000a   Data   RO         6396    .constdata          GUI_CM4F_L.lib(f10_ascii.o)
    0x0801977c   0x0000000a   Data   RO         6397    .constdata          GUI_CM4F_L.lib(f10_ascii.o)
    0x08019786   0x0000000a   Data   RO         6398    .constdata          GUI_CM4F_L.lib(f10_ascii.o)
    0x08019790   0x0000000a   Data   RO         6399    .constdata          GUI_CM4F_L.lib(f10_ascii.o)
    0x0801979a   0x0000000a   Data   RO         6400    .constdata          GUI_CM4F_L.lib(f10_ascii.o)
    0x080197a4   0x0000000a   Data   RO         6401    .constdata          GUI_CM4F_L.lib(f10_ascii.o)
    0x080197ae   0x0000000a   Data   RO         6402    .constdata          GUI_CM4F_L.lib(f10_ascii.o)
    0x080197b8   0x0000000a   Data   RO         6403    .constdata          GUI_CM4F_L.lib(f10_ascii.o)
    0x080197c2   0x0000000a   Data   RO         6404    .constdata          GUI_CM4F_L.lib(f10_ascii.o)
    0x080197cc   0x0000000a   Data   RO         6405    .constdata          GUI_CM4F_L.lib(f10_ascii.o)
    0x080197d6   0x0000000a   Data   RO         6406    .constdata          GUI_CM4F_L.lib(f10_ascii.o)
    0x080197e0   0x0000000a   Data   RO         6407    .constdata          GUI_CM4F_L.lib(f10_ascii.o)
    0x080197ea   0x0000000a   Data   RO         6408    .constdata          GUI_CM4F_L.lib(f10_ascii.o)
    0x080197f4   0x0000000a   Data   RO         6409    .constdata          GUI_CM4F_L.lib(f10_ascii.o)
    0x080197fe   0x0000000a   Data   RO         6410    .constdata          GUI_CM4F_L.lib(f10_ascii.o)
    0x08019808   0x00000014   Data   RO         6411    .constdata          GUI_CM4F_L.lib(f10_ascii.o)
    0x0801981c   0x0000000a   Data   RO         6412    .constdata          GUI_CM4F_L.lib(f10_ascii.o)
    0x08019826   0x0000000a   Data   RO         6413    .constdata          GUI_CM4F_L.lib(f10_ascii.o)
    0x08019830   0x0000000a   Data   RO         6414    .constdata          GUI_CM4F_L.lib(f10_ascii.o)
    0x0801983a   0x0000000a   Data   RO         6415    .constdata          GUI_CM4F_L.lib(f10_ascii.o)
    0x08019844   0x0000000a   Data   RO         6416    .constdata          GUI_CM4F_L.lib(f10_ascii.o)
    0x0801984e   0x0000000a   Data   RO         6417    .constdata          GUI_CM4F_L.lib(f10_ascii.o)
    0x08019858   0x0000000a   Data   RO         6418    .constdata          GUI_CM4F_L.lib(f10_ascii.o)
    0x08019862   0x00000002   PAD
    0x08019864   0x00000300   Data   RO         6419    .constdata          GUI_CM4F_L.lib(f10_ascii.o)
    0x08019b64   0x0000000c   Data   RO         6420    .constdata          GUI_CM4F_L.lib(f10_ascii.o)
    0x08019b70   0x00000014   Data   RO         6428    .constdata          GUI_CM4F_L.lib(f20_ascii.o)
    0x08019b84   0x00000014   Data   RO         6429    .constdata          GUI_CM4F_L.lib(f20_ascii.o)
    0x08019b98   0x00000014   Data   RO         6430    .constdata          GUI_CM4F_L.lib(f20_ascii.o)
    0x08019bac   0x00000028   Data   RO         6431    .constdata          GUI_CM4F_L.lib(f20_ascii.o)
    0x08019bd4   0x00000028   Data   RO         6432    .constdata          GUI_CM4F_L.lib(f20_ascii.o)
    0x08019bfc   0x00000028   Data   RO         6433    .constdata          GUI_CM4F_L.lib(f20_ascii.o)
    0x08019c24   0x00000028   Data   RO         6434    .constdata          GUI_CM4F_L.lib(f20_ascii.o)
    0x08019c4c   0x00000014   Data   RO         6435    .constdata          GUI_CM4F_L.lib(f20_ascii.o)
    0x08019c60   0x00000014   Data   RO         6436    .constdata          GUI_CM4F_L.lib(f20_ascii.o)
    0x08019c74   0x00000014   Data   RO         6437    .constdata          GUI_CM4F_L.lib(f20_ascii.o)
    0x08019c88   0x00000014   Data   RO         6438    .constdata          GUI_CM4F_L.lib(f20_ascii.o)
    0x08019c9c   0x00000028   Data   RO         6439    .constdata          GUI_CM4F_L.lib(f20_ascii.o)
    0x08019cc4   0x00000014   Data   RO         6440    .constdata          GUI_CM4F_L.lib(f20_ascii.o)
    0x08019cd8   0x00000014   Data   RO         6441    .constdata          GUI_CM4F_L.lib(f20_ascii.o)
    0x08019cec   0x00000014   Data   RO         6442    .constdata          GUI_CM4F_L.lib(f20_ascii.o)
    0x08019d00   0x00000014   Data   RO         6443    .constdata          GUI_CM4F_L.lib(f20_ascii.o)
    0x08019d14   0x00000028   Data   RO         6444    .constdata          GUI_CM4F_L.lib(f20_ascii.o)
    0x08019d3c   0x00000028   Data   RO         6445    .constdata          GUI_CM4F_L.lib(f20_ascii.o)
    0x08019d64   0x00000028   Data   RO         6446    .constdata          GUI_CM4F_L.lib(f20_ascii.o)
    0x08019d8c   0x00000028   Data   RO         6447    .constdata          GUI_CM4F_L.lib(f20_ascii.o)
    0x08019db4   0x00000028   Data   RO         6448    .constdata          GUI_CM4F_L.lib(f20_ascii.o)
    0x08019ddc   0x00000028   Data   RO         6449    .constdata          GUI_CM4F_L.lib(f20_ascii.o)
    0x08019e04   0x00000028   Data   RO         6450    .constdata          GUI_CM4F_L.lib(f20_ascii.o)
    0x08019e2c   0x00000028   Data   RO         6451    .constdata          GUI_CM4F_L.lib(f20_ascii.o)
    0x08019e54   0x00000028   Data   RO         6452    .constdata          GUI_CM4F_L.lib(f20_ascii.o)
    0x08019e7c   0x00000028   Data   RO         6453    .constdata          GUI_CM4F_L.lib(f20_ascii.o)
    0x08019ea4   0x00000014   Data   RO         6454    .constdata          GUI_CM4F_L.lib(f20_ascii.o)
    0x08019eb8   0x00000014   Data   RO         6455    .constdata          GUI_CM4F_L.lib(f20_ascii.o)
    0x08019ecc   0x00000028   Data   RO         6456    .constdata          GUI_CM4F_L.lib(f20_ascii.o)
    0x08019ef4   0x00000028   Data   RO         6457    .constdata          GUI_CM4F_L.lib(f20_ascii.o)
    0x08019f1c   0x00000028   Data   RO         6458    .constdata          GUI_CM4F_L.lib(f20_ascii.o)
    0x08019f44   0x00000028   Data   RO         6459    .constdata          GUI_CM4F_L.lib(f20_ascii.o)
    0x08019f6c   0x0000003c   Data   RO         6460    .constdata          GUI_CM4F_L.lib(f20_ascii.o)
    0x08019fa8   0x00000028   Data   RO         6461    .constdata          GUI_CM4F_L.lib(f20_ascii.o)
    0x08019fd0   0x00000028   Data   RO         6462    .constdata          GUI_CM4F_L.lib(f20_ascii.o)
    0x08019ff8   0x00000028   Data   RO         6463    .constdata          GUI_CM4F_L.lib(f20_ascii.o)
    0x0801a020   0x00000028   Data   RO         6464    .constdata          GUI_CM4F_L.lib(f20_ascii.o)
    0x0801a048   0x00000028   Data   RO         6465    .constdata          GUI_CM4F_L.lib(f20_ascii.o)
    0x0801a070   0x00000028   Data   RO         6466    .constdata          GUI_CM4F_L.lib(f20_ascii.o)
    0x0801a098   0x00000028   Data   RO         6467    .constdata          GUI_CM4F_L.lib(f20_ascii.o)
    0x0801a0c0   0x00000028   Data   RO         6468    .constdata          GUI_CM4F_L.lib(f20_ascii.o)
    0x0801a0e8   0x00000014   Data   RO         6469    .constdata          GUI_CM4F_L.lib(f20_ascii.o)
    0x0801a0fc   0x00000028   Data   RO         6470    .constdata          GUI_CM4F_L.lib(f20_ascii.o)
    0x0801a124   0x00000028   Data   RO         6471    .constdata          GUI_CM4F_L.lib(f20_ascii.o)
    0x0801a14c   0x00000028   Data   RO         6472    .constdata          GUI_CM4F_L.lib(f20_ascii.o)
    0x0801a174   0x00000028   Data   RO         6473    .constdata          GUI_CM4F_L.lib(f20_ascii.o)
    0x0801a19c   0x00000028   Data   RO         6474    .constdata          GUI_CM4F_L.lib(f20_ascii.o)
    0x0801a1c4   0x00000028   Data   RO         6475    .constdata          GUI_CM4F_L.lib(f20_ascii.o)
    0x0801a1ec   0x00000028   Data   RO         6476    .constdata          GUI_CM4F_L.lib(f20_ascii.o)
    0x0801a214   0x00000028   Data   RO         6477    .constdata          GUI_CM4F_L.lib(f20_ascii.o)
    0x0801a23c   0x00000028   Data   RO         6478    .constdata          GUI_CM4F_L.lib(f20_ascii.o)
    0x0801a264   0x00000028   Data   RO         6479    .constdata          GUI_CM4F_L.lib(f20_ascii.o)
    0x0801a28c   0x00000028   Data   RO         6480    .constdata          GUI_CM4F_L.lib(f20_ascii.o)
    0x0801a2b4   0x00000028   Data   RO         6481    .constdata          GUI_CM4F_L.lib(f20_ascii.o)
    0x0801a2dc   0x00000028   Data   RO         6482    .constdata          GUI_CM4F_L.lib(f20_ascii.o)
    0x0801a304   0x0000003c   Data   RO         6483    .constdata          GUI_CM4F_L.lib(f20_ascii.o)
    0x0801a340   0x00000028   Data   RO         6484    .constdata          GUI_CM4F_L.lib(f20_ascii.o)
    0x0801a368   0x00000028   Data   RO         6485    .constdata          GUI_CM4F_L.lib(f20_ascii.o)
    0x0801a390   0x00000028   Data   RO         6486    .constdata          GUI_CM4F_L.lib(f20_ascii.o)
    0x0801a3b8   0x00000014   Data   RO         6487    .constdata          GUI_CM4F_L.lib(f20_ascii.o)
    0x0801a3cc   0x00000014   Data   RO         6488    .constdata          GUI_CM4F_L.lib(f20_ascii.o)
    0x0801a3e0   0x00000014   Data   RO         6489    .constdata          GUI_CM4F_L.lib(f20_ascii.o)
    0x0801a3f4   0x00000014   Data   RO         6490    .constdata          GUI_CM4F_L.lib(f20_ascii.o)
    0x0801a408   0x00000028   Data   RO         6491    .constdata          GUI_CM4F_L.lib(f20_ascii.o)
    0x0801a430   0x00000014   Data   RO         6492    .constdata          GUI_CM4F_L.lib(f20_ascii.o)
    0x0801a444   0x00000028   Data   RO         6493    .constdata          GUI_CM4F_L.lib(f20_ascii.o)
    0x0801a46c   0x00000028   Data   RO         6494    .constdata          GUI_CM4F_L.lib(f20_ascii.o)
    0x0801a494   0x00000028   Data   RO         6495    .constdata          GUI_CM4F_L.lib(f20_ascii.o)
    0x0801a4bc   0x00000028   Data   RO         6496    .constdata          GUI_CM4F_L.lib(f20_ascii.o)
    0x0801a4e4   0x00000028   Data   RO         6497    .constdata          GUI_CM4F_L.lib(f20_ascii.o)
    0x0801a50c   0x00000014   Data   RO         6498    .constdata          GUI_CM4F_L.lib(f20_ascii.o)
    0x0801a520   0x00000028   Data   RO         6499    .constdata          GUI_CM4F_L.lib(f20_ascii.o)
    0x0801a548   0x00000028   Data   RO         6500    .constdata          GUI_CM4F_L.lib(f20_ascii.o)
    0x0801a570   0x00000014   Data   RO         6501    .constdata          GUI_CM4F_L.lib(f20_ascii.o)
    0x0801a584   0x00000014   Data   RO         6502    .constdata          GUI_CM4F_L.lib(f20_ascii.o)
    0x0801a598   0x00000028   Data   RO         6503    .constdata          GUI_CM4F_L.lib(f20_ascii.o)
    0x0801a5c0   0x00000014   Data   RO         6504    .constdata          GUI_CM4F_L.lib(f20_ascii.o)
    0x0801a5d4   0x00000028   Data   RO         6505    .constdata          GUI_CM4F_L.lib(f20_ascii.o)
    0x0801a5fc   0x00000028   Data   RO         6506    .constdata          GUI_CM4F_L.lib(f20_ascii.o)
    0x0801a624   0x00000028   Data   RO         6507    .constdata          GUI_CM4F_L.lib(f20_ascii.o)
    0x0801a64c   0x00000028   Data   RO         6508    .constdata          GUI_CM4F_L.lib(f20_ascii.o)
    0x0801a674   0x00000028   Data   RO         6509    .constdata          GUI_CM4F_L.lib(f20_ascii.o)
    0x0801a69c   0x00000014   Data   RO         6510    .constdata          GUI_CM4F_L.lib(f20_ascii.o)
    0x0801a6b0   0x00000028   Data   RO         6511    .constdata          GUI_CM4F_L.lib(f20_ascii.o)
    0x0801a6d8   0x00000014   Data   RO         6512    .constdata          GUI_CM4F_L.lib(f20_ascii.o)
    0x0801a6ec   0x00000028   Data   RO         6513    .constdata          GUI_CM4F_L.lib(f20_ascii.o)
    0x0801a714   0x00000028   Data   RO         6514    .constdata          GUI_CM4F_L.lib(f20_ascii.o)
    0x0801a73c   0x00000028   Data   RO         6515    .constdata          GUI_CM4F_L.lib(f20_ascii.o)
    0x0801a764   0x00000014   Data   RO         6516    .constdata          GUI_CM4F_L.lib(f20_ascii.o)
    0x0801a778   0x00000028   Data   RO         6517    .constdata          GUI_CM4F_L.lib(f20_ascii.o)
    0x0801a7a0   0x00000014   Data   RO         6518    .constdata          GUI_CM4F_L.lib(f20_ascii.o)
    0x0801a7b4   0x00000014   Data   RO         6519    .constdata          GUI_CM4F_L.lib(f20_ascii.o)
    0x0801a7c8   0x00000014   Data   RO         6520    .constdata          GUI_CM4F_L.lib(f20_ascii.o)
    0x0801a7dc   0x00000014   Data   RO         6521    .constdata          GUI_CM4F_L.lib(f20_ascii.o)
    0x0801a7f0   0x00000028   Data   RO         6522    .constdata          GUI_CM4F_L.lib(f20_ascii.o)
    0x0801a818   0x000002f8   Data   RO         6523    .constdata          GUI_CM4F_L.lib(f20_ascii.o)
    0x0801ab10   0x0000000c   Data   RO         6524    .constdata          GUI_CM4F_L.lib(f20_ascii.o)
    0x0801ab1c   0x00000074   Data   RO         6549    .constdata          GUI_CM4F_L.lib(guidev_32.o)
    0x0801ab90   0x00000018   Data   RO         7435    .constdata          GUI_CM4F_L.lib(guicc_8888.o)
    0x0801aba8   0x00000018   Data   RO         7530    .constdata          GUI_CM4F_L.lib(guidev_usagebm.o)
    0x0801abc0   0x00000008   Data   RO         7562    .constdata          GUI_CM4F_L.lib(guidev_writetoactiveopaque.o)
    0x0801abc8   0x00000011   Data   RO         7978    .constdata          c_w.l(__printf_flags_wp.o)
    0x0801abd9   0x00000003   PAD
    0x0801abdc   0x00000020   Data   RO         8175    Region$$Table       anon$$obj.o


    Execution Region RW_IRAM1 (Base: 0x20010000, Size: 0x00023cd8, Max: 0x00040000, ABSOLUTE, COMPRESSED[0x000000e0])

    Base Addr    Size         Type   Attr      Idx    E Section Name        Object

    0x20010000   0x0000008c   Data   RW           21    .data               gui_singlethread.o
    0x2001008c   0x0000002e   Data   RW          285    .data               ft5336.o
    0x200100ba   0x00000002   Data   RW          614    .data               stm32746g_discovery_sdram.o
    0x200100bc   0x0000000a   Data   RW          694    .data               stm32746g_discovery_ts.o
    0x200100c6   0x00000002   PAD
    0x200100c8   0x00000014   Data   RW          843    .data               rtx_conf_cm.o
    0x200100dc   0x00000004   Data   RW         3303    .data               system_stm32f7xx.o
    0x200100e0   0x00000014   Data   RW         3352    .data               gui_x_rte.o
    0x200100f4   0x00000028   Data   RW         3446    .data               gui_x_touch.o
    0x2001011c   0x0000002c   Data   RW         3556    .data               lcdconf.o
    0x20010148   0x00000008   Data   RW         3885    .data               RTX_CM4.lib(rt_cmsis.o)
    0x20010150   0x00000008   Data   RW         4422    .data               RTX_CM4.lib(rt_task.o)
    0x20010158   0x00000004   Data   RW         4498    .data               RTX_CM4.lib(rt_time.o)
    0x2001015c   0x00000008   Data   RW         4616    .data               GUI_CM4F_L.lib(guicc_m1555i.o)
    0x20010164   0x00000008   Data   RW         4636    .data               GUI_CM4F_L.lib(guicc_m4444i.o)
    0x2001016c   0x00000008   Data   RW         4655    .data               GUI_CM4F_L.lib(guicc_m8888i.o)
    0x20010174   0x00000030   Data   RW         4678    .data               GUI_CM4F_L.lib(gui__alpha.o)
    0x200101a4   0x00000034   Data   RW         4805    .data               GUI_CM4F_L.lib(gui_core.o)
    0x200101d8   0x00000004   Data   RW         4806    .data               GUI_CM4F_L.lib(gui_core.o)
    0x200101dc   0x00000004   Data   RW         4808    .data               GUI_CM4F_L.lib(gui_core.o)
    0x200101e0   0x00000004   Data   RW         4809    .data               GUI_CM4F_L.lib(gui_core.o)
    0x200101e4   0x00000004   Data   RW         4810    .data               GUI_CM4F_L.lib(gui_core.o)
    0x200101e8   0x00000004   Data   RW         4811    .data               GUI_CM4F_L.lib(gui_core.o)
    0x200101ec   0x00000002   Data   RW         4812    .data               GUI_CM4F_L.lib(gui_core.o)
    0x200101ee   0x00000001   Data   RW         4813    .data               GUI_CM4F_L.lib(gui_core.o)
    0x200101ef   0x00000001   PAD
    0x200101f0   0x00000004   Data   RW         4814    .data               GUI_CM4F_L.lib(gui_core.o)
    0x200101f4   0x00000002   Data   RW         4815    .data               GUI_CM4F_L.lib(gui_core.o)
    0x200101f6   0x00000002   Data   RW         4816    .data               GUI_CM4F_L.lib(gui_core.o)
    0x200101f8   0x00000030   Data   RW         4941    .data               GUI_CM4F_L.lib(gui_multibuf.o)
    0x20010228   0x00000008   Data   RW         4986    .data               GUI_CM4F_L.lib(gui_selectlayer.o)
    0x20010230   0x00000008   Data   RW         5040    .data               GUI_CM4F_L.lib(guicc_m565.o)
    0x20010238   0x00000008   Data   RW         5059    .data               GUI_CM4F_L.lib(guicc_m888.o)
    0x20010240   0x00000004   Data   RW         5090    .data               GUI_CM4F_L.lib(lcd.o)
    0x20010244   0x00000010   Data   RW         5122    .data               GUI_CM4F_L.lib(lcd_color.o)
    0x20010254   0x00000008   Data   RW         5178    .data               GUI_CM4F_L.lib(lcd_getex.o)
    0x2001025c   0x00000008   Data   RW         5597    .data               RTX_CM4.lib(rt_system.o)
    0x20010264   0x00000008   Data   RW         5885    .data               RTX_CM4.lib(rt_robin.o)
    0x2001026c   0x00000001   Data   RW         5965    .data               RTX_CM4.lib(hal_cm.o)
    0x2001026d   0x00000003   PAD
    0x20010270   0x00000004   Data   RW         6146    .data               GUI_CM4F_L.lib(gui_fillpolygon.o)
    0x20010274   0x0000001c   Data   RW         6197    .data               GUI_CM4F_L.lib(gui_task.o)
    0x20010290   0x00000004   Data   RW         6217    .data               GUI_CM4F_L.lib(gui_touch.o)
    0x20010294   0x00000064   Data   RW         6632    .data               GUI_CM4F_L.lib(wm.o)
    0x200102f8   0x00000001   Data   RW         6633    .data               GUI_CM4F_L.lib(wm.o)
    0x200102f9   0x00000003   PAD
    0x200102fc   0x00000018   Data   RW         6730    .data               GUI_CM4F_L.lib(gui__managecache.o)
    0x20010314   0x00000004   Data   RW         6783    .data               GUI_CM4F_L.lib(gui_charline.o)
    0x20010318   0x00000010   Data   RW         6861    .data               GUI_CM4F_L.lib(gui_onkey.o)
    0x20010328   0x00000014   Data   RW         6889    .data               GUI_CM4F_L.lib(gui_pid.o)
    0x2001033c   0x0000000c   Data   RW         6960    .data               GUI_CM4F_L.lib(gui_waitevent.o)
    0x20010348   0x00000004   Data   RW         7026    .data               GUI_CM4F_L.lib(guidev_banding.o)
    0x2001034c   0x00000001   Data   RW         7047    .data               GUI_CM4F_L.lib(guidev_staticdevices.o)
    0x2001034d   0x00000003   PAD
    0x20010350   0x00000004   Data   RW         7088    .data               GUI_CM4F_L.lib(wm__sendmessage.o)
    0x20010354   0x00000014   Data   RW         7186    .data               GUI_CM4F_L.lib(wm_touch.o)
    0x20010368   0x00000014   Data   RW         7406    .data               GUI_CM4F_L.lib(gui_timer.o)
    0x2001037c   0x00000018   Data   RW         7838    .data               GUI_CM4F_L.lib(lcd_aa.o)
    0x20010394   0x00000032   Zero   RW           19    .bss                gui_singlethread.o
    0x200103c6   0x00000002   PAD
    0x200103c8   0x00000098   Zero   RW          409    .bss                stm32746g_discovery.o
    0x20010460   0x00000120   Zero   RW          613    .bss                stm32746g_discovery_sdram.o
    0x20010580   0x00000028   Zero   RW          693    .bss                stm32746g_discovery_ts.o
    0x200105a8   0x00002898   Zero   RW          841    .bss                rtx_conf_cm.o
    0x20012e40   0x00000040   Zero   RW         3350    .bss                gui_x_rte.o
    0x20012e80   0x00020000   Zero   RW         3490    .bss                guiconf.o
    0x20032e80   0x000004e8   Zero   RW         3554    .bss                lcdconf.o
    0x20033368   0x00000034   Zero   RW         4421    .bss                RTX_CM4.lib(rt_task.o)
    0x2003339c   0x000000cc   Zero   RW         4747    .bss                GUI_CM4F_L.lib(gui_alloc.o)
    0x20033468   0x00000070   Zero   RW         4803    .bss                GUI_CM4F_L.lib(gui_core.o)
    0x200334d8   0x0000000c   Zero   RW         5023    .bss                GUI_CM4F_L.lib(gui_touch_storestate.o)
    0x200334e4   0x00000030   Zero   RW         5727    .bss                RTX_CM4.lib(rt_list.o)
    0x20033514   0x00000018   Zero   RW         6145    .bss                GUI_CM4F_L.lib(gui_fillpolygon.o)
    0x2003352c   0x0000000c   Zero   RW         6216    .bss                GUI_CM4F_L.lib(gui_touch.o)
    0x20033538   0x00000018   Zero   RW         6630    .bss                GUI_CM4F_L.lib(wm.o)
    0x20033550   0x00000058   Zero   RW         6860    .bss                GUI_CM4F_L.lib(gui_onkey.o)
    0x200335a8   0x00000048   Zero   RW         6888    .bss                GUI_CM4F_L.lib(gui_pid.o)
    0x200335f0   0x00000048   Zero   RW         7185    .bss                GUI_CM4F_L.lib(wm_touch.o)
    0x20033638   0x00000028   Zero   RW         7238    .bss                GUI_CM4F_L.lib(gui_curs1.o)
    0x20033660   0x00000018   Zero   RW         7666    .bss                GUI_CM4F_L.lib(wm_pid__getprevstate.o)
    0x20033678   0x00000060   Zero   RW         7951    .bss                c_w.l(libspace.o)
    0x200336d8   0x00000200   Zero   RW         3291    HEAP                startup_stm32f746xx.o
    0x200338d8   0x00000400   Zero   RW         3290    STACK               startup_stm32f746xx.o



  Load Region LR$$.ARM.__AT_0x20000000 (Base: 0x20000000, Size: 0x00000000, Max: 0x00005a00, ABSOLUTE)

    Execution Region ER$$.ARM.__AT_0x20000000 (Base: 0x20000000, Size: 0x00005a00, Max: 0x00005a00, ABSOLUTE, UNINIT)

    Base Addr    Size         Type   Attr      Idx    E Section Name        Object

    0x20000000   0x00005a00   Zero   RW         3552    .ARM.__AT_0x20000000  lcdconf.o



  Load Region LR$$.ARM.__AT_0xC0000000 (Base: 0xc0000000, Size: 0x00000000, Max: 0x0005fa00, ABSOLUTE)

    Execution Region ER$$.ARM.__AT_0xC0000000 (Base: 0xc0000000, Size: 0x0005fa00, Max: 0x0005fa00, ABSOLUTE, UNINIT)

    Base Addr    Size         Type   Attr      Idx    E Section Name        Object

    0xc0000000   0x0005fa00   Zero   RW         3553    .ARM.__AT_0xC0000000  lcdconf.o


==============================================================================

Image component sizes


      Code (inc. data)   RO Data    RW Data    ZI Data      Debug   Object Name

       900         52          0         46          0      17839   ft5336.o
      1980        354      24532        140         50     910730   gui_singlethread.o
       176         38         20         20         64       5841   gui_x_rte.o
       516         56          0         40          0       5235   gui_x_touch.o
        28          8          0          0     131072        539   guiconf.o
       368         42          0          0          0       2646   lcd_x.o
      3916        520          8         44     415976      38291   lcdconf.o
       280        136        104         20      10392       9483   rtx_conf_cm.o
        64         26        456          0       1536        876   startup_stm32f746xx.o
       676         48          0          0        152       8344   stm32746g_discovery.o
       748         66          0          2        288       4744   stm32746g_discovery_sdram.o
       768         62          0         10         40       5854   stm32746g_discovery_ts.o
       108         10          0          0          0       3236   stm32f7xx_hal.o
       504         38          0          0          0      41709   stm32f7xx_hal_cortex.o
       568         10          8          0          0       3764   stm32f7xx_hal_dma.o
       548         52          0          0          0       2576   stm32f7xx_hal_gpio.o
      1922         24          0          0          0      14568   stm32f7xx_hal_i2c.o
      2178         12          0          0          0      14228   stm32f7xx_hal_ltdc.o
       144          8          0          0          0       1392   stm32f7xx_hal_pwr_ex.o
      1872         40          0          0          0       3960   stm32f7xx_hal_rcc.o
      2328         26          0          0          0       2376   stm32f7xx_hal_rcc_ex.o
       164          0          0          0          0       3516   stm32f7xx_hal_sdram.o
       368          4          0          0          0       3740   stm32f7xx_ll_fmc.o
       100         18         24          4          0       1387   system_stm32f7xx.o
        88          0          0          0          0       2096   touch_746g_discovery.o

    ----------------------------------------------------------------------
     21340       1650      25184        328     559572    1108970   Object Totals
         0          0         32          0          0          0   (incl. Generated)
        28          0          0          2          2          0   (incl. Padding)

    ----------------------------------------------------------------------

      Code (inc. data)   RO Data    RW Data    ZI Data      Debug   Library Member Name

         0          0       1826          0          0          0   f10_1.o
         0          0       1770          0          0          0   f10_ascii.o
         0          0       4236          0          0          0   f20_1.o
         0          0       4012          0          0          0   f20_ascii.o
         0          0       1816          0          0          0   f6x8.o
       128          4          0          0          0        132   gui_2dlib.o
       898         56          0         48          0       1148   gui__alpha.o
       664          0          0          0          0        384   gui__compactpixelindices.o
         0          0         16          0          0          0   gui__divtbl_15_255.o
         0          0        256          0          0          0   gui__divtbl_255_15.o
         0          0        256          0          0          0   gui__divtbl_255_31.o
         0          0        256          0          0          0   gui__divtbl_255_63.o
         0          0         32          0          0          0   gui__divtbl_31_255.o
         0          0         64          0          0          0   gui__divtbl_63_255.o
       322          0          0          0          0        156   gui__expandpixelindices.o
        58          0          0          0          0        116   gui__intersectrect.o
        82          0          0          0          0        128   gui__intersectrects.o
       228          8          0         24          0        252   gui__managecache.o
        76          0          0          0          0        124   gui__memset.o
      1742         90          0          0        204       2632   gui_alloc.o
        46          0          0          0          0        128   gui_alloc_alloczero.o
        60          0          0          0          0        124   gui_calccolordist.o
       164         20          0          0          0        500   gui_char.o
       458         36          0          4          0        760   gui_charline.o
       394         12          0          0          0        492   gui_charm.o
       316         10          0          0          0        624   gui_charp.o
       188          4          0          0          0        140   gui_circ.o
       480         66          8         83        112       1120   gui_core.o
       120          6          0          0         40        136   gui_curs1.o
       370         22          0          0          0        984   gui_device.o
       264          4          0          0          0        136   gui_dispstring.o
        40          6          0          0          0        136   gui_dispstringat.o
      1192         34         68          0          0       1312   gui_drawline.o
        32          4          0          0          0        116   gui_drawpoint.o
        68          8          0          0          0        248   gui_exec.o
       532         22          0          4         24        272   gui_fillpolygon.o
       160          0          0          0          0        248   gui_getbitmappixelindex.o
        48          0          0          0          0        248   gui_getcolor.o
        24          4          0          0          0        124   gui_getdrawmode.o
        54         10          0          0          0        252   gui_getorg.o
        66         12          0          0          0        360   gui_goto.o
        88          0          0          0          0        124   gui_mergerect.o
        30          0          0          0          0        116   gui_moverect.o
        44          6          0         48          0        116   gui_multibuf.o
       102         12          0         16         88        476   gui_onkey.o
        28          4          0          0          0        128   gui_pen.o
       312         56          0         20         72        860   gui_pid.o
        56          0          0          0          0        116   gui_rectsintersect.o
        32         10          0          0          0        232   gui_savecontext.o
       148         14          0          8          0        500   gui_selectlayer.o
        26          0          0          0          0        128   gui_selectlcd.o
        36          4          0          0          0        124   gui_setalpha.o
        44          0          0          0          0        256   gui_setcolor.o
        64          6          0          0          0        128   gui_setdefault.o
        24          0          0          0          0        124   gui_setdrawmode.o
        32          6          0          0          0        128   gui_setfont.o
        28          4          0          0          0        128   gui_setlinestyle.o
        64         16          0          0          0        136   gui_setorg.o
        32          6          0          0          0        128   gui_settextalign.o
        32          6          0          0          0        128   gui_settextmode.o
      1836         20          0          0          0       1264   gui_sprite.o
       376         42          0         28          0        764   gui_task.o
       354         14          0         20          0        772   gui_timer.o
        84         10          0          4         12        128   gui_touch.o
        36          6          0          0         12        116   gui_touch_storestate.o
        84         10          0          0          0        264   gui_uc.o
        18          0         16          0          0        464   gui_uc_encodenone.o
        16          4          0         12          0        116   gui_waitevent.o
       198          0         24          0          0        388   guicc_0.o
       172          0         24          0          0        376   guicc_16.o
       228         36         24          0          0        636   guicc_1616i.o
       190          0         24          0          0        356   guicc_8666.o
       194         18         24          0          0        636   guicc_88666i.o
        36          0         24          0          0        480   guicc_8888.o
         2          0          0          0          0        116   guicc_8888_index2color.o
         2          0          0          0          0        116   guicc_888_index2color.o
       290         32         24          8          0        768   guicc_m1555i.o
       312         22         24          8          0        768   guicc_m4444i.o
       258         46         24          8          0        652   guicc_m565.o
       142         16         24          8          0        636   guicc_m888.o
       184         12         24          8          0        644   guicc_m8888i.o
        30          0          0          0          0        124   guicc_m8888i_index2color.o
        20          0          0          0          0        116   guicc_m888_index2color.o
       806         40          0          0          0       1064   guidev.o
      2374         62        116          0          0       2256   guidev_32.o
       352         12          0          4          0        264   guidev_banding.o
        68          4          0          0          0        124   guidev_clear.o
        40          0          0          0          0        128   guidev_getdataptr.o
        52          6          0          0          0        128   guidev_getysize.o
        56          4          0          0          0        128   guidev_reduceysize.o
       100          4          0          0          0        128   guidev_setorg.o
       358         20          0          1          0        284   guidev_staticdevices.o
        84          0          0          0          0        260   guidev_usage.o
       424          4         24          0          0        748   guidev_usagebm.o
       116          4          0          0          0        244   guidev_write.o
       416         22          0          0          0        272   guidev_writetoactivealpha.o
      1854         18          8          0          0        732   guidev_writetoactiveopaque.o
      5414        182         52          0          0       4536   guidrv_lin_24.o
      1730        118         12          4          0       2300   lcd.o
       116         16          0         24          0        244   lcd_aa.o
       276         30          0         16          0        748   lcd_color.o
        32         12          0          0          0        232   lcd_getcolorindex.o
       474         54          0          8          0       3296   lcd_getex.o
        26          0          0          0          0        128   lcd_getnumdisplays.o
         0          0        256          0          0          0   lcd_mirror.o
       504         18          0          0          0        280   lcd_readrect.o
        64          8          0          0          0        128   lcd_selectlcd.o
       304          0          0          0          0        920   lcd_set.o
        48         10          0          0          0        128   lcd_setcliprectex.o
        36          4          0          0          0        128   lcd_updatecolorindices.o
      4766        246          0        101         24       6584   wm.o
        18          0          0          0          0        124   wm__getfirstsibling.o
        36          0          0          0          0        128   wm__getprevsibling.o
        34          0          0          0          0        128   wm__isancestor.o
        22          0          0          0          0        124   wm__isenabled.o
        60          6          0          4          0        136   wm__sendmessage.o
        28          0          0          0          0        140   wm__sendmessageifenabled.o
        38          0          0          0          0        128   wm__sendmessagenopara.o
       220          0          0          0          0        144   wm__updatechildpositions.o
       136          0          0          0          0        140   wm_bringtobottom.o
        60         12          0          0          0        232   wm_criticalhandle.o
        32          0          0          0          0        128   wm_getclientrect.o
        24         10          0          0          0        116   wm_getdesktopwindow.o
        20          4          0          0          0        116   wm_getdesktopwindowex.o
        26          0          0          0          0        124   wm_getfirstchild.o
        32          0          0          0          0        128   wm_getorg.o
        26          0          0          0          0        124   wm_getparent.o
        24          0          0          0          0        124   wm_iswindow.o
       294          0          0          0          0        416   wm_move.o
        16          0          0          0          0        124   wm_notifyparent.o
        64          8          0          0          0        136   wm_onkey.o
        24          6          0          0         24        116   wm_pid__getprevstate.o
       244          0          0          0          0        136   wm_resizewindow.o
       204          6          0          0          0        516   wm_screen2win.o
        26          0          0          0          0        136   wm_sendmessagenopara.o
        38          0          0          0          0        140   wm_sendtoparent.o
        62          8          0          0          0        256   wm_setcapture.o
        72          0          0          0          0        132   wm_setsize.o
       124          0          0          0          0        260   wm_timer.o
      1128         46          0         20         72        536   wm_touch.o
       268         24          0          1          0       4524   hal_cm.o
       408         34          0          0          0        824   hal_cm4.o
      1672        196          0          8          0      44178   rt_cmsis.o
        80          4          0          0          0        709   rt_event.o
       530         34          0          0         48       8685   rt_list.o
       554         10          0          0          0       4237   rt_mailbox.o
       140          0          0          0          0       2069   rt_membox.o
       128          0          0          0          0       2451   rt_memory.o
       352         14          0          0          0       2249   rt_mutex.o
        96         22          0          8          0       1254   rt_robin.o
        52          4          0          0          0        621   rt_semaphore.o
       298         52          0          8          0       6511   rt_system.o
      1216        174          0          8         52      10129   rt_task.o
         6          0          0          4          0        700   rt_time.o
         4          4          0          0          0        208   svc_table.o
        90          0          0          0          0          0   __dczerorl2.o
         8          0          0          0          0         68   __main.o
       312          4         17          0          0         92   __printf_flags_wp.o
        14          0          0          0          0         68   __printf_wp.o
         0          0          0          0          0          0   __rtentry.o
        20          0          0          0          0          0   __rtentry2.o
         6          0          0          0          0          0   __rtentry4.o
        52          8          0          0          0          0   __scatter.o
        28          0          0          0          0          0   __scatter_zi.o
        48          6          0          0          0         96   _printf_char_common.o
         6          0          0          0          0          0   _printf_d.o
       120         16          0          0          0         92   _printf_dec.o
       178          0          0          0          0         88   _printf_intcommon.o
        78          0          0          0          0        108   _printf_pad.o
         0          0          0          0          0          0   _printf_percent.o
         4          0          0          0          0          0   _printf_percent_end.o
        10          0          0          0          0         68   _sputc.o
        16          0          0          0          0         68   aeabi_memset.o
        18          0          0          0          0         80   exit.o
         6          0          0          0          0        152   heapauxi.o
         0          0          0          0          0          0   indicate_semi.o
         2          0          0          0          0          0   libinit.o
         6          0          0          0          0          0   libinit2.o
         2          0          0          0          0          0   libshutdown.o
         2          0          0          0          0          0   libshutdown2.o
         8          4          0          0         96         68   libspace.o
       238          0          0          0          0        100   lludivv7m.o
        88          0          0          0          0         76   memcmp.o
        40          6          0          0          0         84   noretval__2sprintf.o
        68          0          0          0          0         68   rt_memclr.o
        78          0          0          0          0         80   rt_memclr_w.o
       138          0          0          0          0         68   rt_memcpy_v6.o
       100          0          0          0          0         80   rt_memcpy_w.o
       132          0          0          0          0         68   rt_memmove_v6.o
       122          0          0          0          0         80   rt_memmove_w.o
         2          0          0          0          0          0   rtexit.o
        10          0          0          0          0          0   rtexit2.o
        12          4          0          0          0         68   sys_exit.o
        74          0          0          0          0         80   sys_stackheap_outer.o
         2          0          0          0          0         68   use_no_semi.o
        10          0          0          0          0        116   fpinit.o

    ----------------------------------------------------------------------
     47652       2500      15388        588        880     151341   Library Totals
       120          0          7         10          0          0   (incl. Padding)

    ----------------------------------------------------------------------

      Code (inc. data)   RO Data    RW Data    ZI Data      Debug   Library Name

     39580       1880      15364        541        684      59908   GUI_CM4F_L.lib
      5804        572          0         37        100      89349   RTX_CM4.lib
      2138         48         17          0         96       1968   c_w.l
        10          0          0          0          0        116   fz_wm.l

    ----------------------------------------------------------------------
     47652       2500      15388        588        880     151341   Library Totals

    ----------------------------------------------------------------------

==============================================================================


      Code (inc. data)   RO Data    RW Data    ZI Data      Debug   

     68992       4150      40572        916     560452    1186171   Grand Totals
     68992       4150      40572        224     560452    1186171   ELF Image Totals (compressed)
     68992       4150      40572        224          0          0   ROM Totals

==============================================================================

    Total RO  Size (Code + RO Data)               109564 ( 107.00kB)
    Total RW  Size (RW Data + ZI Data)            561368 ( 548.21kB)
    Total ROM Size (Code + RO Data + RW Data)     109788 ( 107.21kB)

==============================================================================

